******************************************************************************
                  TI ARM Linker PC v18.1.4                     
******************************************************************************
>> Linked Wed Jan 16 22:24:21 2019

OUTPUT FILE NAME:   <HVAC_un_hilo.out>
ENTRY POINT SYMBOL: "_c_int00"  address: 00004261


MEMORY CONFIGURATION

         name            origin    length      used     unused   attr    fill
----------------------  --------  ---------  --------  --------  ----  --------
  MAIN                  00000000   00040000  000067f5  0003980b  R  X
  INFO                  00200000   00004000  00000000  00004000  R  X
  SRAM_CODE             01000000   00010000  00004e6a  0000b196  RW X
  SRAM_DATA             20000000   00010000  00004e6a  0000b196  RW  


SEGMENT ALLOCATION MAP

run origin  load origin   length   init length attrs members
----------  ----------- ---------- ----------- ----- -------
00000000    00000000    00006800   00006800    r-x
  00000000    00000000    0000003c   0000003c    r-- .resetVecs
  00000040    00000040    0000607a   0000607a    r-x .text
  000060bc    000060bc    00000547   00000547    r-- .const
  00006608    00006608    000001f8   000001f8    r-- .cinit
20000140    20000140    00000846   00000000    rw-
  20000140    20000140    000004b4   00000000    rw- .data
  200005f8    200005f8    0000038e   00000000    rw- .bss
20001000    20001000    000000e8   00000000    rw-
  20001000    20001000    000000e8   00000000    rw- .vtable
200010e8    200010e8    00004000   00000000    r--
  200010e8    200010e8    00004000   00000000    r-- .priheap
2000fc00    2000fc00    00000400   00000000    rw-
  2000fc00    2000fc00    00000400   00000000    rw- .stack


SECTION ALLOCATION MAP

 output                                  attributes/
section   page    origin      length       input sections
--------  ----  ----------  ----------   ----------------
.text      0    00000040    0000607a     
                  00000040    00000a5e     rtsv7M4_T_le_v4SPD16_eabi.lib : _printfi.c.obj (.text:__TI_printfi)
                  00000a9e    0000028a     msp432p4xx_driverlib.lib : pcm.o (.text:__PCM_setPowerStateAdvanced)
                  00000d28    00000270     rtsv7M4_T_le_v4SPD16_eabi.lib : _printfi.c.obj (.text:_pconv_a)
                  00000f98    000001d0                                   : _printfi.c.obj (.text:_pconv_g)
                  00001168    000001b6                                   : fd_add_t2.asm.obj (.text)
                  0000131e    00000002     system_msp432p401r.obj (.text:Power_idleFunc)
                  00001320    0000015c     msp432p4xx_driverlib.lib : pcm.o (.text:__PCM_setPowerModeAdvanced)
                  0000147c    00000158     HVAC_IO.obj (.text:HVAC_PrintState)
                  000015d4    0000013c     rtsv7M4_T_le_v4SPD16_eabi.lib : _printfi.c.obj (.text:_pconv_e)
                  00001710    00000138     HVAC_IO.obj (.text:HVAC_ActualizarEntradas)
                  00001848    00000136     rtsv7M4_T_le_v4SPD16_eabi.lib : fd_div_t2.asm.obj (.text)
                  0000197e    00000002                                   : _lock.c.obj (.text:_nop)
                  00001980    00000130     sysbios.aem4f : BIOS.obj (.text:ti_sysbios_knl_Semaphore_pend__E)
                  00001ab0    00000124     rtsv7M4_T_le_v4SPD16_eabi.lib : _printfi.c.obj (.text:fcvt)
                  00001bd4    00000110                                   : s_scalbn.c.obj (.text:scalbn)
                  00001ce4    00000108     msp432p4xx_driverlib.lib : pcm.o (.text:__PCM_setCoreVoltageLevelAdvanced)
                  00001dec    00000004                              : cpu.o (.text:CPU_wfi)
                  00001df0    00000108     sysbios.aem4f : BIOS.obj (.text:ti_sysbios_knl_Task_postInit__I)
                  00001ef8    00000108                   : BIOS.obj (.text:xdc_runtime_Startup_startMods__I)
                  00002000    00000104                   : BIOS.obj (.text:ti_sysbios_knl_Task_Instance_finalize__E)
                  00002104    000000fc     GPIO_MSP432.obj (.text:GPIO_setBitIO)
                  00002200    000000fc     rtsv7M4_T_le_v4SPD16_eabi.lib : fd_mul_t2.asm.obj (.text)
                  000022fc    00000004     release_pem4f.oem4f (.text:ti_sysbios_family_arm_m3_TaskSupport_Module__startupDone__S)
                  00002300    000000fc     sysbios.aem4f : BIOS.obj (.text:ti_sysbios_family_arm_m3_TaskSupport_buildTaskStack)
                  000023fc    00000002     rtsv7M4_T_le_v4SPD16_eabi.lib : div0.asm.obj (.text)
                  000023fe    00000002     release_pem4f.oem4f (.text:ti_sysbios_BIOS_nullFunc__I)
                  00002400    000000f8     sysbios.aem4f : BIOS.obj (.text:ti_sysbios_family_arm_msp432_init_Boot_configureClocksHigh)
                  000024f8    000000f4                   : m3_Hwi_asm.obj (.text:ti_sysbios_family_arm_m3_Hwi_dispatch__I)
                  000025ec    00000004     --HOLE-- [fill = 0]
                  000025f0    000000f4                   : BIOS.obj (.text:ti_sysbios_knl_Task_Instance_init__E)
                  000026e4    00000004     --HOLE-- [fill = 0]
                  000026e8    000000ec                   : BIOS.obj (.text:pthread_create)
                  000027d4    00000004     --HOLE-- [fill = 0]
                  000027d8    000000d0                   : BIOS.obj (.text:ti_sysbios_heaps_HeapMem_alloc__E)
                  000028a8    000000c8     system_msp432p401r.obj (.text:SystemInit)
                  00002970    000000c4     sysbios.aem4f : BIOS.obj (.text:ti_sysbios_knl_Task_sleep__E)
                  00002a34    000000b1     rtsv7M4_T_le_v4SPD16_eabi.lib : _printfi.c.obj (.text:_ltostr)
                  00002ae5    00000003     --HOLE-- [fill = 0]
                  00002ae8    000000aa     sysbios.aem4f : BIOS.obj (.text:xdc_runtime_Core_createObject__I)
                  00002b92    00000006     --HOLE-- [fill = 0]
                  00002b98    000000a8                   : BIOS.obj (.text:ti_sysbios_family_arm_msp432_Timer_periodicStub__E)
                  00002c40    000000a4                   : BIOS.obj (.text:ti_sysbios_knl_Task_setPri__E)
                  00002ce4    000000a0     auto_init.aem4f : auto_init.oem4f (.text)
                  00002d84    0000009c     HVAC_IO.obj (.text:HVAC_InicialiceIO)
                  00002e20    0000009c     rtsv7M4_T_le_v4SPD16_eabi.lib : memcpy_t2.asm.obj (.text)
                  00002ebc    00000096                                   : ull_div_t2.asm.obj (.text)
                  00002f52    00000006     --HOLE-- [fill = 0]
                  00002f58    00000094     sysbios.aem4f : BIOS.obj (.text:_pthread_removeThreadKeys)
                  00002fec    00000004     --HOLE-- [fill = 0]
                  00002ff0    00000094                   : BIOS.obj (.text:ti_sysbios_family_arm_m3_Hwi_initNVIC__E)
                  00003084    00000004     --HOLE-- [fill = 0]
                  00003088    00000094                   : BIOS.obj (.text:ti_sysbios_knl_Task_exit__E)
                  0000311c    00000090     GPIO_MSP432.obj (.text:GPIO_setOutput)
                  000031ac    00000090     HVAC_IO.obj (.text:HVAC_Heartbeat)
                  0000323c    00000004     --HOLE-- [fill = 0]
                  00003240    00000090     sysbios.aem4f : BIOS.obj (.text:ti_sysbios_knl_Task_Module_startup__E)
                  000032d0    0000008c     HVAC_IO.obj (.text:HVAC_ActualizarSalidas)
                  0000335c    00000004     --HOLE-- [fill = 0]
                  00003360    0000008c     sysbios.aem4f : BIOS.obj (.text:xdc_runtime_Memory_alloc__E)
                  000033ec    00000086     rtsv7M4_T_le_v4SPD16_eabi.lib : fd_cmp_t2.asm.obj (.text:__aeabi_cdcmple)
                  00003472    00000086                                   : fd_cmp_t2.asm.obj (.text:__aeabi_cdrcmple)
                  000034f8    00000086     sysbios.aem4f : BIOS.obj (.text:xdc_runtime_Core_constructObject__I)
                  0000357e    00000002     --HOLE-- [fill = 0]
                  00003580    00000084     ADC_MSP432.obj (.text:ADC_GetTemperature)
                  00003604    00000084     msp432p4xx_driverlib.lib : pcm.o (.text:PCM_gotoLPM3)
                  00003688    00000084     sysbios.aem4f : BIOS.obj (.text:ti_sysbios_family_arm_m3_Hwi_postInit__I)
                  0000370c    00000004     --HOLE-- [fill = 0]
                  00003710    00000084                   : BIOS.obj (.text:ti_sysbios_heaps_HeapMem_free__E)
                  00003794    00000080     INT_MSP432.obj (.text:Int_enableInterrupt)
                  00003814    00000004     --HOLE-- [fill = 0]
                  00003818    00000080     sysbios.aem4f : BIOS.obj (.text:ti_sysbios_knl_Clock_workFunc__E)
                  00003898    0000007a     rtsv7M4_T_le_v4SPD16_eabi.lib : memset_t2.asm.obj (.text)
                  00003912    00000006     --HOLE-- [fill = 0]
                  00003918    00000070     sysbios.aem4f : BIOS.obj (.text:ti_sysbios_heaps_HeapMem_initPrimary__I)
                  00003988    0000006e     rtsv7M4_T_le_v4SPD16_eabi.lib : _printfi.c.obj (.text:_mcpy)
                  000039f6    00000002     --HOLE-- [fill = 0]
                  000039f8    0000006c     sysbios.aem4f : BIOS.obj (.text:ti_sysbios_knl_Swi_restoreHwi__E)
                  00003a64    00000068     GPIO_MSP432.obj (.text:GPIO_init_board)
                  00003acc    00000068     HVAC_IO.obj (.text:HVAC_Cool)
                  00003b34    00000068     UART_MSP432.obj (.text:UART_init)
                  00003b9c    00000068     rtsv7M4_T_le_v4SPD16_eabi.lib : copy_decompress_lzss.c.obj (.text:decompress:lzss:__TI_decompress_lzss)
                  00003c04    00000004     --HOLE-- [fill = 0]
                  00003c08    00000066     sysbios.aem4f : BIOS.obj (.text:xdc_runtime_Core_deleteObject__I)
                  00003c6e    00000002     --HOLE-- [fill = 0]
                  00003c70    00000064     rtsv7M4_T_le_v4SPD16_eabi.lib : s_frexp.c.obj (.text:frexp)
                  00003cd4    00000064     Threads.obj (.text:main)
                  00003d38    00000064     sysbios.aem4f : BIOS.obj (.text:ti_sysbios_family_arm_m3_Hwi_dispatchC__I)
                  00003d9c    00000004     --HOLE-- [fill = 0]
                  00003da0    00000060                   : BIOS.obj (.text:pthread_exit)
                  00003e00    00000060                   : BIOS.obj (.text:ti_sysbios_knl_Semaphore_post__E)
                  00003e60    00000060                   : BIOS.obj (.text:ti_sysbios_knl_Swi_run__I)
                  00003ec0    00000060     release_pem4f.oem4f (.text:ti_sysbios_knl_Task_create)
                  00003f20    0000005e     msp432p4xx_driverlib.lib : pcm.o (.text:PCM_getCoreVoltageLevel)
                  00003f7e    00000002     --HOLE-- [fill = 0]
                  00003f80    0000005c     HVAC_IO.obj (.text:HVAC_Heat)
                  00003fdc    0000005c     INT_MSP432.obj (.text:Int_registerInterrupt)
                  00004038    0000005c     sysbios.aem4f : BIOS.obj (.text:ti_sysbios_knl_Swi_schedule__I)
                  00004094    00000004     --HOLE-- [fill = 0]
                  00004098    0000005c                   : BIOS.obj (.text:ti_sysbios_knl_Task_startCore__E)
                  000040f4    00000004     --HOLE-- [fill = 0]
                  000040f8    0000005c                   : BIOS.obj (.text:xdc_runtime_Startup_exec__E)
                  00004154    0000005a     msp432p4xx_driverlib.lib : pcm.o (.text:PCM_getPowerMode)
                  000041ae    00000002     --HOLE-- [fill = 0]
                  000041b0    00000058     UART_MSP432.obj (.text:UART_clck_source)
                  00004208    00000058     UART_MSP432.obj (.text:UART_set_baud_rate)
                  00004260    00000058     boot.aem4f : boot.oem4f (.text)
                  000042b8    00000058     sysbios.aem4f : m3_Hwi_asm_switch.obj (.text:ti_sysbios_family_arm_m3_Hwi_initStacks__E)
                  00004310    00000056     rtsv7M4_T_le_v4SPD16_eabi.lib : _printfi.c.obj (.text:_pconv_f)
                  00004366    00000002     --HOLE-- [fill = 0]
                  00004368    00000054     msp432p4xx_driverlib.lib : pcm.o (.text:PCM_shutdownDevice)
                  000043bc    00000054     rtsv7M4_T_le_v4SPD16_eabi.lib : ltoa.c.obj (.text:ltoa)
                  00004410    00000054     sysbios.aem4f : BIOS.obj (.text:ti_sysbios_family_arm_msp432_Timer_initDevice__I)
                  00004464    00000004     --HOLE-- [fill = 0]
                  00004468    00000054                   : BIOS.obj (.text:xdc_runtime_Core_assignLabel__I)
                  000044bc    00000052     rtsv7M4_T_le_v4SPD16_eabi.lib : _printfi.c.obj (.text:_ecpy)
                  0000450e    00000002     --HOLE-- [fill = 0]
                  00004510    00000050     sysbios.aem4f : BIOS.obj (.text:ti_sysbios_family_arm_m3_Hwi_Module_startup__E)
                  00004560    0000004c     rtsv7M4_T_le_v4SPD16_eabi.lib : atoi.c.obj (.text:atoi)
                  000045ac    0000004c                                   : cpy_tbl.c.obj (.text:copy_in)
                  000045f8    0000004c     sysbios.aem4f : BIOS.obj (.text:ti_sysbios_family_arm_msp432_Timer_postInit__I)
                  00004644    00000004     --HOLE-- [fill = 0]
                  00004648    0000004c                   : BIOS.obj (.text:ti_sysbios_family_arm_msp432_Timer_start__E)
                  00004694    00000004     --HOLE-- [fill = 0]
                  00004698    0000004c                   : BIOS.obj (.text:ti_sysbios_heaps_HeapMem_getStats__E)
                  000046e4    00000004     --HOLE-- [fill = 0]
                  000046e8    0000004c                   : BIOS.obj (.text:ti_sysbios_knl_Swi_runLoop__I)
                  00004734    00000004     --HOLE-- [fill = 0]
                  00004738    0000004c                   : BIOS.obj (.text:ti_sysbios_knl_Task_allBlockedFunction__I)
                  00004784    00000004     --HOLE-- [fill = 0]
                  00004788    0000004c                   : BIOS.obj (.text:ti_sysbios_knl_Task_schedule__I)
                  000047d4    00000048     rtsv7M4_T_le_v4SPD16_eabi.lib : fd_toi_t2.asm.obj (.text)
                  0000481c    00000004     --HOLE-- [fill = 0]
                  00004820    00000048     sysbios.aem4f : BIOS.obj (.text:ti_sysbios_family_arm_m3_Hwi_enableInterrupt__E)
                  00004868    00000048                   : BIOS.obj (.text:ti_sysbios_knl_Mailbox_Module_startup__E)
                  000048b0    00000048                   : BIOS.obj (.text:xdc_runtime_Core_assignParams__I)
                  000048f8    00000044                   : BIOS.obj (.text:ti_sysbios_family_arm_m3_Hwi_getStackInfo__E)
                  0000493c    00000004     --HOLE-- [fill = 0]
                  00004940    00000044                   : BIOS.obj (.text:ti_sysbios_knl_Swi_post__E)
                  00004984    00000004     --HOLE-- [fill = 0]
                  00004988    00000044                   : BIOS.obj (.text:xdc_runtime_System_atexit__E)
                  000049cc    00000040     ADC_MSP432.obj (.text:ADC_EnableTemperatureSensor)
                  00004a0c    00000040     rtsv7M4_T_le_v4SPD16_eabi.lib : sprintf.c.obj (.text:sprintf)
                  00004a4c    00000004     --HOLE-- [fill = 0]
                  00004a50    00000040     sysbios.aem4f : BIOS.obj (.text:ti_sysbios_family_arm_m3_TaskSupport_start__E)
                  00004a90    00000040                   : BIOS.obj (.text:ti_sysbios_family_arm_msp432_Timer_Module_startup__E)
                  00004ad0    00000040                   : BIOS.obj (.text:ti_sysbios_family_arm_msp432_Timer_startup__E)
                  00004b10    00000040     release_pem4f.oem4f (.text:ti_sysbios_gates_GateHwi_Object__create__S)
                  00004b50    00000040     release_pem4f.oem4f (.text:ti_sysbios_gates_GateMutex_Object__create__S)
                  00004b90    00000040     sysbios.aem4f : BIOS.obj (.text:ti_sysbios_heaps_HeapMem_Instance_init__E)
                  00004bd0    00000040     release_pem4f.oem4f (.text:ti_sysbios_heaps_HeapMem_Object__create__S)
                  00004c10    0000003e     rtsv7M4_T_le_v4SPD16_eabi.lib : _printfi.c.obj (.text:_fcpy)
                  00004c4e    00000002     --HOLE-- [fill = 0]
                  00004c50    0000003c     ADC_MSP432.obj (.text:ADC_Initialize)
                  00004c8c    0000003c     GPIO_MSP432.obj (.text:GPIO_interruptEdgeSelect)
                  00004cc8    0000003c     sysbios.aem4f : BIOS.obj (.text:ti_sysbios_family_arm_msp432_Seconds_Module_startup__E)
                  00004d04    00000004     --HOLE-- [fill = 0]
                  00004d08    0000003c                   : BIOS.obj (.text:ti_sysbios_knl_Swi_restore__E)
                  00004d44    00000004     --HOLE-- [fill = 0]
                  00004d48    0000003c                   : BIOS.obj (.text:usleep)
                  00004d84    00000004     --HOLE-- [fill = 0]
                  00004d88    0000003c                   : BIOS.obj (.text:xdc_runtime_System_processAtExit__E)
                  00004dc4    00000038     HVAC_IO.obj (.text:INT_SWI)
                  00004dfc    00000038     rtsv7M4_T_le_v4SPD16_eabi.lib : fs_tod_t2.asm.obj (.text)
                  00004e34    00000038     release_pem4f.oem4f (.text:ti_sysbios_knl_Clock_doTick__I)
                  00004e6c    00000034     UART_MSP432.obj (.text:UART_sendByte)
                  00004ea0    00000034     UART_MSP432.obj (.text:UART_set_parity)
                  00004ed4    00000034     release_pem4f.oem4f (.text:ti_sysbios_knl_Semaphore_construct)
                  00004f08    00000032     sysbios.aem4f : BIOS.obj (.text:ti_sysbios_hal_Hwi_initStack)
                  00004f3a    00000002     --HOLE-- [fill = 0]
                  00004f3c    00000030     GPIO_MSP432.obj (.text:GPIO_getInputPinValue)
                  00004f6c    00000030     UART_MSP432.obj (.text:UART_set_location_pin)
                  00004f9c    00000030     release_pem4f.oem4f (.text:ti_sysbios_BIOS_atExitFunc__I)
                  00004fcc    00000030     release_pem4f.oem4f (.text:ti_sysbios_BIOS_rtsLock__I)
                  00004ffc    00000030     release_pem4f.oem4f (.text:ti_sysbios_BIOS_startFunc__I)
                  0000502c    00000030     release_pem4f.oem4f (.text:ti_sysbios_family_arm_m3_Hwi_Object__get__S)
                  0000505c    00000004     --HOLE-- [fill = 0]
                  00005060    00000030     sysbios.aem4f : BIOS.obj (.text:ti_sysbios_gates_GateMutex_enter__E)
                  00005090    00000030     release_pem4f.oem4f (.text:ti_sysbios_heaps_HeapMem_Object__get__S)
                  000050c0    00000030     sysbios.aem4f : BIOS.obj (.text:ti_sysbios_knl_Mailbox_postInit__I)
                  000050f0    00000030     release_pem4f.oem4f (.text:ti_sysbios_knl_Queue_construct)
                  00005120    00000030     sysbios.aem4f : BIOS.obj (.text:ti_sysbios_knl_Semaphore_pendTimeout__I)
                  00005150    00000030     release_pem4f.oem4f (.text:ti_sysbios_knl_Swi_Object__get__S)
                  00005180    00000030     sysbios.aem4f : BIOS.obj (.text:ti_sysbios_knl_Task_processVitalTaskFlag__I)
                  000051b0    00000030                   : BIOS.obj (.text:ti_sysbios_knl_Task_restore__E)
                  000051e0    00000030                   : BIOS.obj (.text:ti_sysbios_knl_Task_unblockI__E)
                  00005210    0000002e     rtsv7M4_T_le_v4SPD16_eabi.lib : i_tofd_t2.asm.obj (.text)
                  0000523e    0000002c     HVAC_IO.obj (.text:HVAC_InicialiceADC)
                  0000526a    00000002     --HOLE-- [fill = 0]
                  0000526c    0000002c     msp432p4xx_driverlib.lib : rtc_c.o (.text:RTC_C_holdClock)
                  00005298    0000002c     sysbios.aem4f : BIOS.obj (.text:_pthread_cleanupFxn)
                  000052c4    00000004     --HOLE-- [fill = 0]
                  000052c8    0000002c                   : BIOS.obj (.text:_pthread_delete$43)
                  000052f4    0000002c     release_pem4f.oem4f (.text:ti_sysbios_BIOS_rtsUnlock__I)
                  00005320    0000002c     release_pem4f.oem4f (.text:ti_sysbios_knl_Semaphore_Params__init__S)
                  0000534c    0000002c     release_pem4f.oem4f (.text:ti_sysbios_knl_Task_Object__get__S)
                  00005378    0000002c     release_pem4f.oem4f (.text:ti_sysbios_knl_Task_Params__init__S)
                  000053a4    00000028     msp432p4xx_driverlib.lib : pcm.o (.text:PCM_gotoLPM0)
                  000053cc    00000028     release_pem4f.oem4f (.text:ti_sysbios_gates_GateMutex_Object__delete__S)
                  000053f4    00000004     --HOLE-- [fill = 0]
                  000053f8    00000028     sysbios.aem4f : BIOS.obj (.text:ti_sysbios_knl_Clock_addI__E)
                  00005420    00000028                   : BIOS.obj (.text:ti_sysbios_knl_Swi_Module_startup__E)
                  00005448    00000028     release_pem4f.oem4f (.text:ti_sysbios_knl_Task_Object__delete__S)
                  00005470    00000026     HVAC_Thread.obj (.text:HVAC_Thread)
                  00005496    00000026     sysbios.aem4f : m3_Hwi_asm.obj (.text:ti_sysbios_family_arm_m3_Hwi_pendSV__I)
                  000054bc    00000024     HVAC_IO.obj (.text:HVAC_SetPointDown)
                  000054e0    00000024     HVAC_IO.obj (.text:HVAC_SetPointUp)
                  00005504    00000024     UART_MSP432.obj (.text:UART_putsf)
                  00005528    00000024     msp432p4xx_driverlib.lib : wdt_a.o (.text:WDT_A_holdTimer)
                  0000554c    00000004     --HOLE-- [fill = 0]
                  00005550    00000024     sysbios.aem4f : BIOS.obj (.text:pthread_attr_init)
                  00005574    00000024     release_pem4f.oem4f (.text:ti_sysbios_BIOS_registerRTSLock__I)
                  00005598    00000024     release_pem4f.oem4f (.text:ti_sysbios_gates_GateHwi_Object__delete__S)
                  000055bc    00000024     release_pem4f.oem4f (.text:ti_sysbios_heaps_HeapMem_Object__delete__S)
                  000055e0    00000024     sysbios.aem4f : BIOS.obj (.text:ti_sysbios_knl_Clock_Module_startup__E)
                  00005604    00000004     --HOLE-- [fill = 0]
                  00005608    00000024                   : BIOS.obj (.text:ti_sysbios_knl_Semaphore_Instance_init__E)
                  0000562c    00000004     --HOLE-- [fill = 0]
                  00005630    00000024                   : BIOS.obj (.text:ti_sysbios_knl_Task_restoreHwi__E)
                  00005654    00000004     --HOLE-- [fill = 0]
                  00005658    00000024                   : BIOS.obj (.text:xdc_runtime_Error_policyMin__E)
                  0000567c    00000004     --HOLE-- [fill = 0]
                  00005680    00000024                   : BIOS.obj (.text:xdc_runtime_System_abort__E)
                  000056a4    00000020     ADC_MSP432.obj (.text:ADC_ConfigurePinChannel)
                  000056c4    00000020     release_pem4f.oem4f (.text:ti_sysbios_BIOS_removeRTSLock__I)
                  000056e4    00000020     sysbios.aem4f : m3_Hwi_asm.obj (.text:ti_sysbios_family_arm_m3_Hwi_excHandlerAsm__I)
                  00005704    00000004     --HOLE-- [fill = 0]
                  00005708    00000020                   : BIOS.obj (.text:ti_sysbios_family_arm_m3_Hwi_excHandler__I)
                  00005728    00000020     release_pem4f.oem4f (.text:ti_sysbios_gates_GateHwi_Handle__label__S)
                  00005748    00000020     release_pem4f.oem4f (.text:ti_sysbios_gates_GateMutex_Handle__label__S)
                  00005768    00000020     release_pem4f.oem4f (.text:ti_sysbios_heaps_HeapMem_Handle__label__S)
                  00005788    00000020     sysbios.aem4f : BIOS.obj (.text:ti_sysbios_knl_Idle_run__E)
                  000057a8    00000020     release_pem4f.oem4f (.text:ti_sysbios_knl_Mailbox_Object__get__S)
                  000057c8    00000020     release_pem4f.oem4f (.text:ti_sysbios_knl_Semaphore_destruct)
                  000057e8    00000020     release_pem4f.oem4f (.text:ti_sysbios_rts_ti_ReentSupport_getTlsAddr__I)
                  00005808    00000020     release_pem4f.oem4f (.text:xdc_runtime_IHeap_alloc)
                  00005828    0000001e     sysbios.aem4f : m3_Hwi_asm_switch.obj (.text:ti_sysbios_family_xxx_Hwi_switchAndRunFunc)
                  00005846    0000001e     release_pem4f.oem4f (.text:ti_sysbios_knl_Task_SupportProxy_start__E)
                  00005864    0000001e     release_pem4f.oem4f (.text:xdc_runtime_Memory_HeapProxy_alloc__E)
                  00005882    00000002     --HOLE-- [fill = 0]
                  00005884    0000001c     ADC_MSP432.obj (.text:ADC_SetEndOfSequenceChannel)
                  000058a0    0000001c     ADC_MSP432.obj (.text:ADC_result)
                  000058bc    0000001c     rtsv7M4_T_le_v4SPD16_eabi.lib : memccpy.c.obj (.text:memccpy)
                  000058d8    0000001c     release_pem4f.oem4f (.text:ti_sysbios_family_arm_m3_Hwi_Module__startupDone__F)
                  000058f4    0000001c     sysbios.aem4f : m3_TaskSupport_asm.obj (.text:ti_sysbios_family_arm_m3_TaskSupport_swap__E)
                  00005910    0000001c     release_pem4f.oem4f (.text:ti_sysbios_family_arm_msp432_Timer_Module__startupDone__F)
                  0000592c    00000004     --HOLE-- [fill = 0]
                  00005930    0000001c     sysbios.aem4f : BIOS.obj (.text:ti_sysbios_gates_GateMutex_Instance_init__E)
                  0000594c    0000001c     release_pem4f.oem4f (.text:ti_sysbios_knl_Queue_Object__get__S)
                  00005968    0000001c     release_pem4f.oem4f (.text:ti_sysbios_knl_Queue_destruct)
                  00005984    00000004     --HOLE-- [fill = 0]
                  00005988    0000001c     sysbios.aem4f : BIOS.obj (.text:ti_sysbios_knl_Queue_put__E)
                  000059a4    00000004     --HOLE-- [fill = 0]
                  000059a8    0000001c                   : BIOS.obj (.text:ti_sysbios_knl_Task_enter__I)
                  000059c4    00000004     --HOLE-- [fill = 0]
                  000059c8    0000001c                   : BIOS.obj (.text:ti_sysbios_rts_ti_ReentSupport_getReent__F)
                  000059e4    00000004     --HOLE-- [fill = 0]
                  000059e8    0000001c                   : BIOS.obj (.text:xdc_runtime_Memory_valloc__E)
                  00005a04    0000001c     release_pem4f.oem4f (.text:xdc_runtime_Startup_exec__I)
                  00005a20    0000001a     release_pem4f.oem4f (.text:xdc_runtime_IHeap_free)
                  00005a3a    00000002     --HOLE-- [fill = 0]
                  00005a3c    00000018     release_pem4f.oem4f (.text:.bootCodeSection:ti_sysbios_family_arm_msp432_init_Boot_init__I)
                  00005a54    00000018     ADC_MSP432.obj (.text:ADC_SetConvertionMode)
                  00005a6c    00000018     ADC_MSP432.obj (.text:ADC_trigger)
                  00005a84    00000018     UART_MSP432.obj (.text:UART_B_char_IE)
                  00005a9c    00000018     UART_MSP432.obj (.text:UART_E_char_IE)
                  00005ab4    00000018     UART_MSP432.obj (.text:UART_data_bits)
                  00005acc    00000018     UART_MSP432.obj (.text:UART_mode)
                  00005ae4    00000018     UART_MSP432.obj (.text:UART_set_oversampling)
                  00005afc    00000018     UART_MSP432.obj (.text:UART_set_stop_bits)
                  00005b14    00000018     UART_MSP432.obj (.text:UART_set_transmision_dir)
                  00005b2c    00000018     rtsv7M4_T_le_v4SPD16_eabi.lib : args_main.c.obj (.text:_args_main)
                  00005b44    00000018                                   : sprintf.c.obj (.text:_outs)
                  00005b5c    00000004     --HOLE-- [fill = 0]
                  00005b60    00000018     sysbios.aem4f : BIOS.obj (.text:ti_sysbios_gates_GateMutex_leave__E)
                  00005b78    00000018                   : BIOS.obj (.text:ti_sysbios_knl_Task_sleepTimeout__I)
                  00005b90    00000018                   : BIOS.obj (.text:xdc_runtime_Error_init__E)
                  00005ba8    00000018                   : BIOS.obj (.text:xdc_runtime_System_exit__E)
                  00005bc0    00000016     UART_MSP432.obj (.text:UART_den)
                  00005bd6    00000016     UART_MSP432.obj (.text:UART_en)
                  00005bec    00000016     rtsv7M4_T_le_v4SPD16_eabi.lib : strchr.c.obj (.text:strchr)
                  00005c02    00000016     release_pem4f.oem4f (.text:ti_sysbios_BIOS_exitFunc__I)
                  00005c18    00000016     sysbios.aem4f : BIOS.obj (.text:ti_sysbios_knl_Task_unblock__E)
                  00005c2e    00000002     --HOLE-- [fill = 0]
                  00005c30    00000014     msp432p4xx_driverlib.lib : pcm.o (.text:PCM_getPowerState)
                  00005c44    00000014     rtsv7M4_T_le_v4SPD16_eabi.lib : s_copysign.c.obj (.text:copysign)
                  00005c58    00000014     sysbios.aem4f : BIOS.obj (.text:pthread_attr_setschedparam)
                  00005c6c    00000014     rtsv7M4_T_le_v4SPD16_eabi.lib : strlen.c.obj (.text:strlen)
                  00005c80    00000014     sysbios.aem4f : BIOS.obj (.text:ti_sysbios_family_arm_m3_Hwi_switchFromBootStack__E)
                  00005c94    00000014     release_pem4f.oem4f (.text:ti_sysbios_hal_Hwi_HwiProxy_getStackInfo__E)
                  00005ca8    00000014     release_pem4f.oem4f (.text:ti_sysbios_knl_Clock_Module_State_clockQ)
                  00005cbc    00000014     release_pem4f.oem4f (.text:xdc_runtime_Memory_HeapProxy_free__E)
                  00005cd0    00000012     sysbios.aem4f : BIOS.obj (.text:_pthread_cleanup_pop)
                  00005ce2    00000006     --HOLE-- [fill = 0]
                  00005ce8    00000012                   : BIOS.obj (.text:_pthread_runStub$43)
                  00005cfa    00000006     --HOLE-- [fill = 0]
                  00005d00    00000012                   : BIOS.obj (.text:ti_sysbios_hal_Hwi_Module_startup__E)
                  00005d12    00000012     rtsv7M4_T_le_v4SPD16_eabi.lib : wcslen.c.obj (.text:wcslen)
                  00005d24    00000010     ADC_MSP432.obj (.text:ADC_is_busy)
                  00005d34    00000010     msp432p4xx_driverlib.lib : pcm.o (.text:PCM_gotoLPM4)
                  00005d44    00000010                              : pcm.o (.text:PCM_setPowerMode)
                  00005d54    00000010                              : pcm.o (.text:PCM_setPowerState)
                  00005d64    00000010     release_pem4f.oem4f (.text:ti_sysbios_BIOS_RtsGateProxy_leave__E)
                  00005d74    00000004     --HOLE-- [fill = 0]
                  00005d78    00000010     sysbios.aem4f : BIOS.obj (.text:ti_sysbios_BIOS_exit__E)
                  00005d88    00000010                   : BIOS.obj (.text:ti_sysbios_BIOS_setThreadType__E)
                  00005d98    00000010                   : BIOS.obj (.text:ti_sysbios_BIOS_start__E)
                  00005da8    00000010                   : m3_TaskSupport_asm.obj (.text:ti_sysbios_family_arm_m3_TaskSupport_glue)
                  00005db8    00000010                   : BIOS.obj (.text:ti_sysbios_family_arm_msp432_init_Boot_disableWatchdog)
                  00005dc8    00000010                   : BIOS.obj (.text:ti_sysbios_gates_GateMutex_Instance_finalize__E)
                  00005dd8    00000010     release_pem4f.oem4f (.text:ti_sysbios_heaps_HeapMem_Module_GateProxy_leave__E)
                  00005de8    00000010     sysbios.aem4f : BIOS.obj (.text:ti_sysbios_knl_Semaphore_Instance_finalize__E)
                  00005df8    00000010                   : BIOS.obj (.text:ti_sysbios_knl_Swi_disable__E)
                  00005e08    00000010     release_pem4f.oem4f (.text:ti_sysbios_knl_Task_SupportProxy_swap__E)
                  00005e18    00000010     sysbios.aem4f : BIOS.obj (.text:ti_sysbios_knl_Task_disable__E)
                  00005e28    00000010                   : BIOS.obj (.text:xdc_runtime_Gate_leaveSystem__E)
                  00005e38    00000010                   : BIOS.obj (.text:xdc_runtime_Memory_free__E)
                  00005e48    00000010                   : BIOS.obj (.text:xdc_runtime_SysCallback_abort__E)
                  00005e58    00000010                   : BIOS.obj (.text:xdc_runtime_SysCallback_exit__E)
                  00005e68    00000010     release_pem4f.oem4f (.text:xdc_runtime_System_Module_GateProxy_leave__E)
                  00005e78    0000000e     rtsv7M4_T_le_v4SPD16_eabi.lib : copy_decompress_none.c.obj (.text:decompress:none:__TI_decompress_none)
                  00005e86    00000002     --HOLE-- [fill = 0]
                  00005e88    0000000e     sysbios.aem4f : BIOS.obj (.text:pthread_attr_setdetachstate)
                  00005e96    00000002     --HOLE-- [fill = 0]
                  00005e98    0000000e                   : BIOS.obj (.text:ti_sysbios_knl_Idle_loop__E)
                  00005ea6    00000002     --HOLE-- [fill = 0]
                  00005ea8    0000000e                   : BIOS.obj (.text:ti_sysbios_knl_Queue_empty__E)
                  00005eb6    00000002     --HOLE-- [fill = 0]
                  00005eb8    0000000c     rtsv7M4_T_le_v4SPD16_eabi.lib : _lock.c.obj (.text:_register_lock)
                  00005ec4    0000000c                                   : _lock.c.obj (.text:_register_unlock)
                  00005ed0    0000000c                                   : copy_zero_init.c.obj (.text:decompress:ZI:__TI_zero_init)
                  00005edc    0000000c     release_pem4f.oem4f (.text:ti_sysbios_BIOS_RtsGateProxy_enter__E)
                  00005ee8    0000000c     sysbios.aem4f : BIOS.obj (.text:ti_sysbios_BIOS_getThreadType__E)
                  00005ef4    00000004     --HOLE-- [fill = 0]
                  00005ef8    0000000c                   : BIOS.obj (.text:ti_sysbios_family_arm_m3_TaskSupport_getStackAlignment__E)
                  00005f04    00000004     --HOLE-- [fill = 0]
                  00005f08    0000000c                   : BIOS.obj (.text:ti_sysbios_family_arm_msp432_Timer_getMaxTicks__E)
                  00005f14    00000004     --HOLE-- [fill = 0]
                  00005f18    0000000c                   : BIOS.obj (.text:ti_sysbios_gates_GateHwi_enter__E)
                  00005f24    0000000c     release_pem4f.oem4f (.text:ti_sysbios_heaps_HeapMem_Module_GateProxy_enter__E)
                  00005f30    0000000c     release_pem4f.oem4f (.text:ti_sysbios_heaps_HeapMem_Module_GateProxy_query__E)
                  00005f3c    0000000c     release_pem4f.oem4f (.text:ti_sysbios_knl_Clock_TimerProxy_getMaxTicks__E)
                  00005f48    0000000c     release_pem4f.oem4f (.text:ti_sysbios_knl_Task_delete)
                  00005f54    00000004     --HOLE-- [fill = 0]
                  00005f58    0000000c     sysbios.aem4f : BIOS.obj (.text:ti_sysbios_knl_Task_self__E)
                  00005f64    00000004     --HOLE-- [fill = 0]
                  00005f68    0000000c                   : BIOS.obj (.text:ti_sysbios_rts_ti_ReentSupport_taskRegHook__I)
                  00005f74    00000004     --HOLE-- [fill = 0]
                  00005f78    0000000c                   : BIOS.obj (.text:xdc_runtime_Gate_enterSystem__E)
                  00005f84    00000004     --HOLE-- [fill = 0]
                  00005f88    0000000c                   : BIOS.obj (.text:xdc_runtime_Startup_rtsDone__E)
                  00005f94    0000000c     release_pem4f.oem4f (.text:xdc_runtime_System_Module_GateProxy_enter__E)
                  00005fa0    0000000c     release_pem4f.oem4f (.text:xdc_runtime_System_SupportProxy_abort__E)
                  00005fac    0000000c     release_pem4f.oem4f (.text:xdc_runtime_System_SupportProxy_exit__E)
                  00005fb8    0000000a     rtsv7M4_T_le_v4SPD16_eabi.lib : sprintf.c.obj (.text:_outc)
                  00005fc2    00000008     HVAC_IO.obj (.text:HVAC_InicialiceUART)
                  00005fca    00000006     --HOLE-- [fill = 0]
                  00005fd0    00000008     sysbios.aem4f : BIOS.obj (.text:pthread_attr_setstacksize)
                  00005fd8    00000008     release_pem4f.oem4f (.text:ti_sysbios_family_arm_m3_Hwi_Module__startupDone__S)
                  00005fe0    00000008     sysbios.aem4f : BIOS.obj (.text:ti_sysbios_family_arm_m3_Hwi_doSwiRestore__I)
                  00005fe8    00000008                   : BIOS.obj (.text:ti_sysbios_family_arm_m3_Hwi_startup__E)
                  00005ff0    00000008     release_pem4f.oem4f (.text:ti_sysbios_family_arm_msp432_Timer_Module__startupDone__S)
                  00005ff8    00000008     release_pem4f.oem4f (.text:ti_sysbios_hal_Hwi_HwiProxy_Module__startupDone__S)
                  00006000    00000008     release_pem4f.oem4f (.text:ti_sysbios_hal_Hwi_HwiProxy_startup__E)
                  00006008    00000008     release_pem4f.oem4f (.text:ti_sysbios_hal_Hwi_HwiProxy_switchFromBootStack__E)
                  00006010    00000008     release_pem4f.oem4f (.text:ti_sysbios_knl_Clock_TimerProxy_Module__startupDone__S)
                  00006018    00000008     release_pem4f.oem4f (.text:ti_sysbios_knl_Task_SupportProxy_Module__startupDone__S)
                  00006020    00000008     release_pem4f.oem4f (.text:ti_sysbios_knl_Task_SupportProxy_getStackAlignment__E)
                  00006028    00000008     release_pem4f.oem4f (.text:ti_sysbios_rts_ti_ReentSupport_getReent__E)
                  00006030    00000008     release_pem4f.oem4f (.text:xdc_runtime_Startup_reset__I)
                  00006038    00000006     sysbios.aem4f : BIOS.obj (.text:ti_sysbios_family_arm_m3_Hwi_doTaskRestore__I)
                  0000603e    00000002     --HOLE-- [fill = 0]
                  00006040    00000006                   : BIOS.obj (.text:ti_sysbios_gates_GateHwi_leave__E)
                  00006046    00000002     --HOLE-- [fill = 0]
                  00006048    00000006                   : BIOS.obj (.text:ti_sysbios_heaps_HeapMem_isBlocking__E)
                  0000604e    00000002     --HOLE-- [fill = 0]
                  00006050    00000006                   : BIOS.obj (.text:ti_sysbios_knl_Queue_Instance_init__E)
                  00006056    00000002     --HOLE-- [fill = 0]
                  00006058    00000006                   : BIOS.obj (.text:ti_sysbios_knl_Swi_startup__E)
                  0000605e    00000002     --HOLE-- [fill = 0]
                  00006060    00000006                   : BIOS.obj (.text:xdc_runtime_System_Module_startup__E)
                  00006066    00000002     --HOLE-- [fill = 0]
                  00006068    00000004                   : BIOS.obj (.text:__aeabi_errno_addr)
                  0000606c    00000004     --HOLE-- [fill = 0]
                  00006070    00000004                   : BIOS.obj (.text:ti_sysbios_gates_GateHwi_query__E)
                  00006074    00000004     --HOLE-- [fill = 0]
                  00006078    00000004                   : BIOS.obj (.text:ti_sysbios_gates_GateMutex_query__E)
                  0000607c    00000004     --HOLE-- [fill = 0]
                  00006080    00000004                   : BIOS.obj (.text:ti_sysbios_knl_Task_startup__E)
                  00006084    00000004     --HOLE-- [fill = 0]
                  00006088    00000002                   : BIOS.obj (.text:ti_sysbios_BIOS_linkedWithIncorrectBootLibrary__E)
                  0000608a    00000006     --HOLE-- [fill = 0]
                  00006090    00000002                   : BIOS.obj (.text:ti_sysbios_gates_GateHwi_Instance_init__E)
                  00006092    00000006     --HOLE-- [fill = 0]
                  00006098    00000002                   : BIOS.obj (.text:ti_sysbios_knl_Clock_logTick__E)
                  0000609a    00000006     --HOLE-- [fill = 0]
                  000060a0    00000002                   : BIOS.obj (.text:xdc_runtime_SysCallback_defaultAbort)
                  000060a2    00000006     --HOLE-- [fill = 0]
                  000060a8    00000002                   : BIOS.obj (.text:xdc_runtime_SysCallback_defaultExit)
                  000060aa    00000006     --HOLE-- [fill = 0]
                  000060b0    00000002                   : BIOS.obj (.text:xdc_runtime_System_abortSpin__E)
                  000060b2    00000006     --HOLE-- [fill = 0]
                  000060b8    00000002                   : BIOS.obj (.text:xdc_runtime_System_exitSpin__E)

.const     0    000060bc    00000547     
                  000060bc    00000101     rtsv7M4_T_le_v4SPD16_eabi.lib : ctype.c.obj (.const:.string:_ctypes_)
                  000061bd    00000001     release_pem4f.oem4f (.const:xdc_runtime_Error_policy__C)
                  000061be    00000002     release_pem4f.oem4f (.const:ti_sysbios_family_arm_msp432_init_Boot_bypassHFXT__C)
                  000061c0    00000058     release_pem4f.oem4f (.const:.string)
                  00006218    00000044     release_pem4f.oem4f (.const:ti_sysbios_knl_Task_Object__PARAMS__C)
                  0000625c    00000030     GPIO_MSP432.obj (.const:GPIO_PORT_TO_BASE)
                  0000628c    00000028     release_pem4f.oem4f (.const:ti_sysbios_heaps_HeapMem_Module__FXNS__C)
                  000062b4    00000024     release_pem4f.oem4f (.const:ti_sysbios_gates_GateHwi_Module__FXNS__C)
                  000062d8    00000024     release_pem4f.oem4f (.const:ti_sysbios_gates_GateMutex_Module__FXNS__C)
                  000062fc    00000024     release_pem4f.oem4f (.const:ti_sysbios_heaps_HeapMem_Object__PARAMS__C)
                  00006320    00000024     release_pem4f.oem4f (.const:ti_sysbios_knl_Semaphore_Object__PARAMS__C)
                  00006344    00000024     release_pem4f.oem4f (.const:xdc_runtime_Startup_sfxnTab__A)
                  00006368    00000020     release_pem4f.oem4f (.const:ti_sysbios_gates_GateHwi_Object__DESC__C)
                  00006388    00000020     release_pem4f.oem4f (.const:ti_sysbios_gates_GateMutex_Object__DESC__C)
                  000063a8    00000020     release_pem4f.oem4f (.const:ti_sysbios_heaps_HeapMem_Object__DESC__C)
                  000063c8    00000020     release_pem4f.oem4f (.const:ti_sysbios_knl_Queue_Object__DESC__C)
                  000063e8    00000020     release_pem4f.oem4f (.const:ti_sysbios_knl_Semaphore_Object__DESC__C)
                  00006408    00000020     release_pem4f.oem4f (.const:ti_sysbios_knl_Task_Object__DESC__C)
                  00006428    0000001e     HVAC_IO.obj (.const:.string)
                  00006446    00000002     release_pem4f.oem4f (.const:ti_sysbios_family_arm_msp432_init_Boot_bypassLFXT__C)
                  00006448    00000018     release_pem4f.oem4f (.const:ti_sysbios_gates_GateHwi_Object__PARAMS__C)
                  00006460    00000018     release_pem4f.oem4f (.const:ti_sysbios_gates_GateMutex_Object__PARAMS__C)
                  00006478    00000018     release_pem4f.oem4f (.const:ti_sysbios_knl_Queue_Object__PARAMS__C)
                  00006490    00000018     release_pem4f.oem4f (.const:ti_sysbios_knl_Task_hooks__A)
                  000064a8    00000012     release_pem4f.oem4f (.const:xdc_runtime_Startup_sfxnRts__A)
                  000064ba    00000002     release_pem4f.oem4f (.const:ti_sysbios_family_arm_msp432_init_Boot_enableHFXT__C)
                  000064bc    0000000c     UART_MSP432.obj (.const:BRFX)
                  000064c8    0000000c     UART_MSP432.obj (.const:BRS)
                  000064d4    0000000c     UART_MSP432.obj (.const:BRX)
                  000064e0    0000000c     release_pem4f.oem4f (.const:xdc_runtime_Startup_firstFxns__A)
                  000064ec    00000008     INT_MSP432.obj (.const:g_pulEnRegs)
                  000064f4    00000008     release_pem4f.oem4f (.const:ti_sysbios_knl_Idle_funcList__A)
                  000064fc    00000008     release_pem4f.oem4f (.const:ti_sysbios_knl_Idle_funcList__C)
                  00006504    00000008     release_pem4f.oem4f (.const:ti_sysbios_knl_Task_hooks__C)
                  0000650c    00000008     release_pem4f.oem4f (.const:xdc_runtime_Startup_firstFxns__C)
                  00006514    00000008     release_pem4f.oem4f (.const:xdc_runtime_Startup_lastFxns__C)
                  0000651c    00000004     release_pem4f.oem4f (.const:ti_sysbios_family_arm_m3_Hwi_NUM_INTERRUPTS__C)
                  00006520    00000004     release_pem4f.oem4f (.const:ti_sysbios_family_arm_m3_Hwi_Object__count__C)
                  00006524    00000004     release_pem4f.oem4f (.const:ti_sysbios_family_arm_m3_Hwi_Object__table__C)
                  00006528    00000004     release_pem4f.oem4f (.const:ti_sysbios_family_arm_m3_Hwi_ccr__C)
                  0000652c    00000004     release_pem4f.oem4f (.const:ti_sysbios_family_arm_m3_Hwi_excHandlerFunc__C)
                  00006530    00000004     release_pem4f.oem4f (.const:ti_sysbios_family_arm_m3_Hwi_nullIsrFunc__C)
                  00006534    00000004     release_pem4f.oem4f (.const:ti_sysbios_family_arm_m3_Hwi_priGroup__C)
                  00006538    00000004     release_pem4f.oem4f (.const:ti_sysbios_family_arm_m3_TaskSupport_stackAlignment__C)
                  0000653c    00000004     release_pem4f.oem4f (.const:ti_sysbios_family_arm_msp432_Timer_numTimerDevices__C)
                  00006540    00000004     release_pem4f.oem4f (.const:ti_sysbios_family_arm_msp432_Timer_startupNeeded__C)
                  00006544    00000004     release_pem4f.oem4f (.const:ti_sysbios_gates_GateMutex_Instance_State_sem__O)
                  00006548    00000004     release_pem4f.oem4f (.const:ti_sysbios_heaps_HeapMem_E_memory__C)
                  0000654c    00000004     release_pem4f.oem4f (.const:ti_sysbios_heaps_HeapMem_Module__gateObj__C)
                  00006550    00000004     release_pem4f.oem4f (.const:ti_sysbios_heaps_HeapMem_Object__count__C)
                  00006554    00000004     release_pem4f.oem4f (.const:ti_sysbios_heaps_HeapMem_Object__table__C)
                  00006558    00000004     release_pem4f.oem4f (.const:ti_sysbios_heaps_HeapMem_primaryHeapBaseAddr__C)
                  0000655c    00000004     release_pem4f.oem4f (.const:ti_sysbios_heaps_HeapMem_primaryHeapEndAddr__C)
                  00006560    00000004     release_pem4f.oem4f (.const:ti_sysbios_heaps_HeapMem_reqAlign__C)
                  00006564    00000004     release_pem4f.oem4f (.const:ti_sysbios_knl_Clock_Module_State_clockQ__O)
                  00006568    00000004     release_pem4f.oem4f (.const:ti_sysbios_knl_Clock_tickPeriod__C)
                  0000656c    00000004     release_pem4f.oem4f (.const:ti_sysbios_knl_Mailbox_Instance_State_freeQue__O)
                  00006570    00000004     release_pem4f.oem4f (.const:ti_sysbios_knl_Mailbox_Object__count__C)
                  00006574    00000004     release_pem4f.oem4f (.const:ti_sysbios_knl_Mailbox_maxTypeAlign__C)
                  00006578    00000004     release_pem4f.oem4f (.const:ti_sysbios_knl_Semaphore_Instance_State_pendQ__O)
                  0000657c    00000004     release_pem4f.oem4f (.const:ti_sysbios_knl_Swi_Object__count__C)
                  00006580    00000004     release_pem4f.oem4f (.const:ti_sysbios_knl_Swi_Object__table__C)
                  00006584    00000004     release_pem4f.oem4f (.const:ti_sysbios_knl_Task_Module_State_inactiveQ__O)
                  00006588    00000004     release_pem4f.oem4f (.const:ti_sysbios_knl_Task_Object__count__C)
                  0000658c    00000004     release_pem4f.oem4f (.const:ti_sysbios_knl_Task_Object__heap__C)
                  00006590    00000004     release_pem4f.oem4f (.const:ti_sysbios_knl_Task_Object__table__C)
                  00006594    00000004     release_pem4f.oem4f (.const:ti_sysbios_knl_Task_allBlockedFunc__C)
                  00006598    00000004     release_pem4f.oem4f (.const:ti_sysbios_knl_Task_defaultStackHeap__C)
                  0000659c    00000004     release_pem4f.oem4f (.const:ti_sysbios_knl_Task_defaultStackSize__C)
                  000065a0    00000004     release_pem4f.oem4f (.const:ti_sysbios_knl_Task_numConstructedTasks__C)
                  000065a4    00000004     release_pem4f.oem4f (.const:xdc_runtime_Error_E_memory__C)
                  000065a8    00000004     release_pem4f.oem4f (.const:xdc_runtime_Error_policyFxn__C)
                  000065ac    00000004     release_pem4f.oem4f (.const:xdc_runtime_IGateProvider_Interface__BASE__C)
                  000065b0    00000004     release_pem4f.oem4f (.const:xdc_runtime_IHeap_Interface__BASE__C)
                  000065b4    00000004     release_pem4f.oem4f (.const:xdc_runtime_IModule_Interface__BASE__C)
                  000065b8    00000004     release_pem4f.oem4f (.const:xdc_runtime_Memory_defaultHeapInstance__C)
                  000065bc    00000004     release_pem4f.oem4f (.const:xdc_runtime_Startup_execImpl__C)
                  000065c0    00000004     release_pem4f.oem4f (.const:xdc_runtime_Startup_maxPasses__C)
                  000065c4    00000004     release_pem4f.oem4f (.const:xdc_runtime_Startup_sfxnRts__C)
                  000065c8    00000004     release_pem4f.oem4f (.const:xdc_runtime_Startup_sfxnTab__C)
                  000065cc    00000004     release_pem4f.oem4f (.const:xdc_runtime_Startup_startModsFxn__C)
                  000065d0    00000004     release_pem4f.oem4f (.const:xdc_runtime_SysCallback_abortFxn__C)
                  000065d4    00000004     release_pem4f.oem4f (.const:xdc_runtime_SysCallback_exitFxn__C)
                  000065d8    00000004     release_pem4f.oem4f (.const:xdc_runtime_System_Module__gateObj__C)
                  000065dc    00000004     release_pem4f.oem4f (.const:xdc_runtime_System_abortFxn__C)
                  000065e0    00000004     release_pem4f.oem4f (.const:xdc_runtime_System_exitFxn__C)
                  000065e4    00000004     release_pem4f.oem4f (.const:xdc_runtime_System_maxAtexitHandlers__C)
                  000065e8    00000004     release_pem4f.oem4f (.const:xdc_runtime_Text_charTab__C)
                  000065ec    00000004     release_pem4f.oem4f (.const:xdc_runtime_Text_nameEmpty__C)
                  000065f0    00000004     release_pem4f.oem4f (.const:xdc_runtime_Text_nameStatic__C)
                  000065f4    00000004     release_pem4f.oem4f (.const:xdc_runtime_Text_nameUnknown__C)
                  000065f8    00000002     release_pem4f.oem4f (.const:ti_sysbios_family_arm_msp432_init_Boot_enableLFXT__C)
                  000065fa    00000002     release_pem4f.oem4f (.const:ti_sysbios_heaps_HeapMem_Module__id__C)
                  000065fc    00000002     release_pem4f.oem4f (.const:xdc_runtime_Memory_Module__id__C)
                  000065fe    00000002     release_pem4f.oem4f (.const:xdc_runtime_Text_charCnt__C)
                  00006600    00000002     release_pem4f.oem4f (.const:xdc_runtime_Text_isLoaded__C)
                  00006602    00000001     release_pem4f.oem4f (.const:xdc_runtime_Text_charTab__A)

.cinit     0    00006608    000001f8     
                  00006608    000001bd     (.cinit..data.load) [load image, compression = lzss]
                  000067c5    00000003     --HOLE-- [fill = 0]
                  000067c8    0000000c     (__TI_handler_table)
                  000067d4    00000004     --HOLE-- [fill = 0]
                  000067d8    00000008     (.cinit..bss.load) [load image, compression = zero_init]
                  000067e0    00000008     (.cinit..vtable.load) [load image, compression = zero_init]
                  000067e8    00000018     (__TI_cinit_table)

.init_array 
*          0    00000000    00000000     UNINITIALIZED

.data      0    20000140    000004b4     UNINITIALIZED
                  20000140    00000088     sysbios.aem4f : BIOS.obj (.data:$O1$$)
                  200001c8    00000080     release_pem4f.oem4f (.data:ti_sysbios_knl_Swi_Module_State_0_readyQ__A)
                  20000248    00000080     release_pem4f.oem4f (.data:ti_sysbios_knl_Task_Module_State_0_readyQ__A)
                  200002c8    0000005c     release_pem4f.oem4f (.data:ti_sysbios_knl_Task_Object__table__V)
                  20000324    00000054     release_pem4f.oem4f (.data:ti_sysbios_gates_GateMutex_Object__table__V)
                  20000378    00000048     release_pem4f.oem4f (.data:ti_sysbios_knl_Task_Module__state__V)
                  200003c0    00000044     release_pem4f.oem4f (.data:ti_sysbios_family_arm_msp432_Timer_Object__table__V)
                  20000404    00000034     release_pem4f.oem4f (.data:ti_sysbios_family_arm_m3_Hwi_Module__state__V)
                  20000438    00000030     release_pem4f.oem4f (.data:ti_sysbios_knl_Swi_Object__table__V)
                  20000468    0000002c     release_pem4f.oem4f (.data:ti_sysbios_knl_Clock_Module__state__V)
                  20000494    00000024     release_pem4f.oem4f (.data:ti_sysbios_BIOS_Module__state__V)
                  200004b8    00000020     release_pem4f.oem4f (.data:ti_sysbios_family_arm_msp432_Timer_Module_State_0_device__A)
                  200004d8    00000020     release_pem4f.oem4f (.data:xdc_runtime_Error_IgnoreBlock)
                  200004f8    0000001c     release_pem4f.oem4f (.data:ti_sysbios_knl_Swi_Module__state__V)
                  20000514    00000018     release_pem4f.oem4f (.data:ti_sysbios_family_arm_m3_Hwi_Object__table__V)
                  2000052c    00000018     release_pem4f.oem4f (.data:ti_sysbios_heaps_HeapMem_Object__table__V)
                  20000544    00000010     HVAC_IO.obj (.data:SysSTR)
                  20000554    00000010     release_pem4f.oem4f (.data:ti_sysbios_family_arm_msp432_Timer_Module_State_0_handles__A)
                  20000564    0000000d     HVAC_IO.obj (.data)
                  20000571    00000001     --HOLE--
                  20000572    00000002     release_pem4f.oem4f (.data:ti_sysbios_family_arm_m3_Hwi_Module_State_0_excActive__A)
                  20000574    0000000c     release_pem4f.oem4f (.data:ti_sysbios_family_arm_msp432_Timer_Module__state__V)
                  20000580    00000008     rtsv7M4_T_le_v4SPD16_eabi.lib : _lock.c.obj (.data:$O1$$)
                  20000588    00000008     release_pem4f.oem4f (.data:ti_sysbios_gates_GateHwi_Module__root__V)
                  20000590    00000008     release_pem4f.oem4f (.data:ti_sysbios_gates_GateMutex_Module__root__V)
                  20000598    00000008     release_pem4f.oem4f (.data:ti_sysbios_heaps_HeapMem_Module__root__V)
                  200005a0    00000008     release_pem4f.oem4f (.data:ti_sysbios_knl_Queue_Module__root__V)
                  200005a8    00000008     release_pem4f.oem4f (.data:ti_sysbios_knl_Semaphore_Module__root__V)
                  200005b0    00000008     release_pem4f.oem4f (.data:ti_sysbios_knl_Task_Module__root__V)
                  200005b8    00000008     release_pem4f.oem4f (.data:xdc_runtime_Startup_Module__state__V)
                  200005c0    00000008     release_pem4f.oem4f (.data:xdc_runtime_System_Module_State_0_atexitHandlers__A)
                  200005c8    00000008     release_pem4f.oem4f (.data:xdc_runtime_System_Module__state__V)
                  200005d0    00000005     HVAC_IO.obj (.data:ultimos_estados$1)
                  200005d5    00000003     --HOLE--
                  200005d8    00000004     rtsv7M4_T_le_v4SPD16_eabi.lib : stkdepth_vars.c.obj (.data)
                  200005dc    00000004     release_pem4f.oem4f (.data:ti_sysbios_family_arm_m3_Hwi_Module_State_0_excContext__A)
                  200005e0    00000004     release_pem4f.oem4f (.data:ti_sysbios_family_arm_m3_Hwi_Module_State_0_excStack__A)
                  200005e4    00000004     release_pem4f.oem4f (.data:ti_sysbios_gates_GateHwi_Object__table__V)
                  200005e8    00000004     release_pem4f.oem4f (.data:ti_sysbios_knl_Task_Module_State_0_idleTask__A)
                  200005ec    00000004     release_pem4f.oem4f (.data:ti_sysbios_rts_ti_ReentSupport_Module__state__V)
                  200005f0    00000004     release_pem4f.oem4f (.data:xdc_runtime_Memory_Module__state__V)

.bss       0    200005f8    0000038e     UNINITIALIZED
                  200005f8    00000200     release_pem4f.oem4f (.bss:taskStackSection)
                  200007f8    00000140     (.common:ti_sysbios_family_arm_m3_Hwi_dispatchTable)
                  20000938    00000040     (.common:state)
                  20000978    00000004     (.common:TemperaturaActual)
                  2000097c    00000004     (.common:delay)
                  20000980    00000004     (.common:ti_sysbios_knl_Task_Instance_State_0_hookEnv__A)
                  20000984    00000002     (.common:EstadoEntradas)

.vtable    0    20001000    000000e8     UNINITIALIZED
                  20001000    000000e8     INT_MSP432.obj (.vtable)

.priheap   0    200010e8    00004000     UNINITIALIZED
                  200010e8    00004000     --HOLE--

.stack     0    2000fc00    00000400     UNINITIALIZED
                  2000fc00    00000400     --HOLE--

.bootVecs 
*          0    00000000    00000008     DSECT
                  00000000    00000008     boot.aem4f : boot.oem4f (.bootVecs)

.resetVecs 
*          0    00000000    0000003c     
                  00000000    0000003c     release_pem4f.oem4f (.resetVecs)

.vecs      0    20000000    00000140     NOLOAD SECTION
                  20000000    00000140     release_pem4f.oem4f (.vecs)

xdc.meta   0    00000000    00000102     COPY SECTION
                  00000000    00000102     release_pem4f.oem4f (xdc.meta)

xdc.noload 
*          0    00000000    00000000     COPY SECTION

.binit     0    00000000    00000000     

MODULE SUMMARY

       Module                       code    ro data   rw data
       ------                       ----    -------   -------
    .\
       HVAC_IO.obj                  1472    30        216    
       Threads.obj                  100     0         0      
       HVAC_Thread.obj              38      0         0      
    +--+----------------------------+-------+---------+---------+
       Total:                       1610    30        216    
                                                             
    .\Aux_files\
       system_msp432p401r.obj       202     0         0      
    +--+----------------------------+-------+---------+---------+
       Total:                       202     0         0      
                                                             
    .\Drivers\
       UART_MSP432.obj              680     36        0      
       INT_MSP432.obj               220     8         464    
       GPIO_MSP432.obj              608     48        0      
       ADC_MSP432.obj               408     0         0      
    +--+----------------------------+-------+---------+---------+
       Total:                       1916    92        464    
                                                             
    D:\Mis documentos\ITCH\Semestre 7\14 - 15 ISE\Finales_v8\HVAC_un_hilo\Debug\configPkg\package\cfg\
       release_pem4f.oem4f          1930    1032      4348   
    +--+----------------------------+-------+---------+---------+
       Total:                       1930    1032      4348   
                                                             
    C:/ti/simplelink_msp432p4_sdk_2_40_00_10/source/ti/devices/msp432p4xx/driverlib/ccs/msp432p4xx_driverlib.lib
       pcm.o                        1770    0         0      
       rtc_c.o                      44      0         0      
       wdt_a.o                      36      0         0      
       cpu.o                        4       0         0      
    +--+----------------------------+-------+---------+---------+
       Total:                       1854    0         0      
                                                             
    C:\ti\simplelink_msp432p4_sdk_2_40_00_10\kernel\tirtos\packages\ti\targets\arm\rtsarm\lib\auto_init.aem4f
       auto_init.oem4f              160     0         0      
    +--+----------------------------+-------+---------+---------+
       Total:                       160     0         0      
                                                             
    C:\ti\simplelink_msp432p4_sdk_2_40_00_10\kernel\tirtos\packages\ti\targets\arm\rtsarm\lib\boot.aem4f
       boot.oem4f                   88      0         0      
    +--+----------------------------+-------+---------+---------+
       Total:                       88      0         0      
                                                             
    C:\ti_v8_3_0\ccsv8\tools\compiler\ti-cgt-arm_18.1.4.LTS\lib\rtsv7M4_T_le_v4SPD16_eabi.lib
       _printfi.c.obj               4867    0         0      
       fd_add_t2.asm.obj            438     0         0      
       fd_div_t2.asm.obj            310     0         0      
       s_scalbn.c.obj               272     0         0      
       fd_cmp_t2.asm.obj            268     0         0      
       ctype.c.obj                  0       257       0      
       fd_mul_t2.asm.obj            252     0         0      
       memcpy_t2.asm.obj            156     0         0      
       ull_div_t2.asm.obj           150     0         0      
       memset_t2.asm.obj            122     0         0      
       copy_decompress_lzss.c.obj   104     0         0      
       s_frexp.c.obj                100     0         0      
       sprintf.c.obj                98      0         0      
       ltoa.c.obj                   84      0         0      
       atoi.c.obj                   76      0         0      
       cpy_tbl.c.obj                76      0         0      
       fd_toi_t2.asm.obj            72      0         0      
       fs_tod_t2.asm.obj            56      0         0      
       i_tofd_t2.asm.obj            46      0         0      
       _lock.c.obj                  26      0         16     
       memccpy.c.obj                28      0         0      
       args_main.c.obj              24      0         0      
       strchr.c.obj                 22      0         0      
       s_copysign.c.obj             20      0         0      
       strlen.c.obj                 20      0         0      
       wcslen.c.obj                 18      0         0      
       copy_decompress_none.c.obj   14      0         0      
       copy_zero_init.c.obj         12      0         0      
       stkdepth_vars.c.obj          0       0         8      
       div0.asm.obj                 2       0         0      
    +--+----------------------------+-------+---------+---------+
       Total:                       7733    257       24     
                                                             
    D:\Mis documentos\ITCH\Semestre 7\14 - 15 ISE\Finales_v8\HVAC_un_hilo\Aux_files\src\sysbios\sysbios.aem4f
       BIOS.obj                     8396    0         272    
       m3_Hwi_asm.obj               314     0         0      
       m3_Hwi_asm_switch.obj        118     0         0      
       m3_TaskSupport_asm.obj       44      0         0      
    +--+----------------------------+-------+---------+---------+
       Total:                       8872    0         272    
                                                             
       Stack:                       0       0         2048   
       Linker Generated:            0       497       0      
    +--+----------------------------+-------+---------+---------+
       Grand Total:                 24365   1908      7372   


LINKER GENERATED COPY TABLES

__TI_cinit_table @ 000067e8 records: 3, size/record: 8, table size: 24
	.data: load addr=00006608, load size=000001bd bytes, run addr=20000140, run size=000004b4 bytes, compression=lzss
	.bss: load addr=000067d8, load size=00000008 bytes, run addr=200005f8, run size=0000038e bytes, compression=zero_init
	.vtable: load addr=000067e0, load size=00000008 bytes, run addr=20001000, run size=000000e8 bytes, compression=zero_init


LINKER GENERATED HANDLER TABLE

__TI_handler_table @ 000067c8 records: 3, size/record: 4, table size: 12
	index: 0, handler: __TI_zero_init
	index: 1, handler: __TI_decompress_lzss
	index: 2, handler: __TI_decompress_none


GLOBAL SYMBOLS: SORTED ALPHABETICALLY BY Name 

address   name                                                            
-------   ----                                                            
000056a5  ADC_ConfigurePinChannel                                         
000049cd  ADC_EnableTemperatureSensor                                     
00003581  ADC_GetTemperature                                              
00004c51  ADC_Initialize                                                  
00005a55  ADC_SetConvertionMode                                           
00005885  ADC_SetEndOfSequenceChannel                                     
00005d25  ADC_is_busy                                                     
000058a1  ADC_result                                                      
00005a6d  ADC_trigger                                                     
000064bc  BRFX                                                            
000064c8  BRS                                                             
000064d4  BRX                                                             
00001ded  CPU_wfi                                                         
20000984  EstadoEntradas                                                  
2000056a  FAN_LED_State                                                   
00004f3d  GPIO_getInputPinValue                                           
00003a65  GPIO_init_board                                                 
00004c8d  GPIO_interruptEdgeSelect                                        
00002105  GPIO_setBitIO                                                   
0000311d  GPIO_setOutput                                                  
00004000  HEAPSIZE                                                        
00001711  HVAC_ActualizarEntradas                                         
000032d1  HVAC_ActualizarSalidas                                          
00003acd  HVAC_Cool                                                       
000031ad  HVAC_Heartbeat                                                  
00003f81  HVAC_Heat                                                       
0000523f  HVAC_InicialiceADC                                              
00002d85  HVAC_InicialiceIO                                               
00005fc3  HVAC_InicialiceUART                                             
0000147d  HVAC_PrintState                                                 
000054bd  HVAC_SetPointDown                                               
000054e1  HVAC_SetPointUp                                                 
00005471  HVAC_Thread                                                     
00004dc5  INT_SWI                                                         
00003795  Int_enableInterrupt                                             
00003fdd  Int_registerInterrupt                                           
00003f21  PCM_getCoreVoltageLevel                                         
00004155  PCM_getPowerMode                                                
00005c31  PCM_getPowerState                                               
000053a5  PCM_gotoLPM0                                                    
00003605  PCM_gotoLPM3                                                    
00005d35  PCM_gotoLPM4                                                    
00005d45  PCM_setPowerMode                                                
00005d55  PCM_setPowerState                                               
00004369  PCM_shutdownDevice                                              
0000131f  Power_idleFunc                                                  
0000526d  RTC_C_holdClock                                                 
UNDEFED   SHT$$INIT_ARRAY$$Base                                           
UNDEFED   SHT$$INIT_ARRAY$$Limit                                          
20000564  SetPoint                                                        
20000544  SysSTR                                                          
000028a9  SystemInit                                                      
20000978  TemperaturaActual                                               
00005a85  UART_B_char_IE                                                  
00005a9d  UART_E_char_IE                                                  
000041b1  UART_clck_source                                                
00005ab5  UART_data_bits                                                  
00005bc1  UART_den                                                        
00005bd7  UART_en                                                         
00003b35  UART_init                                                       
00005acd  UART_mode                                                       
00005505  UART_putsf                                                      
00004e6d  UART_sendByte                                                   
00004209  UART_set_baud_rate                                              
00004f6d  UART_set_location_pin                                           
00005ae5  UART_set_oversampling                                           
00004ea1  UART_set_parity                                                 
00005afd  UART_set_stop_bits                                              
00005b15  UART_set_transmision_dir                                        
4000480c  WDTCTL_SYM                                                      
00005529  WDT_A_holdTimer                                                 
00000000  __ASM__                                                         
0000007e  __ISA__                                                         
00000091  __PLAT__                                                        
20010000  __STACK_END                                                     
00000400  __STACK_SIZE                                                    
000000b4  __TARG__                                                        
000067e8  __TI_CINIT_Base                                                 
00006800  __TI_CINIT_Limit                                                
000067c8  __TI_Handler_Table_Base                                         
000067d4  __TI_Handler_Table_Limit                                        
00002ce5  __TI_auto_init                                                  
00003b9d  __TI_decompress_lzss                                            
00005e79  __TI_decompress_none                                            
ffffffff  __TI_pprof_out_hndl                                             
00000041  __TI_printfi                                                    
ffffffff  __TI_prof_data_size                                             
ffffffff  __TI_prof_data_start                                            
00006608  __TI_static_base__                                              
00005ed1  __TI_zero_init                                                  
000000da  __TRDR__                                                        
000033ed  __aeabi_cdcmpeq                                                 
000033ed  __aeabi_cdcmple                                                 
00003473  __aeabi_cdrcmple                                                
000047d5  __aeabi_d2iz                                                    
00001173  __aeabi_dadd                                                    
00001849  __aeabi_ddiv                                                    
00002201  __aeabi_dmul                                                    
00001169  __aeabi_dsub                                                    
00006069  __aeabi_errno_addr                                              
00004dfd  __aeabi_f2d                                                     
00005211  __aeabi_i2d                                                     
000023fd  __aeabi_idiv0                                                   
000023fd  __aeabi_ldiv0                                                   
00003899  __aeabi_memclr                                                  
00003899  __aeabi_memclr4                                                 
00003899  __aeabi_memclr8                                                 
00002e21  __aeabi_memcpy                                                  
00002e21  __aeabi_memcpy4                                                 
00002e21  __aeabi_memcpy8                                                 
0000389b  __aeabi_memset                                                  
0000389b  __aeabi_memset4                                                 
0000389b  __aeabi_memset8                                                 
00002ebd  __aeabi_uldivmod                                                
ffffffff  __binit__                                                       
ffffffff  __c_args__                                                      
200050e8  __primary_heap_end__                                            
200010e8  __primary_heap_start__                                          
2000fc00  __stack                                                         
00005b2d  _args_main                                                      
00004261  _c_int00                                                        
000060bc  _ctypes_                                                        
20000580  _lock                                                           
0000197f  _nop                                                            
00005299  _pthread_cleanupFxn                                             
00005cd1  _pthread_cleanup_pop                                            
00002f59  _pthread_removeThreadKeys                                       
00005eb9  _register_lock                                                  
00005ec5  _register_unlock                                                
20000584  _unlock                                                         
00004561  atoi                                                            
ffffffff  binit                                                           
000045ad  copy_in                                                         
00005c45  copysign                                                        
00005c45  copysignl                                                       
2000097c  delay                                                           
20000569  event                                                           
00003c71  frexp                                                           
00003c71  frexpl                                                          
20001000  g_pfnRAMVectoring                                               
00001bd5  ldexp                                                           
00001bd5  ldexpl                                                          
000043bd  ltoa                                                            
00003cd5  main                                                            
200005d8  main_func_sp                                                    
000058bd  memccpy                                                         
00002e21  memcpy                                                          
000038a1  memset                                                          
00005551  pthread_attr_init                                               
00005e89  pthread_attr_setdetachstate                                     
00005c59  pthread_attr_setschedparam                                      
00005fd1  pthread_attr_setstacksize                                       
000026e9  pthread_create                                                  
00003da1  pthread_exit                                                    
00001bd5  scalbn                                                          
00001bd5  scalbnl                                                         
00004a0d  sprintf                                                         
20000938  state                                                           
00005bed  strchr                                                          
00005c6d  strlen                                                          
20000494  ti_sysbios_BIOS_Module__state__V                                
00005edd  ti_sysbios_BIOS_RtsGateProxy_enter__E                           
00005d65  ti_sysbios_BIOS_RtsGateProxy_leave__E                           
00004f9d  ti_sysbios_BIOS_atExitFunc__I                                   
00005c03  ti_sysbios_BIOS_exitFunc__I                                     
00005d79  ti_sysbios_BIOS_exit__E                                         
00005ee9  ti_sysbios_BIOS_getThreadType__E                                
00006089  ti_sysbios_BIOS_linkedWithIncorrectBootLibrary__E               
000023ff  ti_sysbios_BIOS_nullFunc__I                                     
00005575  ti_sysbios_BIOS_registerRTSLock__I                              
000056c5  ti_sysbios_BIOS_removeRTSLock__I                                
00004fcd  ti_sysbios_BIOS_rtsLock__I                                      
000052f5  ti_sysbios_BIOS_rtsUnlock__I                                    
00005d89  ti_sysbios_BIOS_setThreadType__E                                
00004ffd  ti_sysbios_BIOS_startFunc__I                                    
00005d99  ti_sysbios_BIOS_start__E                                        
20000572  ti_sysbios_family_arm_m3_Hwi_Module_State_0_excActive__A        
200005dc  ti_sysbios_family_arm_m3_Hwi_Module_State_0_excContext__A       
200005e0  ti_sysbios_family_arm_m3_Hwi_Module_State_0_excStack__A         
000058d9  ti_sysbios_family_arm_m3_Hwi_Module__startupDone__F             
00005fd9  ti_sysbios_family_arm_m3_Hwi_Module__startupDone__S             
20000404  ti_sysbios_family_arm_m3_Hwi_Module__state__V                   
00004511  ti_sysbios_family_arm_m3_Hwi_Module_startup__E                  
0000651c  ti_sysbios_family_arm_m3_Hwi_NUM_INTERRUPTS__C                  
00006520  ti_sysbios_family_arm_m3_Hwi_Object__count__C                   
0000502d  ti_sysbios_family_arm_m3_Hwi_Object__get__S                     
00006524  ti_sysbios_family_arm_m3_Hwi_Object__table__C                   
20000514  ti_sysbios_family_arm_m3_Hwi_Object__table__V                   
00006528  ti_sysbios_family_arm_m3_Hwi_ccr__C                             
00003d39  ti_sysbios_family_arm_m3_Hwi_dispatchC__I                       
200007f8  ti_sysbios_family_arm_m3_Hwi_dispatchTable                      
000024f9  ti_sysbios_family_arm_m3_Hwi_dispatch__I                        
00005fe1  ti_sysbios_family_arm_m3_Hwi_doSwiRestore__I                    
00006039  ti_sysbios_family_arm_m3_Hwi_doTaskRestore__I                   
00004821  ti_sysbios_family_arm_m3_Hwi_enableInterrupt__E                 
000056e5  ti_sysbios_family_arm_m3_Hwi_excHandlerAsm__I                   
0000652c  ti_sysbios_family_arm_m3_Hwi_excHandlerFunc__C                  
00005709  ti_sysbios_family_arm_m3_Hwi_excHandler__I                      
000048f9  ti_sysbios_family_arm_m3_Hwi_getStackInfo__E                    
00002ff1  ti_sysbios_family_arm_m3_Hwi_initNVIC__E                        
000042b9  ti_sysbios_family_arm_m3_Hwi_initStacks__E                      
000025d1  ti_sysbios_family_arm_m3_Hwi_interruptsAreDisabledButShouldNotBe
00006530  ti_sysbios_family_arm_m3_Hwi_nullIsrFunc__C                     
[...]
00005ab5  UART_data_bits                                                  
00005acd  UART_mode                                                       
00005ae5  UART_set_oversampling                                           
00005afd  UART_set_stop_bits                                              
00005b15  UART_set_transmision_dir                                        
00005b2d  _args_main                                                      
00005b61  ti_sysbios_gates_GateMutex_leave__E                             
00005b79  ti_sysbios_knl_Task_sleepTimeout__I                             
00005b91  xdc_runtime_Error_init__E                                       
00005ba9  xdc_runtime_System_exit__E                                      
00005bc1  UART_den                                                        
00005bd7  UART_en                                                         
00005bed  strchr                                                          
00005c03  ti_sysbios_BIOS_exitFunc__I                                     
00005c19  ti_sysbios_knl_Task_unblock__E                                  
00005c31  PCM_getPowerState                                               
00005c45  copysign                                                        
00005c45  copysignl                                                       
00005c59  pthread_attr_setschedparam                                      
00005c6d  strlen                                                          
00005c81  ti_sysbios_family_arm_m3_Hwi_switchFromBootStack__E             
00005c95  ti_sysbios_hal_Hwi_HwiProxy_getStackInfo__E                     
00005c95  ti_sysbios_hal_Hwi_getStackInfo__E                              
00005cbd  xdc_runtime_Memory_HeapProxy_free__E                            
00005cd1  _pthread_cleanup_pop                                            
00005d01  ti_sysbios_hal_Hwi_Module_startup__E                            
00005d13  wcslen                                                          
00005d25  ADC_is_busy                                                     
00005d35  PCM_gotoLPM4                                                    
00005d45  PCM_setPowerMode                                                
00005d55  PCM_setPowerState                                               
00005d65  ti_sysbios_BIOS_RtsGateProxy_leave__E                           
00005d79  ti_sysbios_BIOS_exit__E                                         
00005d89  ti_sysbios_BIOS_setThreadType__E                                
00005d99  ti_sysbios_BIOS_start__E                                        
00005da9  ti_sysbios_family_arm_m3_TaskSupport_glue                       
00005db9  ti_sysbios_family_arm_msp432_init_Boot_disableWatchdog          
00005dc9  ti_sysbios_gates_GateMutex_Instance_finalize__E                 
00005dd9  ti_sysbios_heaps_HeapMem_Module_GateProxy_leave__E              
00005de9  ti_sysbios_knl_Semaphore_Instance_finalize__E                   
00005df9  ti_sysbios_knl_Swi_disable__E                                   
00005e09  ti_sysbios_knl_Task_SupportProxy_swap__E                        
00005e19  ti_sysbios_knl_Task_disable__E                                  
00005e29  xdc_runtime_Gate_leaveSystem__E                                 
00005e39  xdc_runtime_Memory_free__E                                      
00005e49  xdc_runtime_SysCallback_abort__E                                
00005e59  xdc_runtime_SysCallback_exit__E                                 
00005e69  xdc_runtime_System_Module_GateProxy_leave__E                    
00005e79  __TI_decompress_none                                            
00005e89  pthread_attr_setdetachstate                                     
00005e99  ti_sysbios_knl_Idle_loop__E                                     
00005ea9  ti_sysbios_knl_Queue_empty__E                                   
00005eb9  _register_lock                                                  
00005ec5  _register_unlock                                                
00005ed1  __TI_zero_init                                                  
00005edd  ti_sysbios_BIOS_RtsGateProxy_enter__E                           
00005ee9  ti_sysbios_BIOS_getThreadType__E                                
00005ef9  ti_sysbios_family_arm_m3_TaskSupport_getStackAlignment__E       
00005f09  ti_sysbios_family_arm_msp432_Timer_getMaxTicks__E               
00005f19  ti_sysbios_gates_GateHwi_enter__E                               
00005f25  ti_sysbios_heaps_HeapMem_Module_GateProxy_enter__E              
00005f31  ti_sysbios_heaps_HeapMem_Module_GateProxy_query__E              
00005f3d  ti_sysbios_knl_Clock_TimerProxy_getMaxTicks__E                  
00005f49  ti_sysbios_knl_Task_delete                                      
00005f59  ti_sysbios_knl_Task_self__E                                     
00005f69  ti_sysbios_rts_ti_ReentSupport_taskRegHook__I                   
00005f79  xdc_runtime_Gate_enterSystem__E                                 
00005f89  xdc_runtime_Startup_rtsDone__E                                  
00005f95  xdc_runtime_System_Module_GateProxy_enter__E                    
00005fa1  xdc_runtime_System_SupportProxy_abort__E                        
00005fad  xdc_runtime_System_SupportProxy_exit__E                         
00005fc3  HVAC_InicialiceUART                                             
00005fd1  pthread_attr_setstacksize                                       
00005fd9  ti_sysbios_family_arm_m3_Hwi_Module__startupDone__S             
00005fe1  ti_sysbios_family_arm_m3_Hwi_doSwiRestore__I                    
00005fe9  ti_sysbios_family_arm_m3_Hwi_startup__E                         
00005ff1  ti_sysbios_family_arm_msp432_Timer_Module__startupDone__S       
00005ff9  ti_sysbios_hal_Hwi_HwiProxy_Module__startupDone__S              
00006001  ti_sysbios_hal_Hwi_HwiProxy_startup__E                          
00006001  ti_sysbios_hal_Hwi_startup__E                                   
00006009  ti_sysbios_hal_Hwi_HwiProxy_switchFromBootStack__E              
00006009  ti_sysbios_hal_Hwi_switchFromBootStack__E                       
00006011  ti_sysbios_knl_Clock_TimerProxy_Module__startupDone__S          
00006019  ti_sysbios_knl_Task_SupportProxy_Module__startupDone__S         
00006021  ti_sysbios_knl_Task_SupportProxy_getStackAlignment__E           
00006029  ti_sysbios_rts_ti_ReentSupport_getReent__E                      
00006031  xdc_runtime_Startup_reset__I                                    
00006039  ti_sysbios_family_arm_m3_Hwi_doTaskRestore__I                   
00006041  ti_sysbios_gates_GateHwi_leave__E                               
00006049  ti_sysbios_heaps_HeapMem_isBlocking__E                          
00006051  ti_sysbios_knl_Queue_Instance_init__E                           
00006059  ti_sysbios_knl_Swi_startup__E                                   
00006061  xdc_runtime_System_Module_startup__E                            
00006069  __aeabi_errno_addr                                              
00006071  ti_sysbios_gates_GateHwi_query__E                               
00006079  ti_sysbios_gates_GateMutex_query__E                             
00006081  ti_sysbios_knl_Task_startup__E                                  
00006089  ti_sysbios_BIOS_linkedWithIncorrectBootLibrary__E               
00006091  ti_sysbios_gates_GateHwi_Instance_init__E                       
00006099  ti_sysbios_knl_Clock_logTick__E                                 
000060a1  xdc_runtime_SysCallback_defaultAbort                            
000060a9  xdc_runtime_SysCallback_defaultExit                             
000060b1  xdc_runtime_System_abortSpin__E                                 
000060b9  xdc_runtime_System_exitSpin__E                                  
000060bc  _ctypes_                                                        
000061bd  xdc_runtime_Error_policy__C                                     
000061be  ti_sysbios_family_arm_msp432_init_Boot_bypassHFXT__C            
00006218  ti_sysbios_knl_Task_Object__PARAMS__C                           
0000628c  ti_sysbios_heaps_HeapMem_Module__FXNS__C                        
000062b4  ti_sysbios_gates_GateHwi_Module__FXNS__C                        
000062d8  ti_sysbios_gates_GateMutex_Module__FXNS__C                      
000062fc  ti_sysbios_heaps_HeapMem_Object__PARAMS__C                      
00006320  ti_sysbios_knl_Semaphore_Object__PARAMS__C                      
00006344  xdc_runtime_Startup_sfxnTab__A                                  
00006368  ti_sysbios_gates_GateHwi_Object__DESC__C                        
00006388  ti_sysbios_gates_GateMutex_Object__DESC__C                      
000063a8  ti_sysbios_heaps_HeapMem_Object__DESC__C                        
000063c8  ti_sysbios_knl_Queue_Object__DESC__C                            
000063e8  ti_sysbios_knl_Semaphore_Object__DESC__C                        
00006408  ti_sysbios_knl_Task_Object__DESC__C                             
00006446  ti_sysbios_family_arm_msp432_init_Boot_bypassLFXT__C            
00006448  ti_sysbios_gates_GateHwi_Object__PARAMS__C                      
00006460  ti_sysbios_gates_GateMutex_Object__PARAMS__C                    
00006478  ti_sysbios_knl_Queue_Object__PARAMS__C                          
00006490  ti_sysbios_knl_Task_hooks__A                                    
000064a8  xdc_runtime_Startup_sfxnRts__A                                  
000064ba  ti_sysbios_family_arm_msp432_init_Boot_enableHFXT__C            
000064bc  BRFX                                                            
000064c8  BRS                                                             
000064d4  BRX                                                             
000064e0  xdc_runtime_Startup_firstFxns__A                                
000064f4  ti_sysbios_knl_Idle_funcList__A                                 
000064fc  ti_sysbios_knl_Idle_funcList__C                                 
00006504  ti_sysbios_knl_Task_hooks__C                                    
0000650c  xdc_runtime_Startup_firstFxns__C                                
00006514  xdc_runtime_Startup_lastFxns__C                                 
0000651c  ti_sysbios_family_arm_m3_Hwi_NUM_INTERRUPTS__C                  
00006520  ti_sysbios_family_arm_m3_Hwi_Object__count__C                   
00006524  ti_sysbios_family_arm_m3_Hwi_Object__table__C                   
00006528  ti_sysbios_family_arm_m3_Hwi_ccr__C                             
0000652c  ti_sysbios_family_arm_m3_Hwi_excHandlerFunc__C                  
00006530  ti_sysbios_family_arm_m3_Hwi_nullIsrFunc__C                     
00006534  ti_sysbios_family_arm_m3_Hwi_priGroup__C                        
00006538  ti_sysbios_family_arm_m3_TaskSupport_stackAlignment__C          
0000653c  ti_sysbios_family_arm_msp432_Timer_numTimerDevices__C           
00006540  ti_sysbios_family_arm_msp432_Timer_startupNeeded__C             
00006544  ti_sysbios_gates_GateMutex_Instance_State_sem__O                
00006548  ti_sysbios_heaps_HeapMem_E_memory__C                            
0000654c  ti_sysbios_heaps_HeapMem_Module__gateObj__C                     
00006550  ti_sysbios_heaps_HeapMem_Object__count__C                       
00006554  ti_sysbios_heaps_HeapMem_Object__table__C                       
00006558  ti_sysbios_heaps_HeapMem_primaryHeapBaseAddr__C                 
0000655c  ti_sysbios_heaps_HeapMem_primaryHeapEndAddr__C                  
00006560  ti_sysbios_heaps_HeapMem_reqAlign__C                            
00006564  ti_sysbios_knl_Clock_Module_State_clockQ__O                     
00006568  ti_sysbios_knl_Clock_tickPeriod__C                              
0000656c  ti_sysbios_knl_Mailbox_Instance_State_freeQue__O                
00006570  ti_sysbios_knl_Mailbox_Object__count__C                         
00006574  ti_sysbios_knl_Mailbox_maxTypeAlign__C                          
00006578  ti_sysbios_knl_Semaphore_Instance_State_pendQ__O                
0000657c  ti_sysbios_knl_Swi_Object__count__C                             
00006580  ti_sysbios_knl_Swi_Object__table__C                             
00006584  ti_sysbios_knl_Task_Module_State_inactiveQ__O                   
00006588  ti_sysbios_knl_Task_Object__count__C                            
0000658c  ti_sysbios_knl_Task_Object__heap__C                             
00006590  ti_sysbios_knl_Task_Object__table__C                            
00006594  ti_sysbios_knl_Task_allBlockedFunc__C                           
00006598  ti_sysbios_knl_Task_defaultStackHeap__C                         
0000659c  ti_sysbios_knl_Task_defaultStackSize__C                         
000065a0  ti_sysbios_knl_Task_numConstructedTasks__C                      
000065a4  xdc_runtime_Error_E_memory__C                                   
000065a8  xdc_runtime_Error_policyFxn__C                                  
000065ac  xdc_runtime_IGateProvider_Interface__BASE__C                    
000065b0  xdc_runtime_IHeap_Interface__BASE__C                            
000065b4  xdc_runtime_IModule_Interface__BASE__C                          
000065b8  xdc_runtime_Memory_defaultHeapInstance__C                       
000065bc  xdc_runtime_Startup_execImpl__C                                 
000065c0  xdc_runtime_Startup_maxPasses__C                                
000065c4  xdc_runtime_Startup_sfxnRts__C                                  
000065c8  xdc_runtime_Startup_sfxnTab__C                                  
000065cc  xdc_runtime_Startup_startModsFxn__C                             
000065d0  xdc_runtime_SysCallback_abortFxn__C                             
000065d4  xdc_runtime_SysCallback_exitFxn__C                              
000065d8  xdc_runtime_System_Module__gateObj__C                           
000065dc  xdc_runtime_System_abortFxn__C                                  
000065e0  xdc_runtime_System_exitFxn__C                                   
000065e4  xdc_runtime_System_maxAtexitHandlers__C                         
000065e8  xdc_runtime_Text_charTab__C                                     
000065ec  xdc_runtime_Text_nameEmpty__C                                   
000065f0  xdc_runtime_Text_nameStatic__C                                  
000065f4  xdc_runtime_Text_nameUnknown__C                                 
000065f8  ti_sysbios_family_arm_msp432_init_Boot_enableLFXT__C            
000065fa  ti_sysbios_heaps_HeapMem_Module__id__C                          
000065fc  xdc_runtime_Memory_Module__id__C                                
000065fe  xdc_runtime_Text_charCnt__C                                     
00006600  xdc_runtime_Text_isLoaded__C                                    
00006602  xdc_runtime_Text_charTab__A                                     
00006608  __TI_static_base__                                              
000067c8  __TI_Handler_Table_Base                                         
000067d4  __TI_Handler_Table_Limit                                        
000067e8  __TI_CINIT_Base                                                 
00006800  __TI_CINIT_Limit                                                
20000000  ti_sysbios_family_arm_m3_Hwi_ramVectors                         
200001c8  ti_sysbios_knl_Swi_Module_State_0_readyQ__A                     
20000248  ti_sysbios_knl_Task_Module_State_0_readyQ__A                    
200002c8  ti_sysbios_knl_Task_Object__table__V                            
20000324  ti_sysbios_gates_GateMutex_Object__table__V                     
20000378  ti_sysbios_knl_Task_Module__state__V                            
200003c0  ti_sysbios_family_arm_msp432_Timer_Object__table__V             
20000404  ti_sysbios_family_arm_m3_Hwi_Module__state__V                   
20000438  ti_sysbios_knl_Swi_Object__table__V                             
20000468  ti_sysbios_knl_Clock_Module__state__V                           
20000494  ti_sysbios_BIOS_Module__state__V                                
200004b8  ti_sysbios_family_arm_msp432_Timer_Module_State_0_device__A     
200004d8  xdc_runtime_Error_IgnoreBlock                                   
200004f8  ti_sysbios_knl_Swi_Module__state__V                             
20000514  ti_sysbios_family_arm_m3_Hwi_Object__table__V                   
2000052c  ti_sysbios_heaps_HeapMem_Object__table__V                       
20000544  SysSTR                                                          
20000554  ti_sysbios_family_arm_msp432_Timer_Module_State_0_handles__A    
20000564  SetPoint                                                        
20000568  toggle                                                          
20000569  event                                                           
2000056a  FAN_LED_State                                                   
20000572  ti_sysbios_family_arm_m3_Hwi_Module_State_0_excActive__A        
20000574  ti_sysbios_family_arm_msp432_Timer_Module__state__V             
20000580  _lock                                                           
20000584  _unlock                                                         
20000588  ti_sysbios_gates_GateHwi_Module__root__V                        
20000590  ti_sysbios_gates_GateMutex_Module__root__V                      
20000598  ti_sysbios_heaps_HeapMem_Module__root__V                        
200005a0  ti_sysbios_knl_Queue_Module__root__V                            
200005a8  ti_sysbios_knl_Semaphore_Module__root__V                        
200005b0  ti_sysbios_knl_Task_Module__root__V                             
200005b8  xdc_runtime_Startup_Module__state__V                            
200005c0  xdc_runtime_System_Module_State_0_atexitHandlers__A             
200005c8  xdc_runtime_System_Module__state__V                             
200005d8  main_func_sp                                                    
200005dc  ti_sysbios_family_arm_m3_Hwi_Module_State_0_excContext__A       
200005e0  ti_sysbios_family_arm_m3_Hwi_Module_State_0_excStack__A         
200005e4  ti_sysbios_gates_GateHwi_Object__table__V                       
200005e8  ti_sysbios_knl_Task_Module_State_0_idleTask__A                  
200005ec  ti_sysbios_rts_ti_ReentSupport_Module__state__V                 
200005f0  xdc_runtime_Memory_Module__state__V                             
200005f8  ti_sysbios_knl_Task_Instance_State_0_stack__A                   
200007f8  ti_sysbios_family_arm_m3_Hwi_dispatchTable                      
20000938  state                                                           
20000978  TemperaturaActual                                               
2000097c  delay                                                           
20000980  ti_sysbios_knl_Task_Instance_State_0_hookEnv__A                 
20000984  EstadoEntradas                                                  
20001000  g_pfnRAMVectoring                                               
200010e8  __primary_heap_start__                                          
200050e8  __primary_heap_end__                                            
2000fc00  __stack                                                         
20010000  __STACK_END                                                     
4000480c  WDTCTL_SYM                                                      
e000e000  ti_sysbios_family_arm_m3_Hwi_nvic                               
ffffffff  __TI_pprof_out_hndl                                             
ffffffff  __TI_prof_data_size                                             
ffffffff  __TI_prof_data_start                                            
ffffffff  __binit__                                                       
ffffffff  __c_args__                                                      
ffffffff  binit                                                           
UNDEFED   SHT$$INIT_ARRAY$$Base                                           
UNDEFED   SHT$$INIT_ARRAY$$Limit                                          

[489 symbols]
