******************************************************************************
                  TI ARM Linker PC v20.2.1                     
******************************************************************************
>> Linked Mon Nov  1 17:48:15 2021

OUTPUT FILE NAME:   <HVAC_UN_HILO_ORG.out>
ENTRY POINT SYMBOL: "_c_int00"  address: 000041c9


MEMORY CONFIGURATION

         name            origin    length      used     unused   attr    fill
----------------------  --------  ---------  --------  --------  ----  --------
  MAIN                  00000000   00040000  000066f4  0003990c  R  X
  INFO                  00200000   00004000  00000000  00004000  R  X
  SRAM_CODE             01000000   00010000  00004e56  0000b1aa  RW X
  SRAM_DATA             20000000   00010000  00004e56  0000b1aa  RW  


SEGMENT ALLOCATION MAP

run origin  load origin   length   init length attrs members
----------  ----------- ---------- ----------- ----- -------
00000000    00000000    00006700   00006700    r-x
  00000000    00000000    0000003c   0000003c    r-- .resetVecs
  00000040    00000040    00005faa   00005faa    r-x .text
  00005fec    00005fec    0000051e   0000051e    r-- .const
  00006510    00006510    000001f0   000001f0    r-- .cinit
20000140    20000140    0000082e   00000000    rw-
  20000140    20000140    000004a0   00000000    rw- .data
  200005e0    200005e0    0000038e   00000000    rw- .bss
20001000    20001000    000000e8   00000000    rw-
  20001000    20001000    000000e8   00000000    rw- .vtable
200010e8    200010e8    00004000   00000000    r--
  200010e8    200010e8    00004000   00000000    r-- .priheap
2000fc00    2000fc00    00000400   00000000    rw-
  2000fc00    2000fc00    00000400   00000000    rw- .stack


SECTION ALLOCATION MAP

 output                                  attributes/
section   page    origin      length       input sections
--------  ----  ----------  ----------   ----------------
.text      0    00000040    00005faa     
                  00000040    00000a4e     rtsv7M4_T_le_v4SPD16_eabi.lib : _printfi.c.obj (.text:__TI_printfi)
                  00000a8e    0000028a     msp432p4xx_driverlib.lib : pcm.o (.text:__PCM_setPowerStateAdvanced)
                  00000d18    00000270     rtsv7M4_T_le_v4SPD16_eabi.lib : _printfi.c.obj (.text:_pconv_a)
                  00000f88    000001d0                                   : _printfi.c.obj (.text:_pconv_g)
                  00001158    000001b6                                   : fd_add_t2.asm.obj (.text)
                  0000130e    00000002     system_msp432p401r.obj (.text:Power_idleFunc)
                  00001310    0000015c     msp432p4xx_driverlib.lib : pcm.o (.text:__PCM_setPowerModeAdvanced)
                  0000146c    00000158     HVAC_IO.obj (.text:HVAC_PrintState)
                  000015c4    0000013c     rtsv7M4_T_le_v4SPD16_eabi.lib : _printfi.c.obj (.text:_pconv_e)
                  00001700    00000138     HVAC_IO.obj (.text:HVAC_ActualizarEntradas)
                  00001838    00000136     rtsv7M4_T_le_v4SPD16_eabi.lib : fd_div_t2.asm.obj (.text)
                  0000196e    00000002                                   : _lock.c.obj (.text:_nop)
                  00001970    00000130     sysbios.aem4f : BIOS.obj (.text:ti_sysbios_knl_Semaphore_pend__E)
                  00001aa0    00000124     rtsv7M4_T_le_v4SPD16_eabi.lib : _printfi.c.obj (.text:fcvt)
                  00001bc4    00000110                                   : s_scalbn.c.obj (.text:scalbn)
                  00001cd4    00000108     msp432p4xx_driverlib.lib : pcm.o (.text:__PCM_setCoreVoltageLevelAdvanced)
                  00001ddc    00000004                              : cpu.o (.text:CPU_wfi)
                  00001de0    00000108     sysbios.aem4f : BIOS.obj (.text:ti_sysbios_knl_Task_postInit__I)
                  00001ee8    00000108                   : BIOS.obj (.text:xdc_runtime_Startup_startMods__I)
                  00001ff0    00000104                   : BIOS.obj (.text:ti_sysbios_knl_Task_Instance_finalize__E)
                  000020f4    000000fc     GPIO_MSP432.obj (.text:GPIO_setBitIO)
                  000021f0    000000fc     rtsv7M4_T_le_v4SPD16_eabi.lib : fd_mul_t2.asm.obj (.text)
                  000022ec    00000004     release_pem4f.oem4f (.text:ti_sysbios_family_arm_m3_TaskSupport_Module__startupDone__S)
                  000022f0    000000f8     sysbios.aem4f : BIOS.obj (.text:ti_sysbios_family_arm_msp432_init_Boot_configureClocksHigh)
                  000023e8    000000f0                   : BIOS.obj (.text:pthread_create)
                  000024d8    000000f0                   : m3_Hwi_asm.obj (.text:ti_sysbios_family_arm_m3_Hwi_dispatch__I)
                  000025c8    000000e4                   : BIOS.obj (.text:ti_sysbios_knl_Task_Instance_init__E)
                  000026ac    00000002     rtsv7M4_T_le_v4SPD16_eabi.lib : div0.asm.obj (.text)
                  000026ae    00000002     release_pem4f.oem4f (.text:ti_sysbios_BIOS_nullFunc__I)
                  000026b0    000000d0     sysbios.aem4f : BIOS.obj (.text:ti_sysbios_heaps_HeapMem_alloc__E)
                  00002780    000000c8     system_msp432p401r.obj (.text:SystemInit)
                  00002848    000000c4     sysbios.aem4f : BIOS.obj (.text:ti_sysbios_knl_Task_sleep__E)
                  0000290c    000000b1     rtsv7M4_T_le_v4SPD16_eabi.lib : _printfi.c.obj (.text:_ltostr)
                  000029bd    00000003     --HOLE-- [fill = 0]
                  000029c0    000000aa     sysbios.aem4f : BIOS.obj (.text:xdc_runtime_Core_createObject__I)
                  00002a6a    00000006     --HOLE-- [fill = 0]
                  00002a70    000000a8                   : BIOS.obj (.text:ti_sysbios_family_arm_msp432_Timer_periodicStub__E)
                  00002b18    000000a4                   : BIOS.obj (.text:ti_sysbios_knl_Task_setPri__E)
                  00002bbc    000000a0     auto_init.aem4f : auto_init.oem4f (.text)
                  00002c5c    0000009c     HVAC_IO.obj (.text:HVAC_InicialiceIO)
                  00002cf8    0000009c     rtsv7M4_T_le_v4SPD16_eabi.lib : memcpy_t2.asm.obj (.text)
                  00002d94    00000096                                   : ull_div_t2.asm.obj (.text)
                  00002e2a    00000006     --HOLE-- [fill = 0]
                  00002e30    00000094     sysbios.aem4f : BIOS.obj (.text:_pthread_removeThreadKeys)
                  00002ec4    00000004     --HOLE-- [fill = 0]
                  00002ec8    00000094                   : BIOS.obj (.text:ti_sysbios_family_arm_m3_Hwi_initNVIC__E)
                  00002f5c    00000004     --HOLE-- [fill = 0]
                  00002f60    00000094                   : BIOS.obj (.text:ti_sysbios_knl_Task_exit__E)
                  00002ff4    00000090     GPIO_MSP432.obj (.text:GPIO_setOutput)
                  00003084    00000090     HVAC_IO.obj (.text:HVAC_Heartbeat)
                  00003114    00000004     --HOLE-- [fill = 0]
                  00003118    00000090     sysbios.aem4f : BIOS.obj (.text:ti_sysbios_knl_Task_Module_startup__E)
                  000031a8    0000008c     HVAC_IO.obj (.text:HVAC_ActualizarSalidas)
                  00003234    0000008c     sysbios.aem4f : m3_TaskSupport_asm.obj (.text:ti_sysbios_family_arm_m3_TaskSupport_buildTaskStack)
                  000032c0    0000008c                   : BIOS.obj (.text:xdc_runtime_Memory_alloc__E)
                  0000334c    00000086     rtsv7M4_T_le_v4SPD16_eabi.lib : fd_cmp_t2.asm.obj (.text:__aeabi_cdcmple)
                  000033d2    00000086                                   : fd_cmp_t2.asm.obj (.text:__aeabi_cdrcmple)
                  00003458    00000086     sysbios.aem4f : BIOS.obj (.text:xdc_runtime_Core_constructObject__I)
                  000034de    00000002     --HOLE-- [fill = 0]
                  000034e0    00000084     ADC_MSP432.obj (.text:ADC_GetTemperature)
                  00003564    00000084     msp432p4xx_driverlib.lib : pcm.o (.text:PCM_gotoLPM3)
                  000035e8    00000084     sysbios.aem4f : BIOS.obj (.text:ti_sysbios_family_arm_m3_Hwi_postInit__I)
                  0000366c    00000004     --HOLE-- [fill = 0]
                  00003670    00000084                   : BIOS.obj (.text:ti_sysbios_heaps_HeapMem_free__E)
                  000036f4    00000080     INT_MSP432.obj (.text:Int_enableInterrupt)
                  00003774    00000004     --HOLE-- [fill = 0]
                  00003778    00000080     sysbios.aem4f : BIOS.obj (.text:ti_sysbios_knl_Clock_workFunc__E)
                  000037f8    0000007a     rtsv7M4_T_le_v4SPD16_eabi.lib : memset_t2.asm.obj (.text)
                  00003872    00000006     --HOLE-- [fill = 0]
                  00003878    00000070     sysbios.aem4f : BIOS.obj (.text:ti_sysbios_heaps_HeapMem_initPrimary__I)
                  000038e8    0000006e     rtsv7M4_T_le_v4SPD16_eabi.lib : _printfi.c.obj (.text:_mcpy)
                  00003956    00000002     --HOLE-- [fill = 0]
                  00003958    0000006c     sysbios.aem4f : BIOS.obj (.text:ti_sysbios_knl_Swi_restoreHwi__E)
                  000039c4    00000068     GPIO_MSP432.obj (.text:GPIO_init_board)
                  00003a2c    00000068     HVAC_IO.obj (.text:HVAC_Cool)
                  00003a94    00000068     UART_MSP432.obj (.text:UART_init)
                  00003afc    00000068     rtsv7M4_T_le_v4SPD16_eabi.lib : copy_decompress_lzss.c.obj (.text:decompress:lzss:__TI_decompress_lzss)
                  00003b64    00000004     --HOLE-- [fill = 0]
                  00003b68    00000066     sysbios.aem4f : BIOS.obj (.text:xdc_runtime_Core_deleteObject__I)
                  00003bce    00000002     --HOLE-- [fill = 0]
                  00003bd0    00000064     rtsv7M4_T_le_v4SPD16_eabi.lib : s_frexp.c.obj (.text:frexp)
                  00003c34    00000064     Threads.obj (.text:main)
                  00003c98    00000064     sysbios.aem4f : BIOS.obj (.text:pthread_exit)
                  00003cfc    00000004     --HOLE-- [fill = 0]
                  00003d00    00000064                   : BIOS.obj (.text:ti_sysbios_family_arm_m3_Hwi_dispatchC__I)
                  00003d64    00000004     --HOLE-- [fill = 0]
                  00003d68    00000060                   : BIOS.obj (.text:ti_sysbios_knl_Semaphore_post__E)
                  00003dc8    00000060                   : BIOS.obj (.text:ti_sysbios_knl_Swi_run__I)
                  00003e28    00000060     release_pem4f.oem4f (.text:ti_sysbios_knl_Task_create)
                  00003e88    0000005e     msp432p4xx_driverlib.lib : pcm.o (.text:PCM_getCoreVoltageLevel)
                  00003ee6    00000002     --HOLE-- [fill = 0]
                  00003ee8    0000005c     HVAC_IO.obj (.text:HVAC_Heat)
                  00003f44    0000005c     INT_MSP432.obj (.text:Int_registerInterrupt)
                  00003fa0    0000005c     sysbios.aem4f : BIOS.obj (.text:ti_sysbios_knl_Swi_schedule__I)
                  00003ffc    00000004     --HOLE-- [fill = 0]
                  00004000    0000005c                   : BIOS.obj (.text:ti_sysbios_knl_Task_startCore__E)
                  0000405c    00000004     --HOLE-- [fill = 0]
                  00004060    0000005c                   : BIOS.obj (.text:xdc_runtime_Startup_exec__E)
                  000040bc    0000005a     msp432p4xx_driverlib.lib : pcm.o (.text:PCM_getPowerMode)
                  00004116    00000002     --HOLE-- [fill = 0]
                  00004118    00000058     UART_MSP432.obj (.text:UART_clck_source)
                  00004170    00000058     UART_MSP432.obj (.text:UART_set_baud_rate)
                  000041c8    00000058     boot.aem4f : boot.oem4f (.text)
                  00004220    00000058     sysbios.aem4f : m3_Hwi_asm_switch.obj (.text:ti_sysbios_family_arm_m3_Hwi_initStacks__E)
                  00004278    00000056     rtsv7M4_T_le_v4SPD16_eabi.lib : _printfi.c.obj (.text:_pconv_f)
                  000042ce    00000002     --HOLE-- [fill = 0]
                  000042d0    00000054     msp432p4xx_driverlib.lib : pcm.o (.text:PCM_shutdownDevice)
                  00004324    00000054     rtsv7M4_T_le_v4SPD16_eabi.lib : _ltoa.c.obj (.text:__TI_ltoa)
                  00004378    00000054     sysbios.aem4f : BIOS.obj (.text:ti_sysbios_family_arm_msp432_Timer_initDevice__I)
                  000043cc    00000052     rtsv7M4_T_le_v4SPD16_eabi.lib : _printfi.c.obj (.text:_ecpy)
                  0000441e    00000002     --HOLE-- [fill = 0]
                  00004420    00000050     sysbios.aem4f : BIOS.obj (.text:ti_sysbios_family_arm_m3_Hwi_Module_startup__E)
                  00004470    0000004c     rtsv7M4_T_le_v4SPD16_eabi.lib : atoi.c.obj (.text:atoi)
                  000044bc    0000004c                                   : cpy_tbl.c.obj (.text:copy_in)
                  00004508    0000004c     sysbios.aem4f : BIOS.obj (.text:ti_sysbios_family_arm_msp432_Timer_postInit__I)
                  00004554    00000004     --HOLE-- [fill = 0]
                  00004558    0000004c                   : BIOS.obj (.text:ti_sysbios_family_arm_msp432_Timer_start__E)
                  000045a4    00000004     --HOLE-- [fill = 0]
                  000045a8    0000004c                   : BIOS.obj (.text:ti_sysbios_heaps_HeapMem_getStats__E)
                  000045f4    00000004     --HOLE-- [fill = 0]
                  000045f8    0000004c                   : BIOS.obj (.text:ti_sysbios_knl_Swi_runLoop__I)
                  00004644    00000004     --HOLE-- [fill = 0]
                  00004648    0000004c                   : BIOS.obj (.text:ti_sysbios_knl_Task_allBlockedFunction__I)
                  00004694    00000004     --HOLE-- [fill = 0]
                  00004698    0000004c                   : BIOS.obj (.text:ti_sysbios_knl_Task_schedule__I)
                  000046e4    00000048     rtsv7M4_T_le_v4SPD16_eabi.lib : fd_toi_t2.asm.obj (.text)
                  0000472c    00000004     --HOLE-- [fill = 0]
                  00004730    00000048     sysbios.aem4f : BIOS.obj (.text:ti_sysbios_family_arm_m3_Hwi_enableInterrupt__E)
                  00004778    00000048                   : BIOS.obj (.text:ti_sysbios_knl_Mailbox_Module_startup__E)
                  000047c0    00000048                   : BIOS.obj (.text:xdc_runtime_Core_assignParams__I)
                  00004808    00000044                   : BIOS.obj (.text:ti_sysbios_family_arm_m3_Hwi_getStackInfo__E)
                  0000484c    00000004     --HOLE-- [fill = 0]
                  00004850    00000044                   : BIOS.obj (.text:ti_sysbios_knl_Swi_post__E)
                  00004894    00000040     ADC_MSP432.obj (.text:ADC_EnableTemperatureSensor)
                  000048d4    00000040     rtsv7M4_T_le_v4SPD16_eabi.lib : sprintf.c.obj (.text:sprintf)
                  00004914    00000004     --HOLE-- [fill = 0]
                  00004918    00000040     sysbios.aem4f : BIOS.obj (.text:ti_sysbios_family_arm_msp432_Timer_Module_startup__E)
                  00004958    00000040                   : BIOS.obj (.text:ti_sysbios_family_arm_msp432_Timer_startup__E)
                  00004998    00000040     release_pem4f.oem4f (.text:ti_sysbios_gates_GateHwi_Object__create__S)
                  000049d8    00000040     release_pem4f.oem4f (.text:ti_sysbios_gates_GateMutex_Object__create__S)
                  00004a18    00000040     sysbios.aem4f : BIOS.obj (.text:ti_sysbios_heaps_HeapMem_Instance_init__E)
                  00004a58    00000040     release_pem4f.oem4f (.text:ti_sysbios_heaps_HeapMem_Object__create__S)
                  00004a98    0000003e     rtsv7M4_T_le_v4SPD16_eabi.lib : _printfi.c.obj (.text:_fcpy)
                  00004ad6    00000002     --HOLE-- [fill = 0]
                  00004ad8    0000003c     ADC_MSP432.obj (.text:ADC_Initialize)
                  00004b14    0000003c     GPIO_MSP432.obj (.text:GPIO_interruptEdgeSelect)
                  00004b50    0000003c     sysbios.aem4f : BIOS.obj (.text:ti_sysbios_family_arm_msp432_Seconds_Module_startup__E)
                  00004b8c    00000004     --HOLE-- [fill = 0]
                  00004b90    0000003c                   : BIOS.obj (.text:ti_sysbios_knl_Swi_restore__E)
                  00004bcc    00000004     --HOLE-- [fill = 0]
                  00004bd0    0000003c                   : BIOS.obj (.text:usleep)
                  00004c0c    00000038     HVAC_IO.obj (.text:INT_SWI)
                  00004c44    00000038     rtsv7M4_T_le_v4SPD16_eabi.lib : fs_tod_t2.asm.obj (.text)
                  00004c7c    00000038     release_pem4f.oem4f (.text:ti_sysbios_knl_Clock_doTick__I)
                  00004cb4    00000004     --HOLE-- [fill = 0]
                  00004cb8    00000038     sysbios.aem4f : BIOS.obj (.text:xdc_runtime_System_atexit__E)
                  00004cf0    00000034     UART_MSP432.obj (.text:UART_sendByte)
                  00004d24    00000034     UART_MSP432.obj (.text:UART_set_parity)
                  00004d58    00000034     release_pem4f.oem4f (.text:ti_sysbios_knl_Semaphore_construct)
                  00004d8c    00000004     --HOLE-- [fill = 0]
                  00004d90    00000032     sysbios.aem4f : BIOS.obj (.text:ti_sysbios_hal_Hwi_initStack)
                  00004dc2    00000002     --HOLE-- [fill = 0]
                  00004dc4    00000030     GPIO_MSP432.obj (.text:GPIO_getInputPinValue)
                  00004df4    00000030     UART_MSP432.obj (.text:UART_set_location_pin)
                  00004e24    00000030     release_pem4f.oem4f (.text:ti_sysbios_BIOS_atExitFunc__I)
                  00004e54    00000030     release_pem4f.oem4f (.text:ti_sysbios_BIOS_rtsLock__I)
                  00004e84    00000030     release_pem4f.oem4f (.text:ti_sysbios_BIOS_startFunc__I)
                  00004eb4    00000030     release_pem4f.oem4f (.text:ti_sysbios_family_arm_m3_Hwi_Object__get__S)
                  00004ee4    00000004     --HOLE-- [fill = 0]
                  00004ee8    00000030     sysbios.aem4f : BIOS.obj (.text:ti_sysbios_family_arm_m3_TaskSupport_start__E)
                  00004f18    00000030                   : BIOS.obj (.text:ti_sysbios_gates_GateMutex_enter__E)
                  00004f48    00000030     release_pem4f.oem4f (.text:ti_sysbios_heaps_HeapMem_Object__get__S)
                  00004f78    00000030     sysbios.aem4f : BIOS.obj (.text:ti_sysbios_knl_Mailbox_postInit__I)
                  00004fa8    00000030     release_pem4f.oem4f (.text:ti_sysbios_knl_Queue_construct)
                  00004fd8    00000030     sysbios.aem4f : BIOS.obj (.text:ti_sysbios_knl_Semaphore_pendTimeout__I)
                  00005008    00000030     release_pem4f.oem4f (.text:ti_sysbios_knl_Swi_Object__get__S)
                  00005038    00000030     sysbios.aem4f : BIOS.obj (.text:ti_sysbios_knl_Task_processVitalTaskFlag__I)
                  00005068    00000030                   : BIOS.obj (.text:ti_sysbios_knl_Task_restore__E)
                  00005098    00000030                   : BIOS.obj (.text:ti_sysbios_knl_Task_unblockI__E)
                  000050c8    00000030                   : BIOS.obj (.text:xdc_runtime_System_processAtExit__E)
                  000050f8    0000002e                   : BIOS.obj (.text:pthread_setcancelstate)
                  00005126    0000002e     rtsv7M4_T_le_v4SPD16_eabi.lib : i_tofd_t2.asm.obj (.text)
                  00005154    0000002c     HVAC_IO.obj (.text:HVAC_InicialiceADC)
                  00005180    0000002c     msp432p4xx_driverlib.lib : rtc_c.o (.text:RTC_C_holdClock)
                  000051ac    00000004     --HOLE-- [fill = 0]
                  000051b0    0000002c     sysbios.aem4f : BIOS.obj (.text:_pthread_cleanupFxn)
                  000051dc    00000004     --HOLE-- [fill = 0]
                  000051e0    0000002c                   : BIOS.obj (.text:_pthread_delete$43)
                  0000520c    0000002c     release_pem4f.oem4f (.text:ti_sysbios_BIOS_rtsUnlock__I)
                  00005238    0000002c     release_pem4f.oem4f (.text:ti_sysbios_gates_GateHwi_Handle__label__S)
                  00005264    0000002c     release_pem4f.oem4f (.text:ti_sysbios_gates_GateMutex_Handle__label__S)
                  00005290    0000002c     release_pem4f.oem4f (.text:ti_sysbios_heaps_HeapMem_Handle__label__S)
                  000052bc    0000002c     release_pem4f.oem4f (.text:ti_sysbios_knl_Semaphore_Params__init__S)
                  000052e8    0000002c     release_pem4f.oem4f (.text:ti_sysbios_knl_Task_Object__get__S)
                  00005314    0000002c     release_pem4f.oem4f (.text:ti_sysbios_knl_Task_Params__init__S)
                  00005340    00000028     msp432p4xx_driverlib.lib : pcm.o (.text:PCM_gotoLPM0)
                  00005368    00000028     sysbios.aem4f : m3_Hwi_asm.obj (.text:ti_sysbios_family_arm_m3_Hwi_excHandlerAsm__I)
                  00005390    00000028     release_pem4f.oem4f (.text:ti_sysbios_gates_GateMutex_Object__delete__S)
                  000053b8    00000028     sysbios.aem4f : BIOS.obj (.text:ti_sysbios_knl_Clock_addI__E)
                  000053e0    00000028                   : BIOS.obj (.text:ti_sysbios_knl_Swi_Module_startup__E)
                  00005408    00000028     release_pem4f.oem4f (.text:ti_sysbios_knl_Task_Object__delete__S)
                  00005430    00000026     HVAC_Thread.obj (.text:HVAC_Thread)
                  00005456    00000026     sysbios.aem4f : m3_Hwi_asm.obj (.text:ti_sysbios_family_arm_m3_Hwi_pendSV__I)
                  0000547c    00000024     HVAC_IO.obj (.text:HVAC_SetPointDown)
                  000054a0    00000024     HVAC_IO.obj (.text:HVAC_SetPointUp)
                  000054c4    00000024     UART_MSP432.obj (.text:UART_putsf)
                  000054e8    00000024     msp432p4xx_driverlib.lib : wdt_a.o (.text:WDT_A_holdTimer)
                  0000550c    00000004     --HOLE-- [fill = 0]
                  00005510    00000024     sysbios.aem4f : BIOS.obj (.text:pthread_attr_init)
                  00005534    00000024     release_pem4f.oem4f (.text:ti_sysbios_BIOS_registerRTSLock__I)
                  00005558    00000024     release_pem4f.oem4f (.text:ti_sysbios_gates_GateHwi_Object__delete__S)
                  0000557c    00000024     release_pem4f.oem4f (.text:ti_sysbios_heaps_HeapMem_Object__delete__S)
                  000055a0    00000024     sysbios.aem4f : BIOS.obj (.text:ti_sysbios_knl_Clock_Module_startup__E)
                  000055c4    00000004     --HOLE-- [fill = 0]
                  000055c8    00000024                   : BIOS.obj (.text:ti_sysbios_knl_Semaphore_Instance_init__E)
                  000055ec    00000004     --HOLE-- [fill = 0]
                  000055f0    00000024                   : BIOS.obj (.text:ti_sysbios_knl_Task_restoreHwi__E)
                  00005614    00000004     --HOLE-- [fill = 0]
                  00005618    00000024                   : BIOS.obj (.text:xdc_runtime_Error_policyMin__E)
                  0000563c    00000020     ADC_MSP432.obj (.text:ADC_ConfigurePinChannel)
                  0000565c    00000020     release_pem4f.oem4f (.text:ti_sysbios_BIOS_removeRTSLock__I)
                  0000567c    00000004     --HOLE-- [fill = 0]
                  00005680    00000020     sysbios.aem4f : BIOS.obj (.text:ti_sysbios_knl_Idle_run__E)
                  000056a0    00000020     release_pem4f.oem4f (.text:ti_sysbios_knl_Mailbox_Object__get__S)
                  000056c0    00000020     release_pem4f.oem4f (.text:ti_sysbios_knl_Semaphore_destruct)
                  000056e0    00000020     release_pem4f.oem4f (.text:ti_sysbios_rts_ti_ReentSupport_getTlsAddr__I)
                  00005700    00000020     release_pem4f.oem4f (.text:xdc_runtime_IHeap_alloc)
                  00005720    0000001e     sysbios.aem4f : m3_Hwi_asm_switch.obj (.text:ti_sysbios_family_xxx_Hwi_switchAndRunFunc)
                  0000573e    0000001e     release_pem4f.oem4f (.text:ti_sysbios_knl_Task_SupportProxy_start__E)
                  0000575c    0000001e     release_pem4f.oem4f (.text:xdc_runtime_Memory_HeapProxy_alloc__E)
                  0000577a    00000002     --HOLE-- [fill = 0]
                  0000577c    0000001c     ADC_MSP432.obj (.text:ADC_SetEndOfSequenceChannel)
                  00005798    0000001c     ADC_MSP432.obj (.text:ADC_result)
                  000057b4    0000001c     rtsv7M4_T_le_v4SPD16_eabi.lib : memccpy.c.obj (.text:memccpy)
                  000057d0    0000001c     release_pem4f.oem4f (.text:ti_sysbios_family_arm_m3_Hwi_Module__startupDone__F)
                  000057ec    00000004     --HOLE-- [fill = 0]
                  000057f0    0000001c     sysbios.aem4f : BIOS.obj (.text:ti_sysbios_family_arm_m3_Hwi_excHandler__I)
                  0000580c    0000001c     release_pem4f.oem4f (.text:ti_sysbios_family_arm_msp432_Timer_Module__startupDone__F)
                  00005828    0000001c     sysbios.aem4f : BIOS.obj (.text:ti_sysbios_gates_GateMutex_Instance_init__E)
                  00005844    0000001c     release_pem4f.oem4f (.text:ti_sysbios_knl_Queue_Object__get__S)
                  00005860    0000001c     release_pem4f.oem4f (.text:ti_sysbios_knl_Queue_destruct)
                  0000587c    00000004     --HOLE-- [fill = 0]
                  00005880    0000001c     sysbios.aem4f : BIOS.obj (.text:ti_sysbios_knl_Queue_put__E)
                  0000589c    00000004     --HOLE-- [fill = 0]
                  000058a0    0000001c                   : BIOS.obj (.text:ti_sysbios_knl_Task_enter__I)
                  000058bc    00000004     --HOLE-- [fill = 0]
                  000058c0    0000001c                   : BIOS.obj (.text:ti_sysbios_rts_ti_ReentSupport_getReent__F)
                  000058dc    00000004     --HOLE-- [fill = 0]
                  000058e0    0000001c                   : BIOS.obj (.text:xdc_runtime_Memory_valloc__E)
                  000058fc    0000001c     release_pem4f.oem4f (.text:xdc_runtime_Startup_exec__I)
                  00005918    0000001c     sysbios.aem4f : BIOS.obj (.text:xdc_runtime_System_abort__E)
                  00005934    0000001a     rtsv7M4_T_le_v4SPD16_eabi.lib : s_copysign.c.obj (.text:copysign)
                  0000594e    0000001a     release_pem4f.oem4f (.text:xdc_runtime_IHeap_free)
                  00005968    00000018     release_pem4f.oem4f (.text:.bootCodeSection:ti_sysbios_family_arm_msp432_init_Boot_init__I)
                  00005980    00000018     ADC_MSP432.obj (.text:ADC_SetConvertionMode)
                  00005998    00000018     ADC_MSP432.obj (.text:ADC_trigger)
                  000059b0    00000018     UART_MSP432.obj (.text:UART_B_char_IE)
                  000059c8    00000018     UART_MSP432.obj (.text:UART_E_char_IE)
                  000059e0    00000018     UART_MSP432.obj (.text:UART_data_bits)
                  000059f8    00000018     UART_MSP432.obj (.text:UART_mode)
                  00005a10    00000018     UART_MSP432.obj (.text:UART_set_oversampling)
                  00005a28    00000018     UART_MSP432.obj (.text:UART_set_stop_bits)
                  00005a40    00000018     UART_MSP432.obj (.text:UART_set_transmision_dir)
                  00005a58    00000018     rtsv7M4_T_le_v4SPD16_eabi.lib : args_main.c.obj (.text:_args_main)
                  00005a70    00000018                                   : sprintf.c.obj (.text:_outs)
                  00005a88    00000018     sysbios.aem4f : m3_TaskSupport_asm.obj (.text:ti_sysbios_family_arm_m3_TaskSupport_swap__E)
                  00005aa0    00000018                   : BIOS.obj (.text:ti_sysbios_gates_GateMutex_leave__E)
                  00005ab8    00000018                   : BIOS.obj (.text:ti_sysbios_knl_Task_sleepTimeout__I)
                  00005ad0    00000018                   : BIOS.obj (.text:xdc_runtime_Error_init__E)
                  00005ae8    00000018                   : BIOS.obj (.text:xdc_runtime_System_exit__E)
                  00005b00    00000016     UART_MSP432.obj (.text:UART_den)
                  00005b16    00000016     UART_MSP432.obj (.text:UART_en)
                  00005b2c    00000016     rtsv7M4_T_le_v4SPD16_eabi.lib : strchr.c.obj (.text:strchr)
                  00005b42    00000016     release_pem4f.oem4f (.text:ti_sysbios_BIOS_exitFunc__I)
                  00005b58    00000016     sysbios.aem4f : BIOS.obj (.text:ti_sysbios_knl_Task_unblock__E)
                  00005b6e    00000002     --HOLE-- [fill = 0]
                  00005b70    00000014     msp432p4xx_driverlib.lib : pcm.o (.text:PCM_getPowerState)
                  00005b84    00000004     --HOLE-- [fill = 0]
                  00005b88    00000014     sysbios.aem4f : BIOS.obj (.text:pthread_attr_setschedparam)
                  00005b9c    00000014     rtsv7M4_T_le_v4SPD16_eabi.lib : strlen.c.obj (.text:strlen)
                  00005bb0    00000014     sysbios.aem4f : BIOS.obj (.text:ti_sysbios_family_arm_m3_Hwi_switchFromBootStack__E)
                  00005bc4    00000014     release_pem4f.oem4f (.text:ti_sysbios_hal_Hwi_HwiProxy_getStackInfo__E)
                  00005bd8    00000014     release_pem4f.oem4f (.text:ti_sysbios_knl_Clock_Module_State_clockQ)
                  00005bec    00000014     release_pem4f.oem4f (.text:xdc_runtime_Memory_HeapProxy_free__E)
                  00005c00    00000012     sysbios.aem4f : BIOS.obj (.text:_pthread_cleanup_pop)
                  00005c12    00000006     --HOLE-- [fill = 0]
                  00005c18    00000012                   : BIOS.obj (.text:_pthread_runStub$43)
                  00005c2a    00000006     --HOLE-- [fill = 0]
                  00005c30    00000012                   : BIOS.obj (.text:ti_sysbios_hal_Hwi_Module_startup__E)
                  00005c42    00000012     rtsv7M4_T_le_v4SPD16_eabi.lib : wcslen.c.obj (.text:wcslen)
                  00005c54    00000010     ADC_MSP432.obj (.text:ADC_is_busy)
                  00005c64    00000010     msp432p4xx_driverlib.lib : pcm.o (.text:PCM_gotoLPM4)
                  00005c74    00000010                              : pcm.o (.text:PCM_setPowerMode)
                  00005c84    00000010                              : pcm.o (.text:PCM_setPowerState)
                  00005c94    00000010     release_pem4f.oem4f (.text:ti_sysbios_BIOS_RtsGateProxy_leave__E)
                  00005ca4    00000004     --HOLE-- [fill = 0]
                  00005ca8    00000010     sysbios.aem4f : BIOS.obj (.text:ti_sysbios_BIOS_exit__E)
                  00005cb8    00000010                   : BIOS.obj (.text:ti_sysbios_BIOS_setThreadType__E)
                  00005cc8    00000010                   : BIOS.obj (.text:ti_sysbios_BIOS_start__E)
                  00005cd8    00000010                   : m3_TaskSupport_asm.obj (.text:ti_sysbios_family_arm_m3_TaskSupport_glue)
                  00005ce8    00000010                   : BIOS.obj (.text:ti_sysbios_family_arm_msp432_init_Boot_disableWatchdog)
                  00005cf8    00000010                   : BIOS.obj (.text:ti_sysbios_gates_GateMutex_Instance_finalize__E)
                  00005d08    00000010     release_pem4f.oem4f (.text:ti_sysbios_heaps_HeapMem_Module_GateProxy_leave__E)
                  00005d18    00000010     sysbios.aem4f : BIOS.obj (.text:ti_sysbios_knl_Semaphore_Instance_finalize__E)
                  00005d28    00000010                   : BIOS.obj (.text:ti_sysbios_knl_Swi_disable__E)
                  00005d38    00000010     release_pem4f.oem4f (.text:ti_sysbios_knl_Task_SupportProxy_swap__E)
                  00005d48    00000010     sysbios.aem4f : BIOS.obj (.text:ti_sysbios_knl_Task_disable__E)
                  00005d58    00000010                   : BIOS.obj (.text:xdc_runtime_Gate_leaveSystem__E)
                  00005d68    00000010                   : BIOS.obj (.text:xdc_runtime_Memory_free__E)
                  00005d78    00000010                   : BIOS.obj (.text:xdc_runtime_SysCallback_abort__E)
                  00005d88    00000010                   : BIOS.obj (.text:xdc_runtime_SysCallback_exit__E)
                  00005d98    00000010     release_pem4f.oem4f (.text:xdc_runtime_System_Module_GateProxy_leave__E)
                  00005da8    0000000e     rtsv7M4_T_le_v4SPD16_eabi.lib : copy_decompress_none.c.obj (.text:decompress:none:__TI_decompress_none)
                  00005db6    00000002     --HOLE-- [fill = 0]
                  00005db8    0000000e     sysbios.aem4f : BIOS.obj (.text:pthread_attr_setdetachstate)
                  00005dc6    00000002     --HOLE-- [fill = 0]
                  00005dc8    0000000e                   : BIOS.obj (.text:ti_sysbios_knl_Idle_loop__E)
                  00005dd6    00000002     --HOLE-- [fill = 0]
                  00005dd8    0000000e                   : BIOS.obj (.text:ti_sysbios_knl_Queue_empty__E)
                  00005de6    00000002     --HOLE-- [fill = 0]
                  00005de8    0000000c     rtsv7M4_T_le_v4SPD16_eabi.lib : _lock.c.obj (.text:_register_lock)
                  00005df4    0000000c                                   : _lock.c.obj (.text:_register_unlock)
                  00005e00    0000000c                                   : copy_zero_init.c.obj (.text:decompress:ZI:__TI_zero_init)
                  00005e0c    00000004     --HOLE-- [fill = 0]
                  00005e10    0000000c     sysbios.aem4f : BIOS.obj (.text:pthread_self)
                  00005e1c    0000000c     release_pem4f.oem4f (.text:ti_sysbios_BIOS_RtsGateProxy_enter__E)
                  00005e28    0000000c     sysbios.aem4f : BIOS.obj (.text:ti_sysbios_family_arm_m3_TaskSupport_getStackAlignment__E)
                  00005e34    00000004     --HOLE-- [fill = 0]
                  00005e38    0000000c                   : BIOS.obj (.text:ti_sysbios_family_arm_msp432_Timer_getMaxTicks__E)
                  00005e44    00000004     --HOLE-- [fill = 0]
                  00005e48    0000000c                   : BIOS.obj (.text:ti_sysbios_gates_GateHwi_enter__E)
                  00005e54    0000000c     release_pem4f.oem4f (.text:ti_sysbios_heaps_HeapMem_Module_GateProxy_enter__E)
                  00005e60    0000000c     release_pem4f.oem4f (.text:ti_sysbios_heaps_HeapMem_Module_GateProxy_query__E)
                  00005e6c    0000000c     release_pem4f.oem4f (.text:ti_sysbios_knl_Clock_TimerProxy_getMaxTicks__E)
                  00005e78    0000000c     release_pem4f.oem4f (.text:ti_sysbios_knl_Task_delete)
                  00005e84    00000004     --HOLE-- [fill = 0]
                  00005e88    0000000c     sysbios.aem4f : BIOS.obj (.text:ti_sysbios_knl_Task_self__E)
                  00005e94    00000004     --HOLE-- [fill = 0]
                  00005e98    0000000c                   : BIOS.obj (.text:ti_sysbios_rts_ti_ReentSupport_taskRegHook__I)
                  00005ea4    00000004     --HOLE-- [fill = 0]
                  00005ea8    0000000c                   : BIOS.obj (.text:xdc_runtime_Gate_enterSystem__E)
                  00005eb4    00000004     --HOLE-- [fill = 0]
                  00005eb8    0000000c                   : BIOS.obj (.text:xdc_runtime_Startup_rtsDone__E)
                  00005ec4    0000000c     release_pem4f.oem4f (.text:xdc_runtime_System_Module_GateProxy_enter__E)
                  00005ed0    0000000c     release_pem4f.oem4f (.text:xdc_runtime_System_SupportProxy_abort__E)
                  00005edc    0000000c     release_pem4f.oem4f (.text:xdc_runtime_System_SupportProxy_exit__E)
                  00005ee8    0000000a     rtsv7M4_T_le_v4SPD16_eabi.lib : sprintf.c.obj (.text:_outc)
                  00005ef2    00000008     HVAC_IO.obj (.text:HVAC_InicialiceUART)
                  00005efa    00000006     --HOLE-- [fill = 0]
                  00005f00    00000008     sysbios.aem4f : BIOS.obj (.text:pthread_attr_setstacksize)
                  00005f08    00000008     release_pem4f.oem4f (.text:ti_sysbios_family_arm_m3_Hwi_Module__startupDone__S)
                  00005f10    00000008     sysbios.aem4f : BIOS.obj (.text:ti_sysbios_family_arm_m3_Hwi_doSwiRestore__I)
                  00005f18    00000008                   : BIOS.obj (.text:ti_sysbios_family_arm_m3_Hwi_startup__E)
                  00005f20    00000008     release_pem4f.oem4f (.text:ti_sysbios_family_arm_msp432_Timer_Module__startupDone__S)
                  00005f28    00000008     release_pem4f.oem4f (.text:ti_sysbios_hal_Hwi_HwiProxy_Module__startupDone__S)
                  00005f30    00000008     release_pem4f.oem4f (.text:ti_sysbios_hal_Hwi_HwiProxy_startup__E)
                  00005f38    00000008     release_pem4f.oem4f (.text:ti_sysbios_hal_Hwi_HwiProxy_switchFromBootStack__E)
                  00005f40    00000008     release_pem4f.oem4f (.text:ti_sysbios_knl_Clock_TimerProxy_Module__startupDone__S)
                  00005f48    00000008     release_pem4f.oem4f (.text:ti_sysbios_knl_Task_SupportProxy_Module__startupDone__S)
                  00005f50    00000008     release_pem4f.oem4f (.text:ti_sysbios_knl_Task_SupportProxy_getStackAlignment__E)
                  00005f58    00000008     release_pem4f.oem4f (.text:ti_sysbios_rts_ti_ReentSupport_getReent__E)
                  00005f60    00000008     release_pem4f.oem4f (.text:xdc_runtime_Startup_reset__I)
                  00005f68    00000006     sysbios.aem4f : BIOS.obj (.text:ti_sysbios_family_arm_m3_Hwi_doTaskRestore__I)
                  00005f6e    00000002     --HOLE-- [fill = 0]
                  00005f70    00000006                   : BIOS.obj (.text:ti_sysbios_gates_GateHwi_leave__E)
                  00005f76    00000002     --HOLE-- [fill = 0]
                  00005f78    00000006                   : BIOS.obj (.text:ti_sysbios_heaps_HeapMem_isBlocking__E)
                  00005f7e    00000002     --HOLE-- [fill = 0]
                  00005f80    00000006                   : BIOS.obj (.text:ti_sysbios_knl_Queue_Instance_init__E)
                  00005f86    00000002     --HOLE-- [fill = 0]
                  00005f88    00000006                   : BIOS.obj (.text:ti_sysbios_knl_Swi_startup__E)
                  00005f8e    00000002     --HOLE-- [fill = 0]
                  00005f90    00000006                   : BIOS.obj (.text:xdc_runtime_System_Module_startup__E)
                  00005f96    00000002     --HOLE-- [fill = 0]
                  00005f98    00000004                   : BIOS.obj (.text:__aeabi_errno_addr)
                  00005f9c    00000004     --HOLE-- [fill = 0]
                  00005fa0    00000004                   : BIOS.obj (.text:ti_sysbios_gates_GateHwi_query__E)
                  00005fa4    00000004     --HOLE-- [fill = 0]
                  00005fa8    00000004                   : BIOS.obj (.text:ti_sysbios_gates_GateMutex_query__E)
                  00005fac    00000004     --HOLE-- [fill = 0]
                  00005fb0    00000004                   : BIOS.obj (.text:ti_sysbios_knl_Task_startup__E)
                  00005fb4    00000004     --HOLE-- [fill = 0]
                  00005fb8    00000002                   : BIOS.obj (.text:ti_sysbios_BIOS_linkedWithIncorrectBootLibrary__E)
                  00005fba    00000006     --HOLE-- [fill = 0]
                  00005fc0    00000002                   : BIOS.obj (.text:ti_sysbios_gates_GateHwi_Instance_init__E)
                  00005fc2    00000006     --HOLE-- [fill = 0]
                  00005fc8    00000002                   : BIOS.obj (.text:ti_sysbios_knl_Clock_logTick__E)
                  00005fca    00000006     --HOLE-- [fill = 0]
                  00005fd0    00000002                   : BIOS.obj (.text:xdc_runtime_SysCallback_defaultAbort)
                  00005fd2    00000006     --HOLE-- [fill = 0]
                  00005fd8    00000002                   : BIOS.obj (.text:xdc_runtime_SysCallback_defaultExit)
                  00005fda    00000006     --HOLE-- [fill = 0]
                  00005fe0    00000002                   : BIOS.obj (.text:xdc_runtime_System_abortSpin__E)
                  00005fe2    00000006     --HOLE-- [fill = 0]
                  00005fe8    00000002                   : BIOS.obj (.text:xdc_runtime_System_exitSpin__E)

.const     0    00005fec    0000051e     
                  00005fec    00000101     rtsv7M4_T_le_v4SPD16_eabi.lib : ctype.c.obj (.const:.string:_ctypes_)
                  000060ed    00000001     release_pem4f.oem4f (.const:xdc_runtime_Error_policy__C)
                  000060ee    00000002     release_pem4f.oem4f (.const:ti_sysbios_family_arm_msp432_init_Boot_bypassHFXT__C)
                  000060f0    00000048     release_pem4f.oem4f (.const:.string)
                  00006138    0000003c     release_pem4f.oem4f (.const:ti_sysbios_knl_Task_Object__PARAMS__C)
                  00006174    00000030     GPIO_MSP432.obj (.const:GPIO_PORT_TO_BASE)
                  000061a4    00000028     release_pem4f.oem4f (.const:ti_sysbios_heaps_HeapMem_Module__FXNS__C)
                  000061cc    00000024     release_pem4f.oem4f (.const:ti_sysbios_gates_GateHwi_Module__FXNS__C)
                  000061f0    00000024     release_pem4f.oem4f (.const:ti_sysbios_gates_GateMutex_Module__FXNS__C)
                  00006214    00000024     release_pem4f.oem4f (.const:ti_sysbios_heaps_HeapMem_Object__PARAMS__C)
                  00006238    00000024     release_pem4f.oem4f (.const:ti_sysbios_knl_Semaphore_Object__PARAMS__C)
                  0000625c    00000024     release_pem4f.oem4f (.const:xdc_runtime_Startup_sfxnTab__A)
                  00006280    00000020     release_pem4f.oem4f (.const:ti_sysbios_gates_GateHwi_Object__DESC__C)
                  000062a0    00000020     release_pem4f.oem4f (.const:ti_sysbios_gates_GateMutex_Object__DESC__C)
                  000062c0    00000020     release_pem4f.oem4f (.const:ti_sysbios_heaps_HeapMem_Object__DESC__C)
                  000062e0    00000020     release_pem4f.oem4f (.const:ti_sysbios_knl_Queue_Object__DESC__C)
                  00006300    00000020     release_pem4f.oem4f (.const:ti_sysbios_knl_Semaphore_Object__DESC__C)
                  00006320    00000020     release_pem4f.oem4f (.const:ti_sysbios_knl_Task_Object__DESC__C)
                  00006340    0000001e     HVAC_IO.obj (.const:.string)
                  0000635e    00000002     release_pem4f.oem4f (.const:ti_sysbios_family_arm_msp432_init_Boot_bypassLFXT__C)
                  00006360    00000018     release_pem4f.oem4f (.const:ti_sysbios_gates_GateHwi_Object__PARAMS__C)
                  00006378    00000018     release_pem4f.oem4f (.const:ti_sysbios_gates_GateMutex_Object__PARAMS__C)
                  00006390    00000018     release_pem4f.oem4f (.const:ti_sysbios_knl_Queue_Object__PARAMS__C)
                  000063a8    00000018     release_pem4f.oem4f (.const:ti_sysbios_knl_Task_hooks__A)
                  000063c0    00000012     release_pem4f.oem4f (.const:xdc_runtime_Startup_sfxnRts__A)
                  000063d2    00000002     release_pem4f.oem4f (.const:ti_sysbios_family_arm_msp432_init_Boot_enableHFXT__C)
                  000063d4    0000000c     UART_MSP432.obj (.const:BRFX)
                  000063e0    0000000c     UART_MSP432.obj (.const:BRS)
                  000063ec    0000000c     UART_MSP432.obj (.const:BRX)
                  000063f8    0000000c     release_pem4f.oem4f (.const:xdc_runtime_Startup_firstFxns__A)
                  00006404    00000008     INT_MSP432.obj (.const:g_pulEnRegs)
                  0000640c    00000008     release_pem4f.oem4f (.const:ti_sysbios_knl_Idle_funcList__A)
                  00006414    00000008     release_pem4f.oem4f (.const:ti_sysbios_knl_Idle_funcList__C)
                  0000641c    00000008     release_pem4f.oem4f (.const:ti_sysbios_knl_Task_hooks__C)
                  00006424    00000008     release_pem4f.oem4f (.const:xdc_runtime_Startup_firstFxns__C)
                  0000642c    00000008     release_pem4f.oem4f (.const:xdc_runtime_Startup_lastFxns__C)
                  00006434    00000004     release_pem4f.oem4f (.const:ti_sysbios_family_arm_m3_Hwi_NUM_INTERRUPTS__C)
                  00006438    00000004     release_pem4f.oem4f (.const:ti_sysbios_family_arm_m3_Hwi_Object__count__C)
                  0000643c    00000004     release_pem4f.oem4f (.const:ti_sysbios_family_arm_m3_Hwi_Object__table__C)
                  00006440    00000004     release_pem4f.oem4f (.const:ti_sysbios_family_arm_m3_Hwi_ccr__C)
                  00006444    00000004     release_pem4f.oem4f (.const:ti_sysbios_family_arm_m3_Hwi_excHandlerFunc__C)
                  00006448    00000004     release_pem4f.oem4f (.const:ti_sysbios_family_arm_m3_Hwi_nullIsrFunc__C)
                  0000644c    00000004     release_pem4f.oem4f (.const:ti_sysbios_family_arm_m3_Hwi_priGroup__C)
                  00006450    00000004     release_pem4f.oem4f (.const:ti_sysbios_family_arm_m3_TaskSupport_stackAlignment__C)
                  00006454    00000004     release_pem4f.oem4f (.const:ti_sysbios_family_arm_msp432_Timer_numTimerDevices__C)
                  00006458    00000004     release_pem4f.oem4f (.const:ti_sysbios_family_arm_msp432_Timer_startupNeeded__C)
                  0000645c    00000004     release_pem4f.oem4f (.const:ti_sysbios_gates_GateMutex_Instance_State_sem__O)
                  00006460    00000004     release_pem4f.oem4f (.const:ti_sysbios_heaps_HeapMem_E_memory__C)
                  00006464    00000004     release_pem4f.oem4f (.const:ti_sysbios_heaps_HeapMem_Module__gateObj__C)
                  00006468    00000004     release_pem4f.oem4f (.const:ti_sysbios_heaps_HeapMem_Object__count__C)
                  0000646c    00000004     release_pem4f.oem4f (.const:ti_sysbios_heaps_HeapMem_Object__table__C)
                  00006470    00000004     release_pem4f.oem4f (.const:ti_sysbios_heaps_HeapMem_primaryHeapBaseAddr__C)
                  00006474    00000004     release_pem4f.oem4f (.const:ti_sysbios_heaps_HeapMem_primaryHeapEndAddr__C)
                  00006478    00000004     release_pem4f.oem4f (.const:ti_sysbios_heaps_HeapMem_reqAlign__C)
                  0000647c    00000004     release_pem4f.oem4f (.const:ti_sysbios_knl_Clock_Module_State_clockQ__O)
                  00006480    00000004     release_pem4f.oem4f (.const:ti_sysbios_knl_Clock_tickPeriod__C)
                  00006484    00000004     release_pem4f.oem4f (.const:ti_sysbios_knl_Mailbox_Instance_State_freeQue__O)
                  00006488    00000004     release_pem4f.oem4f (.const:ti_sysbios_knl_Mailbox_Object__count__C)
                  0000648c    00000004     release_pem4f.oem4f (.const:ti_sysbios_knl_Mailbox_maxTypeAlign__C)
                  00006490    00000004     release_pem4f.oem4f (.const:ti_sysbios_knl_Semaphore_Instance_State_pendQ__O)
                  00006494    00000004     release_pem4f.oem4f (.const:ti_sysbios_knl_Swi_Object__count__C)
                  00006498    00000004     release_pem4f.oem4f (.const:ti_sysbios_knl_Swi_Object__table__C)
                  0000649c    00000004     release_pem4f.oem4f (.const:ti_sysbios_knl_Task_Module_State_inactiveQ__O)
                  000064a0    00000004     release_pem4f.oem4f (.const:ti_sysbios_knl_Task_Object__count__C)
                  000064a4    00000004     release_pem4f.oem4f (.const:ti_sysbios_knl_Task_Object__heap__C)
                  000064a8    00000004     release_pem4f.oem4f (.const:ti_sysbios_knl_Task_Object__table__C)
                  000064ac    00000004     release_pem4f.oem4f (.const:ti_sysbios_knl_Task_allBlockedFunc__C)
                  000064b0    00000004     release_pem4f.oem4f (.const:ti_sysbios_knl_Task_defaultStackHeap__C)
                  000064b4    00000004     release_pem4f.oem4f (.const:ti_sysbios_knl_Task_defaultStackSize__C)
                  000064b8    00000004     release_pem4f.oem4f (.const:ti_sysbios_knl_Task_numConstructedTasks__C)
                  000064bc    00000004     release_pem4f.oem4f (.const:xdc_runtime_Error_E_memory__C)
                  000064c0    00000004     release_pem4f.oem4f (.const:xdc_runtime_Error_policyFxn__C)
                  000064c4    00000004     release_pem4f.oem4f (.const:xdc_runtime_IGateProvider_Interface__BASE__C)
                  000064c8    00000004     release_pem4f.oem4f (.const:xdc_runtime_IHeap_Interface__BASE__C)
                  000064cc    00000004     release_pem4f.oem4f (.const:xdc_runtime_IModule_Interface__BASE__C)
                  000064d0    00000004     release_pem4f.oem4f (.const:xdc_runtime_Memory_defaultHeapInstance__C)
                  000064d4    00000004     release_pem4f.oem4f (.const:xdc_runtime_Startup_execImpl__C)
                  000064d8    00000004     release_pem4f.oem4f (.const:xdc_runtime_Startup_maxPasses__C)
                  000064dc    00000004     release_pem4f.oem4f (.const:xdc_runtime_Startup_sfxnRts__C)
                  000064e0    00000004     release_pem4f.oem4f (.const:xdc_runtime_Startup_sfxnTab__C)
                  000064e4    00000004     release_pem4f.oem4f (.const:xdc_runtime_Startup_startModsFxn__C)
                  000064e8    00000004     release_pem4f.oem4f (.const:xdc_runtime_SysCallback_abortFxn__C)
                  000064ec    00000004     release_pem4f.oem4f (.const:xdc_runtime_SysCallback_exitFxn__C)
                  000064f0    00000004     release_pem4f.oem4f (.const:xdc_runtime_System_Module__gateObj__C)
                  000064f4    00000004     release_pem4f.oem4f (.const:xdc_runtime_System_abortFxn__C)
                  000064f8    00000004     release_pem4f.oem4f (.const:xdc_runtime_System_exitFxn__C)
                  000064fc    00000004     release_pem4f.oem4f (.const:xdc_runtime_System_maxAtexitHandlers__C)
                  00006500    00000004     release_pem4f.oem4f (.const:xdc_runtime_Text_nameUnknown__C)
                  00006504    00000002     release_pem4f.oem4f (.const:ti_sysbios_family_arm_msp432_init_Boot_enableLFXT__C)
                  00006506    00000002     release_pem4f.oem4f (.const:ti_sysbios_heaps_HeapMem_Module__id__C)
                  00006508    00000002     release_pem4f.oem4f (.const:xdc_runtime_Memory_Module__id__C)

.cinit     0    00006510    000001f0     
                  00006510    000001b8     (.cinit..data.load) [load image, compression = lzss]
                  000066c8    0000000c     (__TI_handler_table)
                  000066d4    00000004     --HOLE-- [fill = 0]
                  000066d8    00000008     (.cinit..bss.load) [load image, compression = zero_init]
                  000066e0    00000008     (.cinit..vtable.load) [load image, compression = zero_init]
                  000066e8    00000018     (__TI_cinit_table)

.init_array 
*          0    00000000    00000000     UNINITIALIZED

.data      0    20000140    000004a0     UNINITIALIZED
                  20000140    00000088     sysbios.aem4f : BIOS.obj (.data:$O1$$)
                  200001c8    00000080     release_pem4f.oem4f (.data:ti_sysbios_knl_Swi_Module_State_0_readyQ__A)
                  20000248    00000080     release_pem4f.oem4f (.data:ti_sysbios_knl_Task_Module_State_0_readyQ__A)
                  200002c8    00000054     release_pem4f.oem4f (.data:ti_sysbios_gates_GateMutex_Object__table__V)
                  2000031c    0000004c     release_pem4f.oem4f (.data:ti_sysbios_knl_Task_Object__table__V)
                  20000368    00000044     release_pem4f.oem4f (.data:ti_sysbios_family_arm_msp432_Timer_Object__table__V)
                  200003ac    00000044     release_pem4f.oem4f (.data:ti_sysbios_knl_Task_Module__state__V)
                  200003f0    00000034     release_pem4f.oem4f (.data:ti_sysbios_family_arm_m3_Hwi_Module__state__V)
                  20000424    00000030     release_pem4f.oem4f (.data:ti_sysbios_knl_Swi_Object__table__V)
                  20000454    0000002c     release_pem4f.oem4f (.data:ti_sysbios_knl_Clock_Module__state__V)
                  20000480    00000024     release_pem4f.oem4f (.data:ti_sysbios_BIOS_Module__state__V)
                  200004a4    00000020     release_pem4f.oem4f (.data:ti_sysbios_family_arm_msp432_Timer_Module_State_0_device__A)
                  200004c4    00000020     release_pem4f.oem4f (.data:xdc_runtime_Error_IgnoreBlock)
                  200004e4    0000001c     release_pem4f.oem4f (.data:ti_sysbios_knl_Swi_Module__state__V)
                  20000500    00000018     release_pem4f.oem4f (.data:ti_sysbios_family_arm_m3_Hwi_Object__table__V)
                  20000518    00000018     release_pem4f.oem4f (.data:ti_sysbios_heaps_HeapMem_Object__table__V)
                  20000530    00000010     HVAC_IO.obj (.data:SysSTR)
                  20000540    00000010     release_pem4f.oem4f (.data:ti_sysbios_family_arm_msp432_Timer_Module_State_0_handles__A)
                  20000550    0000000d     HVAC_IO.obj (.data)
                  2000055d    00000001     --HOLE--
                  2000055e    00000002     release_pem4f.oem4f (.data:ti_sysbios_family_arm_m3_Hwi_Module_State_0_excActive__A)
                  20000560    0000000c     release_pem4f.oem4f (.data:ti_sysbios_family_arm_msp432_Timer_Module__state__V)
                  2000056c    00000008     rtsv7M4_T_le_v4SPD16_eabi.lib : _lock.c.obj (.data:$O1$$)
                  20000574    00000008     release_pem4f.oem4f (.data:ti_sysbios_gates_GateHwi_Module__root__V)
                  2000057c    00000008     release_pem4f.oem4f (.data:ti_sysbios_gates_GateMutex_Module__root__V)
                  20000584    00000008     release_pem4f.oem4f (.data:ti_sysbios_heaps_HeapMem_Module__root__V)
                  2000058c    00000008     release_pem4f.oem4f (.data:ti_sysbios_knl_Queue_Module__root__V)
                  20000594    00000008     release_pem4f.oem4f (.data:ti_sysbios_knl_Semaphore_Module__root__V)
                  2000059c    00000008     release_pem4f.oem4f (.data:ti_sysbios_knl_Task_Module__root__V)
                  200005a4    00000008     release_pem4f.oem4f (.data:xdc_runtime_Startup_Module__state__V)
                  200005ac    00000008     release_pem4f.oem4f (.data:xdc_runtime_System_Module_State_0_atexitHandlers__A)
                  200005b4    00000008     release_pem4f.oem4f (.data:xdc_runtime_System_Module__state__V)
                  200005bc    00000005     HVAC_IO.obj (.data:ultimos_estados$1)
                  200005c1    00000003     --HOLE--
                  200005c4    00000004     rtsv7M4_T_le_v4SPD16_eabi.lib : stkdepth_vars.c.obj (.data)
                  200005c8    00000004     release_pem4f.oem4f (.data:ti_sysbios_family_arm_m3_Hwi_Module_State_0_excContext__A)
                  200005cc    00000004     release_pem4f.oem4f (.data:ti_sysbios_family_arm_m3_Hwi_Module_State_0_excStack__A)
                  200005d0    00000004     release_pem4f.oem4f (.data:ti_sysbios_gates_GateHwi_Object__table__V)
                  200005d4    00000004     release_pem4f.oem4f (.data:ti_sysbios_knl_Task_Module_State_0_idleTask__A)
                  200005d8    00000004     release_pem4f.oem4f (.data:ti_sysbios_rts_ti_ReentSupport_Module__state__V)
                  200005dc    00000004     release_pem4f.oem4f (.data:xdc_runtime_Memory_Module__state__V)

.bss       0    200005e0    0000038e     UNINITIALIZED
                  200005e0    00000200     release_pem4f.oem4f (.bss:taskStackSection)
                  200007e0    00000140     (.common:ti_sysbios_family_arm_m3_Hwi_dispatchTable)
                  20000920    00000040     (.common:state)
                  20000960    00000004     (.common:TemperaturaActual)
                  20000964    00000004     (.common:delay)
                  20000968    00000004     (.common:ti_sysbios_knl_Task_Instance_State_0_hookEnv__A)
                  2000096c    00000002     (.common:EstadoEntradas)

.vtable    0    20001000    000000e8     UNINITIALIZED
                  20001000    000000e8     INT_MSP432.obj (.vtable)

.priheap   0    200010e8    00004000     UNINITIALIZED
                  200010e8    00004000     --HOLE--

.stack     0    2000fc00    00000400     UNINITIALIZED
                  2000fc00    00000400     --HOLE--

.bootVecs 
*          0    00000000    00000008     DSECT
                  00000000    00000008     boot.aem4f : boot.oem4f (.bootVecs)

.resetVecs 
*          0    00000000    0000003c     
                  00000000    0000003c     release_pem4f.oem4f (.resetVecs)

.vecs      0    20000000    00000140     NOLOAD SECTION
                  20000000    00000140     release_pem4f.oem4f (.vecs)

xdc.meta   0    00000000    000000e7     COPY SECTION
                  00000000    000000e7     release_pem4f.oem4f (xdc.meta)

xdc.noload 
*          0    00000000    00000000     COPY SECTION

__llvm_prf_cnts 
*          0    20000000    00000000     UNINITIALIZED

.binit     0    00000000    00000000     

MODULE SUMMARY

       Module                       code    ro data   rw data
       ------                       ----    -------   -------
    .\
       HVAC_IO.obj                  1472    30        216    
       Threads.obj                  100     0         0      
       HVAC_Thread.obj              38      0         0      
    +--+----------------------------+-------+---------+---------+
       Total:                       1610    30        216    
                                                             
    .\Aux_files\
       system_msp432p401r.obj       202     0         0      
    +--+----------------------------+-------+---------+---------+
       Total:                       202     0         0      
                                                             
    .\Drivers\
       UART_MSP432.obj              680     36        0      
       INT_MSP432.obj               220     8         464    
       GPIO_MSP432.obj              608     48        0      
       ADC_MSP432.obj               408     0         0      
    +--+----------------------------+-------+---------+---------+
       Total:                       1916    92        464    
                                                             
    C:\Users\intel14\workspace_v10\HVAC_UN_HILO_ORG\Debug\configPkg\package\cfg\
       release_pem4f.oem4f          1966    991       4308   
    +--+----------------------------+-------+---------+---------+
       Total:                       1966    991       4308   
                                                             
    C:/ti/simplelink_msp432p4_sdk_3_40_01_02/source/ti/devices/msp432p4xx/driverlib/ccs/msp432p4xx_driverlib.lib
       pcm.o                        1770    0         0      
       rtc_c.o                      44      0         0      
       wdt_a.o                      36      0         0      
       cpu.o                        4       0         0      
    +--+----------------------------+-------+---------+---------+
       Total:                       1854    0         0      
                                                             
    C:\Users\intel14\workspace_v10\HVAC_UN_HILO_ORG\Aux_files\src\sysbios\sysbios.aem4f
       BIOS.obj                     8046    0         272    
       m3_Hwi_asm.obj               318     0         0      
       m3_TaskSupport_asm.obj       180     0         0      
       m3_Hwi_asm_switch.obj        118     0         0      
    +--+----------------------------+-------+---------+---------+
       Total:                       8662    0         272    
                                                             
    C:\ti\simplelink_msp432p4_sdk_3_40_01_02\kernel\tirtos\packages\ti\targets\arm\rtsarm\lib\auto_init.aem4f
       auto_init.oem4f              160     0         0      
    +--+----------------------------+-------+---------+---------+
       Total:                       160     0         0      
                                                             
    C:\ti\simplelink_msp432p4_sdk_3_40_01_02\kernel\tirtos\packages\ti\targets\arm\rtsarm\lib\boot.aem4f
       boot.oem4f                   88      0         0      
    +--+----------------------------+-------+---------+---------+
       Total:                       88      0         0      
                                                             
    C:\ti_v10_1\ccs\tools\compiler\ti-cgt-arm_20.2.1.LTS\lib\rtsv7M4_T_le_v4SPD16_eabi.lib
       _printfi.c.obj               4851    0         0      
       fd_add_t2.asm.obj            438     0         0      
       fd_div_t2.asm.obj            310     0         0      
       s_scalbn.c.obj               272     0         0      
       fd_cmp_t2.asm.obj            268     0         0      
       ctype.c.obj                  0       257       0      
       fd_mul_t2.asm.obj            252     0         0      
       memcpy_t2.asm.obj            156     0         0      
       ull_div_t2.asm.obj           150     0         0      
       memset_t2.asm.obj            122     0         0      
       copy_decompress_lzss.c.obj   104     0         0      
       s_frexp.c.obj                100     0         0      
       sprintf.c.obj                98      0         0      
       _ltoa.c.obj                  84      0         0      
       atoi.c.obj                   76      0         0      
       cpy_tbl.c.obj                76      0         0      
       fd_toi_t2.asm.obj            72      0         0      
       fs_tod_t2.asm.obj            56      0         0      
       i_tofd_t2.asm.obj            46      0         0      
       _lock.c.obj                  26      0         16     
       memccpy.c.obj                28      0         0      
       s_copysign.c.obj             26      0         0      
       args_main.c.obj              24      0         0      
       strchr.c.obj                 22      0         0      
       strlen.c.obj                 20      0         0      
       wcslen.c.obj                 18      0         0      
       copy_decompress_none.c.obj   14      0         0      
       copy_zero_init.c.obj         12      0         0      
       stkdepth_vars.c.obj          0       0         8      
       div0.asm.obj                 2       0         0      
    +--+----------------------------+-------+---------+---------+
       Total:                       7723    257       24     
                                                             
       Stack:                       0       0         2048   
       Linker Generated:            0       492       0      
    +--+----------------------------+-------+---------+---------+
       Grand Total:                 24181   1862      7332   


LINKER GENERATED COPY TABLES

__TI_cinit_table @ 000066e8 records: 3, size/record: 8, table size: 24
	.data: load addr=00006510, load size=000001b8 bytes, run addr=20000140, run size=000004a0 bytes, compression=lzss
	.bss: load addr=000066d8, load size=00000008 bytes, run addr=200005e0, run size=0000038e bytes, compression=zero_init
	.vtable: load addr=000066e0, load size=00000008 bytes, run addr=20001000, run size=000000e8 bytes, compression=zero_init


LINKER GENERATED HANDLER TABLE

__TI_handler_table @ 000066c8 records: 3, size/record: 4, table size: 12
	index: 0, handler: __TI_zero_init
	index: 1, handler: __TI_decompress_lzss
	index: 2, handler: __TI_decompress_none


GLOBAL SYMBOLS: SORTED ALPHABETICALLY BY Name 

address   name                                                            
-------   ----                                                            
0000563d  ADC_ConfigurePinChannel                                         
00004895  ADC_EnableTemperatureSensor                                     
000034e1  ADC_GetTemperature                                              
00004ad9  ADC_Initialize                                                  
00005981  ADC_SetConvertionMode                                           
0000577d  ADC_SetEndOfSequenceChannel                                     
00005c55  ADC_is_busy                                                     
00005799  ADC_result                                                      
00005999  ADC_trigger                                                     
000063d4  BRFX                                                            
000063e0  BRS                                                             
000063ec  BRX                                                             
00001ddd  CPU_wfi                                                         
2000096c  EstadoEntradas                                                  
20000556  FAN_LED_State                                                   
00004dc5  GPIO_getInputPinValue                                           
000039c5  GPIO_init_board                                                 
00004b15  GPIO_interruptEdgeSelect                                        
000020f5  GPIO_setBitIO                                                   
00002ff5  GPIO_setOutput                                                  
00004000  HEAPSIZE                                                        
00001701  HVAC_ActualizarEntradas                                         
000031a9  HVAC_ActualizarSalidas                                          
00003a2d  HVAC_Cool                                                       
00003085  HVAC_Heartbeat                                                  
00003ee9  HVAC_Heat                                                       
00005155  HVAC_InicialiceADC                                              
00002c5d  HVAC_InicialiceIO                                               
00005ef3  HVAC_InicialiceUART                                             
0000146d  HVAC_PrintState                                                 
0000547d  HVAC_SetPointDown                                               
000054a1  HVAC_SetPointUp                                                 
00005431  HVAC_Thread                                                     
00004c0d  INT_SWI                                                         
000036f5  Int_enableInterrupt                                             
00003f45  Int_registerInterrupt                                           
00003e89  PCM_getCoreVoltageLevel                                         
000040bd  PCM_getPowerMode                                                
00005b71  PCM_getPowerState                                               
00005341  PCM_gotoLPM0                                                    
00003565  PCM_gotoLPM3                                                    
00005c65  PCM_gotoLPM4                                                    
00005c75  PCM_setPowerMode                                                
00005c85  PCM_setPowerState                                               
000042d1  PCM_shutdownDevice                                              
0000130f  Power_idleFunc                                                  
00005181  RTC_C_holdClock                                                 
UNDEFED   SHT$$INIT_ARRAY$$Base                                           
UNDEFED   SHT$$INIT_ARRAY$$Limit                                          
20000550  SetPoint                                                        
20000530  SysSTR                                                          
00002781  SystemInit                                                      
20000960  TemperaturaActual                                               
000059b1  UART_B_char_IE                                                  
000059c9  UART_E_char_IE                                                  
00004119  UART_clck_source                                                
000059e1  UART_data_bits                                                  
00005b01  UART_den                                                        
00005b17  UART_en                                                         
00003a95  UART_init                                                       
000059f9  UART_mode                                                       
000054c5  UART_putsf                                                      
00004cf1  UART_sendByte                                                   
00004171  UART_set_baud_rate                                              
00004df5  UART_set_location_pin                                           
00005a11  UART_set_oversampling                                           
00004d25  UART_set_parity                                                 
00005a29  UART_set_stop_bits                                              
00005a41  UART_set_transmision_dir                                        
4000480c  WDTCTL_SYM                                                      
000054e9  WDT_A_holdTimer                                                 
00000000  __ASM__                                                         
00000068  __ISA__                                                         
0000007b  __PLAT__                                                        
20010000  __STACK_END                                                     
00000400  __STACK_SIZE                                                    
0000009e  __TARG__                                                        
000066e8  __TI_CINIT_Base                                                 
00006700  __TI_CINIT_Limit                                                
000066c8  __TI_Handler_Table_Base                                         
000066d4  __TI_Handler_Table_Limit                                        
00002bbd  __TI_auto_init                                                  
00003afd  __TI_decompress_lzss                                            
00005da9  __TI_decompress_none                                            
00004325  __TI_ltoa                                                       
ffffffff  __TI_pprof_out_hndl                                             
00000041  __TI_printfi                                                    
ffffffff  __TI_prof_data_size                                             
ffffffff  __TI_prof_data_start                                            
00006510  __TI_static_base__                                              
00005e01  __TI_zero_init                                                  
000000c4  __TRDR__                                                        
0000334d  __aeabi_cdcmpeq                                                 
0000334d  __aeabi_cdcmple                                                 
000033d3  __aeabi_cdrcmple                                                
000046e5  __aeabi_d2iz                                                    
00001163  __aeabi_dadd                                                    
00001839  __aeabi_ddiv                                                    
000021f1  __aeabi_dmul                                                    
00001159  __aeabi_dsub                                                    
00005f99  __aeabi_errno_addr                                              
00004c45  __aeabi_f2d                                                     
00005127  __aeabi_i2d                                                     
000026ad  __aeabi_idiv0                                                   
000026ad  __aeabi_ldiv0                                                   
000037f9  __aeabi_memclr                                                  
000037f9  __aeabi_memclr4                                                 
000037f9  __aeabi_memclr8                                                 
00002cf9  __aeabi_memcpy                                                  
00002cf9  __aeabi_memcpy4                                                 
00002cf9  __aeabi_memcpy8                                                 
000037fb  __aeabi_memset                                                  
000037fb  __aeabi_memset4                                                 
000037fb  __aeabi_memset8                                                 
00002d95  __aeabi_uldivmod                                                
ffffffff  __binit__                                                       
ffffffff  __c_args__                                                      
200050e8  __primary_heap_end__                                            
200010e8  __primary_heap_start__                                          
2000fc00  __stack                                                         
20000000  __start___llvm_prf_cnts                                         
20000000  __stop___llvm_prf_cnts                                          
00005a59  _args_main                                                      
000041c9  _c_int00                                                        
00005fec  _ctypes_                                                        
2000056c  _lock                                                           
0000196f  _nop                                                            
000051b1  _pthread_cleanupFxn                                             
00005c01  _pthread_cleanup_pop                                            
00002e31  _pthread_removeThreadKeys                                       
00005de9  _register_lock                                                  
00005df5  _register_unlock                                                
20000570  _unlock                                                         
00004471  atoi                                                            
ffffffff  binit                                                           
000044bd  copy_in                                                         
00005935  copysign                                                        
00005935  copysignl                                                       
20000964  delay                                                           
20000555  event                                                           
00003bd1  frexp                                                           
00003bd1  frexpl                                                          
20001000  g_pfnRAMVectoring                                               
00001bc5  ldexp                                                           
00001bc5  ldexpl                                                          
00003c35  main                                                            
200005c4  main_func_sp                                                    
000057b5  memccpy                                                         
00002cf9  memcpy                                                          
00003801  memset                                                          
00005511  pthread_attr_init                                               
00005db9  pthread_attr_setdetachstate                                     
00005b89  pthread_attr_setschedparam                                      
00005f01  pthread_attr_setstacksize                                       
000023e9  pthread_create                                                  
00003c99  pthread_exit                                                    
00005e11  pthread_self                                                    
000050f9  pthread_setcancelstate                                          
00001bc5  scalbn                                                          
00001bc5  scalbnl                                                         
000048d5  sprintf                                                         
20000920  state                                                           
00005b2d  strchr                                                          
00005b9d  strlen                                                          
20000480  ti_sysbios_BIOS_Module__state__V                                
00005e1d  ti_sysbios_BIOS_RtsGateProxy_enter__E                           
00005c95  ti_sysbios_BIOS_RtsGateProxy_leave__E                           
00004e25  ti_sysbios_BIOS_atExitFunc__I                                   
00005b43  ti_sysbios_BIOS_exitFunc__I                                     
00005ca9  ti_sysbios_BIOS_exit__E                                         
00005fb9  ti_sysbios_BIOS_linkedWithIncorrectBootLibrary__E               
000026af  ti_sysbios_BIOS_nullFunc__I                                     
00005535  ti_sysbios_BIOS_registerRTSLock__I                              
0000565d  ti_sysbios_BIOS_removeRTSLock__I                                
00004e55  ti_sysbios_BIOS_rtsLock__I                                      
0000520d  ti_sysbios_BIOS_rtsUnlock__I                                    
00005cb9  ti_sysbios_BIOS_setThreadType__E                                
00004e85  ti_sysbios_BIOS_startFunc__I                                    
00005cc9  ti_sysbios_BIOS_start__E                                        
2000055e  ti_sysbios_family_arm_m3_Hwi_Module_State_0_excActive__A        
200005c8  ti_sysbios_family_arm_m3_Hwi_Module_State_0_excContext__A       
200005cc  ti_sysbios_family_arm_m3_Hwi_Module_State_0_excStack__A         
000057d1  ti_sysbios_family_arm_m3_Hwi_Module__startupDone__F             
00005f09  ti_sysbios_family_arm_m3_Hwi_Module__startupDone__S             
200003f0  ti_sysbios_family_arm_m3_Hwi_Module__state__V                   
00004421  ti_sysbios_family_arm_m3_Hwi_Module_startup__E                  
00006434  ti_sysbios_family_arm_m3_Hwi_NUM_INTERRUPTS__C                  
00006438  ti_sysbios_family_arm_m3_Hwi_Object__count__C                   
00004eb5  ti_sysbios_family_arm_m3_Hwi_Object__get__S                     
0000643c  ti_sysbios_family_arm_m3_Hwi_Object__table__C                   
20000500  ti_sysbios_family_arm_m3_Hwi_Object__table__V                   
00006440  ti_sysbios_family_arm_m3_Hwi_ccr__C                             
00003d01  ti_sysbios_family_arm_m3_Hwi_dispatchC__I                       
200007e0  ti_sysbios_family_arm_m3_Hwi_dispatchTable                      
000024d9  ti_sysbios_family_arm_m3_Hwi_dispatch__I                        
00005f11  ti_sysbios_family_arm_m3_Hwi_doSwiRestore__I                    
00005f69  ti_sysbios_family_arm_m3_Hwi_doTaskRestore__I                   
00004731  ti_sysbios_family_arm_m3_Hwi_enableInterrupt__E                 
00005369  ti_sysbios_family_arm_m3_Hwi_excHandlerAsm__I                   
00006444  ti_sysbios_family_arm_m3_Hwi_excHandlerFunc__C                  
000057f1  ti_sysbios_family_arm_m3_Hwi_excHandler__I                      
00004809  ti_sysbios_family_arm_m3_Hwi_getStackInfo__E                    
00002ec9  ti_sysbios_family_arm_m3_Hwi_initNVIC__E                        
00004221  ti_sysbios_family_arm_m3_Hwi_initStacks__E                      
000025ad  ti_sysbios_family_arm_m3_Hwi_interruptsAreDisabledButShouldNotBe
00006448  ti_sysbios_family_arm_m3_Hwi_nullIsrFunc__C                     
e000e000  ti_sysbios_family_arm_m3_Hwi_nvic                               
00005457  ti_sysbios_family_arm_m3_Hwi_pendSV__I                          
000035e9  ti_sysbios_family_arm_m3_Hwi_postInit__I                        
0000644c  ti_sysbios_family_arm_m3_Hwi_priGroup__C                        
20000000  ti_sysbios_family_arm_m3_Hwi_ramVectors                         
00000000  ti_sysbios_family_arm_m3_Hwi_resetVectors                       
0000547b  ti_sysbios_family_arm_m3_Hwi_return                             
00005f19  ti_sysbios_family_arm_m3_Hwi_startup__E                         
00005bb1  ti_sysbios_family_arm_m3_Hwi_switchFromBootStack__E             
000022ed  ti_sysbios_family_arm_m3_TaskSupport_Module__startupDone__S     
00003235  ti_sysbios_family_arm_m3_TaskSupport_buildTaskStack             
[...]
00005981  ADC_SetConvertionMode                                           
00005999  ADC_trigger                                                     
000059b1  UART_B_char_IE                                                  
000059c9  UART_E_char_IE                                                  
000059e1  UART_data_bits                                                  
000059f9  UART_mode                                                       
00005a11  UART_set_oversampling                                           
00005a29  UART_set_stop_bits                                              
00005a41  UART_set_transmision_dir                                        
00005a59  _args_main                                                      
00005a89  ti_sysbios_family_arm_m3_TaskSupport_swap__E                    
00005a95  ti_sysbios_knl_Task_swapReturn                                  
00005aa1  ti_sysbios_gates_GateMutex_leave__E                             
00005ab9  ti_sysbios_knl_Task_sleepTimeout__I                             
00005ad1  xdc_runtime_Error_init__E                                       
00005ae9  xdc_runtime_System_exit__E                                      
00005b01  UART_den                                                        
00005b17  UART_en                                                         
00005b2d  strchr                                                          
00005b43  ti_sysbios_BIOS_exitFunc__I                                     
00005b59  ti_sysbios_knl_Task_unblock__E                                  
00005b71  PCM_getPowerState                                               
00005b89  pthread_attr_setschedparam                                      
00005b9d  strlen                                                          
00005bb1  ti_sysbios_family_arm_m3_Hwi_switchFromBootStack__E             
00005bc5  ti_sysbios_hal_Hwi_HwiProxy_getStackInfo__E                     
00005bc5  ti_sysbios_hal_Hwi_getStackInfo__E                              
00005bed  xdc_runtime_Memory_HeapProxy_free__E                            
00005c01  _pthread_cleanup_pop                                            
00005c31  ti_sysbios_hal_Hwi_Module_startup__E                            
00005c43  wcslen                                                          
00005c55  ADC_is_busy                                                     
00005c65  PCM_gotoLPM4                                                    
00005c75  PCM_setPowerMode                                                
00005c85  PCM_setPowerState                                               
00005c95  ti_sysbios_BIOS_RtsGateProxy_leave__E                           
00005ca9  ti_sysbios_BIOS_exit__E                                         
00005cb9  ti_sysbios_BIOS_setThreadType__E                                
00005cc9  ti_sysbios_BIOS_start__E                                        
00005cd9  ti_sysbios_family_arm_m3_TaskSupport_glue                       
00005ce9  ti_sysbios_family_arm_msp432_init_Boot_disableWatchdog          
00005cf9  ti_sysbios_gates_GateMutex_Instance_finalize__E                 
00005d09  ti_sysbios_heaps_HeapMem_Module_GateProxy_leave__E              
00005d19  ti_sysbios_knl_Semaphore_Instance_finalize__E                   
00005d29  ti_sysbios_knl_Swi_disable__E                                   
00005d39  ti_sysbios_knl_Task_SupportProxy_swap__E                        
00005d49  ti_sysbios_knl_Task_disable__E                                  
00005d59  xdc_runtime_Gate_leaveSystem__E                                 
00005d69  xdc_runtime_Memory_free__E                                      
00005d79  xdc_runtime_SysCallback_abort__E                                
00005d89  xdc_runtime_SysCallback_exit__E                                 
00005d99  xdc_runtime_System_Module_GateProxy_leave__E                    
00005da9  __TI_decompress_none                                            
00005db9  pthread_attr_setdetachstate                                     
00005dc9  ti_sysbios_knl_Idle_loop__E                                     
00005dd9  ti_sysbios_knl_Queue_empty__E                                   
00005de9  _register_lock                                                  
00005df5  _register_unlock                                                
00005e01  __TI_zero_init                                                  
00005e11  pthread_self                                                    
00005e1d  ti_sysbios_BIOS_RtsGateProxy_enter__E                           
00005e29  ti_sysbios_family_arm_m3_TaskSupport_getStackAlignment__E       
00005e39  ti_sysbios_family_arm_msp432_Timer_getMaxTicks__E               
00005e49  ti_sysbios_gates_GateHwi_enter__E                               
00005e55  ti_sysbios_heaps_HeapMem_Module_GateProxy_enter__E              
00005e61  ti_sysbios_heaps_HeapMem_Module_GateProxy_query__E              
00005e6d  ti_sysbios_knl_Clock_TimerProxy_getMaxTicks__E                  
00005e79  ti_sysbios_knl_Task_delete                                      
00005e89  ti_sysbios_knl_Task_self__E                                     
00005e99  ti_sysbios_rts_ti_ReentSupport_taskRegHook__I                   
00005ea9  xdc_runtime_Gate_enterSystem__E                                 
00005eb9  xdc_runtime_Startup_rtsDone__E                                  
00005ec5  xdc_runtime_System_Module_GateProxy_enter__E                    
00005ed1  xdc_runtime_System_SupportProxy_abort__E                        
00005edd  xdc_runtime_System_SupportProxy_exit__E                         
00005ef3  HVAC_InicialiceUART                                             
00005f01  pthread_attr_setstacksize                                       
00005f09  ti_sysbios_family_arm_m3_Hwi_Module__startupDone__S             
00005f11  ti_sysbios_family_arm_m3_Hwi_doSwiRestore__I                    
00005f19  ti_sysbios_family_arm_m3_Hwi_startup__E                         
00005f21  ti_sysbios_family_arm_msp432_Timer_Module__startupDone__S       
00005f29  ti_sysbios_hal_Hwi_HwiProxy_Module__startupDone__S              
00005f31  ti_sysbios_hal_Hwi_HwiProxy_startup__E                          
00005f31  ti_sysbios_hal_Hwi_startup__E                                   
00005f39  ti_sysbios_hal_Hwi_HwiProxy_switchFromBootStack__E              
00005f39  ti_sysbios_hal_Hwi_switchFromBootStack__E                       
00005f41  ti_sysbios_knl_Clock_TimerProxy_Module__startupDone__S          
00005f49  ti_sysbios_knl_Task_SupportProxy_Module__startupDone__S         
00005f51  ti_sysbios_knl_Task_SupportProxy_getStackAlignment__E           
00005f59  ti_sysbios_rts_ti_ReentSupport_getReent__E                      
00005f61  xdc_runtime_Startup_reset__I                                    
00005f69  ti_sysbios_family_arm_m3_Hwi_doTaskRestore__I                   
00005f71  ti_sysbios_gates_GateHwi_leave__E                               
00005f79  ti_sysbios_heaps_HeapMem_isBlocking__E                          
00005f81  ti_sysbios_knl_Queue_Instance_init__E                           
00005f89  ti_sysbios_knl_Swi_startup__E                                   
00005f91  xdc_runtime_System_Module_startup__E                            
00005f99  __aeabi_errno_addr                                              
00005fa1  ti_sysbios_gates_GateHwi_query__E                               
00005fa9  ti_sysbios_gates_GateMutex_query__E                             
00005fb1  ti_sysbios_knl_Task_startup__E                                  
00005fb9  ti_sysbios_BIOS_linkedWithIncorrectBootLibrary__E               
00005fc1  ti_sysbios_gates_GateHwi_Instance_init__E                       
00005fc9  ti_sysbios_knl_Clock_logTick__E                                 
00005fd1  xdc_runtime_SysCallback_defaultAbort                            
00005fd9  xdc_runtime_SysCallback_defaultExit                             
00005fe1  xdc_runtime_System_abortSpin__E                                 
00005fe9  xdc_runtime_System_exitSpin__E                                  
00005fec  _ctypes_                                                        
000060ed  xdc_runtime_Error_policy__C                                     
000060ee  ti_sysbios_family_arm_msp432_init_Boot_bypassHFXT__C            
00006138  ti_sysbios_knl_Task_Object__PARAMS__C                           
000061a4  ti_sysbios_heaps_HeapMem_Module__FXNS__C                        
000061cc  ti_sysbios_gates_GateHwi_Module__FXNS__C                        
000061f0  ti_sysbios_gates_GateMutex_Module__FXNS__C                      
00006214  ti_sysbios_heaps_HeapMem_Object__PARAMS__C                      
00006238  ti_sysbios_knl_Semaphore_Object__PARAMS__C                      
0000625c  xdc_runtime_Startup_sfxnTab__A                                  
00006280  ti_sysbios_gates_GateHwi_Object__DESC__C                        
000062a0  ti_sysbios_gates_GateMutex_Object__DESC__C                      
000062c0  ti_sysbios_heaps_HeapMem_Object__DESC__C                        
000062e0  ti_sysbios_knl_Queue_Object__DESC__C                            
00006300  ti_sysbios_knl_Semaphore_Object__DESC__C                        
00006320  ti_sysbios_knl_Task_Object__DESC__C                             
0000635e  ti_sysbios_family_arm_msp432_init_Boot_bypassLFXT__C            
00006360  ti_sysbios_gates_GateHwi_Object__PARAMS__C                      
00006378  ti_sysbios_gates_GateMutex_Object__PARAMS__C                    
00006390  ti_sysbios_knl_Queue_Object__PARAMS__C                          
000063a8  ti_sysbios_knl_Task_hooks__A                                    
000063c0  xdc_runtime_Startup_sfxnRts__A                                  
000063d2  ti_sysbios_family_arm_msp432_init_Boot_enableHFXT__C            
000063d4  BRFX                                                            
000063e0  BRS                                                             
000063ec  BRX                                                             
000063f8  xdc_runtime_Startup_firstFxns__A                                
0000640c  ti_sysbios_knl_Idle_funcList__A                                 
00006414  ti_sysbios_knl_Idle_funcList__C                                 
0000641c  ti_sysbios_knl_Task_hooks__C                                    
00006424  xdc_runtime_Startup_firstFxns__C                                
0000642c  xdc_runtime_Startup_lastFxns__C                                 
00006434  ti_sysbios_family_arm_m3_Hwi_NUM_INTERRUPTS__C                  
00006438  ti_sysbios_family_arm_m3_Hwi_Object__count__C                   
0000643c  ti_sysbios_family_arm_m3_Hwi_Object__table__C                   
00006440  ti_sysbios_family_arm_m3_Hwi_ccr__C                             
00006444  ti_sysbios_family_arm_m3_Hwi_excHandlerFunc__C                  
00006448  ti_sysbios_family_arm_m3_Hwi_nullIsrFunc__C                     
0000644c  ti_sysbios_family_arm_m3_Hwi_priGroup__C                        
00006450  ti_sysbios_family_arm_m3_TaskSupport_stackAlignment__C          
00006454  ti_sysbios_family_arm_msp432_Timer_numTimerDevices__C           
00006458  ti_sysbios_family_arm_msp432_Timer_startupNeeded__C             
0000645c  ti_sysbios_gates_GateMutex_Instance_State_sem__O                
00006460  ti_sysbios_heaps_HeapMem_E_memory__C                            
00006464  ti_sysbios_heaps_HeapMem_Module__gateObj__C                     
00006468  ti_sysbios_heaps_HeapMem_Object__count__C                       
0000646c  ti_sysbios_heaps_HeapMem_Object__table__C                       
00006470  ti_sysbios_heaps_HeapMem_primaryHeapBaseAddr__C                 
00006474  ti_sysbios_heaps_HeapMem_primaryHeapEndAddr__C                  
00006478  ti_sysbios_heaps_HeapMem_reqAlign__C                            
0000647c  ti_sysbios_knl_Clock_Module_State_clockQ__O                     
00006480  ti_sysbios_knl_Clock_tickPeriod__C                              
00006484  ti_sysbios_knl_Mailbox_Instance_State_freeQue__O                
00006488  ti_sysbios_knl_Mailbox_Object__count__C                         
0000648c  ti_sysbios_knl_Mailbox_maxTypeAlign__C                          
00006490  ti_sysbios_knl_Semaphore_Instance_State_pendQ__O                
00006494  ti_sysbios_knl_Swi_Object__count__C                             
00006498  ti_sysbios_knl_Swi_Object__table__C                             
0000649c  ti_sysbios_knl_Task_Module_State_inactiveQ__O                   
000064a0  ti_sysbios_knl_Task_Object__count__C                            
000064a4  ti_sysbios_knl_Task_Object__heap__C                             
000064a8  ti_sysbios_knl_Task_Object__table__C                            
000064ac  ti_sysbios_knl_Task_allBlockedFunc__C                           
000064b0  ti_sysbios_knl_Task_defaultStackHeap__C                         
000064b4  ti_sysbios_knl_Task_defaultStackSize__C                         
000064b8  ti_sysbios_knl_Task_numConstructedTasks__C                      
000064bc  xdc_runtime_Error_E_memory__C                                   
000064c0  xdc_runtime_Error_policyFxn__C                                  
000064c4  xdc_runtime_IGateProvider_Interface__BASE__C                    
000064c8  xdc_runtime_IHeap_Interface__BASE__C                            
000064cc  xdc_runtime_IModule_Interface__BASE__C                          
000064d0  xdc_runtime_Memory_defaultHeapInstance__C                       
000064d4  xdc_runtime_Startup_execImpl__C                                 
000064d8  xdc_runtime_Startup_maxPasses__C                                
000064dc  xdc_runtime_Startup_sfxnRts__C                                  
000064e0  xdc_runtime_Startup_sfxnTab__C                                  
000064e4  xdc_runtime_Startup_startModsFxn__C                             
000064e8  xdc_runtime_SysCallback_abortFxn__C                             
000064ec  xdc_runtime_SysCallback_exitFxn__C                              
000064f0  xdc_runtime_System_Module__gateObj__C                           
000064f4  xdc_runtime_System_abortFxn__C                                  
000064f8  xdc_runtime_System_exitFxn__C                                   
000064fc  xdc_runtime_System_maxAtexitHandlers__C                         
00006500  xdc_runtime_Text_nameUnknown__C                                 
00006504  ti_sysbios_family_arm_msp432_init_Boot_enableLFXT__C            
00006506  ti_sysbios_heaps_HeapMem_Module__id__C                          
00006508  xdc_runtime_Memory_Module__id__C                                
00006510  __TI_static_base__                                              
000066c8  __TI_Handler_Table_Base                                         
000066d4  __TI_Handler_Table_Limit                                        
000066e8  __TI_CINIT_Base                                                 
00006700  __TI_CINIT_Limit                                                
20000000  __start___llvm_prf_cnts                                         
20000000  __stop___llvm_prf_cnts                                          
20000000  ti_sysbios_family_arm_m3_Hwi_ramVectors                         
200001c8  ti_sysbios_knl_Swi_Module_State_0_readyQ__A                     
20000248  ti_sysbios_knl_Task_Module_State_0_readyQ__A                    
200002c8  ti_sysbios_gates_GateMutex_Object__table__V                     
2000031c  ti_sysbios_knl_Task_Object__table__V                            
20000368  ti_sysbios_family_arm_msp432_Timer_Object__table__V             
200003ac  ti_sysbios_knl_Task_Module__state__V                            
200003f0  ti_sysbios_family_arm_m3_Hwi_Module__state__V                   
20000424  ti_sysbios_knl_Swi_Object__table__V                             
20000454  ti_sysbios_knl_Clock_Module__state__V                           
20000480  ti_sysbios_BIOS_Module__state__V                                
200004a4  ti_sysbios_family_arm_msp432_Timer_Module_State_0_device__A     
200004c4  xdc_runtime_Error_IgnoreBlock                                   
200004e4  ti_sysbios_knl_Swi_Module__state__V                             
20000500  ti_sysbios_family_arm_m3_Hwi_Object__table__V                   
20000518  ti_sysbios_heaps_HeapMem_Object__table__V                       
20000530  SysSTR                                                          
20000540  ti_sysbios_family_arm_msp432_Timer_Module_State_0_handles__A    
20000550  SetPoint                                                        
20000554  toggle                                                          
20000555  event                                                           
20000556  FAN_LED_State                                                   
2000055e  ti_sysbios_family_arm_m3_Hwi_Module_State_0_excActive__A        
20000560  ti_sysbios_family_arm_msp432_Timer_Module__state__V             
2000056c  _lock                                                           
20000570  _unlock                                                         
20000574  ti_sysbios_gates_GateHwi_Module__root__V                        
2000057c  ti_sysbios_gates_GateMutex_Module__root__V                      
20000584  ti_sysbios_heaps_HeapMem_Module__root__V                        
2000058c  ti_sysbios_knl_Queue_Module__root__V                            
20000594  ti_sysbios_knl_Semaphore_Module__root__V                        
2000059c  ti_sysbios_knl_Task_Module__root__V                             
200005a4  xdc_runtime_Startup_Module__state__V                            
200005ac  xdc_runtime_System_Module_State_0_atexitHandlers__A             
200005b4  xdc_runtime_System_Module__state__V                             
200005c4  main_func_sp                                                    
200005c8  ti_sysbios_family_arm_m3_Hwi_Module_State_0_excContext__A       
200005cc  ti_sysbios_family_arm_m3_Hwi_Module_State_0_excStack__A         
200005d0  ti_sysbios_gates_GateHwi_Object__table__V                       
200005d4  ti_sysbios_knl_Task_Module_State_0_idleTask__A                  
200005d8  ti_sysbios_rts_ti_ReentSupport_Module__state__V                 
200005dc  xdc_runtime_Memory_Module__state__V                             
200005e0  ti_sysbios_knl_Task_Instance_State_0_stack__A                   
200007e0  ti_sysbios_family_arm_m3_Hwi_dispatchTable                      
20000920  state                                                           
20000960  TemperaturaActual                                               
20000964  delay                                                           
20000968  ti_sysbios_knl_Task_Instance_State_0_hookEnv__A                 
2000096c  EstadoEntradas                                                  
20001000  g_pfnRAMVectoring                                               
200010e8  __primary_heap_start__                                          
200050e8  __primary_heap_end__                                            
2000fc00  __stack                                                         
20010000  __STACK_END                                                     
4000480c  WDTCTL_SYM                                                      
e000e000  ti_sysbios_family_arm_m3_Hwi_nvic                               
ffffffff  __TI_pprof_out_hndl                                             
ffffffff  __TI_prof_data_size                                             
ffffffff  __TI_prof_data_start                                            
ffffffff  __binit__                                                       
ffffffff  __c_args__                                                      
ffffffff  binit                                                           
UNDEFED   SHT$$INIT_ARRAY$$Base                                           
UNDEFED   SHT$$INIT_ARRAY$$Limit                                          

[487 symbols]
