******************************************************************************
                  TI ARM Linker PC v20.2.1                     
******************************************************************************
>> Linked Tue Nov  9 09:02:44 2021

OUTPUT FILE NAME:   <HVAC_UN_HILO_ORG.out>
ENTRY POINT SYMBOL: "_c_int00"  address: 000041f9


MEMORY CONFIGURATION

         name            origin    length      used     unused   attr    fill
----------------------  --------  ---------  --------  --------  ----  --------
  MAIN                  00000000   00040000  000067f4  0003980c  R  X
  INFO                  00200000   00004000  00000000  00004000  R  X
  SRAM_CODE             01000000   00010000  00004e5a  0000b1a6  RW X
  SRAM_DATA             20000000   00010000  00004e5a  0000b1a6  RW  


SEGMENT ALLOCATION MAP

run origin  load origin   length   init length attrs members
----------  ----------- ---------- ----------- ----- -------
00000000    00000000    00006800   00006800    r-x
  00000000    00000000    0000003c   0000003c    r-- .resetVecs
  00000040    00000040    000060aa   000060aa    r-x .text
  000060ec    000060ec    0000051e   0000051e    r-- .const
  00006610    00006610    000001f0   000001f0    r-- .cinit
20000140    20000140    00000836   00000000    rw-
  20000140    20000140    000004a4   00000000    rw- .data
  200005e8    200005e8    0000038e   00000000    rw- .bss
20001000    20001000    000000e8   00000000    rw-
  20001000    20001000    000000e8   00000000    rw- .vtable
200010e8    200010e8    00004000   00000000    r--
  200010e8    200010e8    00004000   00000000    r-- .priheap
2000fc00    2000fc00    00000400   00000000    rw-
  2000fc00    2000fc00    00000400   00000000    rw- .stack


SECTION ALLOCATION MAP

 output                                  attributes/
section   page    origin      length       input sections
--------  ----  ----------  ----------   ----------------
.text      0    00000040    000060aa     
                  00000040    00000a4e     rtsv7M4_T_le_v4SPD16_eabi.lib : _printfi.c.obj (.text:__TI_printfi)
                  00000a8e    0000028a     msp432p4xx_driverlib.lib : pcm.o (.text:__PCM_setPowerStateAdvanced)
                  00000d18    00000270     rtsv7M4_T_le_v4SPD16_eabi.lib : _printfi.c.obj (.text:_pconv_a)
                  00000f88    000001d0                                   : _printfi.c.obj (.text:_pconv_g)
                  00001158    000001b6                                   : fd_add_t2.asm.obj (.text)
                  0000130e    00000002     system_msp432p401r.obj (.text:Power_idleFunc)
                  00001310    00000184     HVAC_IO.obj (.text:HVAC_PrintState)
                  00001494    0000015c     msp432p4xx_driverlib.lib : pcm.o (.text:__PCM_setPowerModeAdvanced)
                  000015f0    0000013c     rtsv7M4_T_le_v4SPD16_eabi.lib : _printfi.c.obj (.text:_pconv_e)
                  0000172c    00000138     HVAC_IO.obj (.text:HVAC_ActualizarEntradas)
                  00001864    00000136     rtsv7M4_T_le_v4SPD16_eabi.lib : fd_div_t2.asm.obj (.text)
                  0000199a    00000004     msp432p4xx_driverlib.lib : cpu.o (.text:CPU_wfi)
                  0000199e    00000002     rtsv7M4_T_le_v4SPD16_eabi.lib : _lock.c.obj (.text:_nop)
                  000019a0    00000130     sysbios.aem4f : BIOS.obj (.text:ti_sysbios_knl_Semaphore_pend__E)
                  00001ad0    00000124     rtsv7M4_T_le_v4SPD16_eabi.lib : _printfi.c.obj (.text:fcvt)
                  00001bf4    00000110                                   : s_scalbn.c.obj (.text:scalbn)
                  00001d04    00000108     msp432p4xx_driverlib.lib : pcm.o (.text:__PCM_setCoreVoltageLevelAdvanced)
                  00001e0c    00000004     release_pem4f.oem4f (.text:ti_sysbios_family_arm_m3_TaskSupport_Module__startupDone__S)
                  00001e10    00000108     sysbios.aem4f : BIOS.obj (.text:ti_sysbios_knl_Task_postInit__I)
                  00001f18    00000108                   : BIOS.obj (.text:xdc_runtime_Startup_startMods__I)
                  00002020    00000104                   : BIOS.obj (.text:ti_sysbios_knl_Task_Instance_finalize__E)
                  00002124    000000fc     GPIO_MSP432.obj (.text:GPIO_setBitIO)
                  00002220    000000fc     rtsv7M4_T_le_v4SPD16_eabi.lib : fd_mul_t2.asm.obj (.text)
                  0000231c    00000002                                   : div0.asm.obj (.text)
                  0000231e    00000002     release_pem4f.oem4f (.text:ti_sysbios_BIOS_nullFunc__I)
                  00002320    000000f8     sysbios.aem4f : BIOS.obj (.text:ti_sysbios_family_arm_msp432_init_Boot_configureClocksHigh)
                  00002418    000000f0                   : BIOS.obj (.text:pthread_create)
                  00002508    000000f0                   : m3_Hwi_asm.obj (.text:ti_sysbios_family_arm_m3_Hwi_dispatch__I)
                  000025f8    000000e4                   : BIOS.obj (.text:ti_sysbios_knl_Task_Instance_init__E)
                  000026dc    00000004     --HOLE-- [fill = 0]
                  000026e0    000000d0                   : BIOS.obj (.text:ti_sysbios_heaps_HeapMem_alloc__E)
                  000027b0    000000c8     system_msp432p401r.obj (.text:SystemInit)
                  00002878    000000c4     sysbios.aem4f : BIOS.obj (.text:ti_sysbios_knl_Task_sleep__E)
                  0000293c    000000b1     rtsv7M4_T_le_v4SPD16_eabi.lib : _printfi.c.obj (.text:_ltostr)
                  000029ed    00000003     --HOLE-- [fill = 0]
                  000029f0    000000aa     sysbios.aem4f : BIOS.obj (.text:xdc_runtime_Core_createObject__I)
                  00002a9a    00000006     --HOLE-- [fill = 0]
                  00002aa0    000000a8                   : BIOS.obj (.text:ti_sysbios_family_arm_msp432_Timer_periodicStub__E)
                  00002b48    000000a4                   : BIOS.obj (.text:ti_sysbios_knl_Task_setPri__E)
                  00002bec    000000a0     auto_init.aem4f : auto_init.oem4f (.text)
                  00002c8c    0000009c     HVAC_IO.obj (.text:HVAC_InicialiceIO)
                  00002d28    0000009c     rtsv7M4_T_le_v4SPD16_eabi.lib : memcpy_t2.asm.obj (.text)
                  00002dc4    00000096                                   : ull_div_t2.asm.obj (.text)
                  00002e5a    00000006     --HOLE-- [fill = 0]
                  00002e60    00000094     sysbios.aem4f : BIOS.obj (.text:_pthread_removeThreadKeys)
                  00002ef4    00000004     --HOLE-- [fill = 0]
                  00002ef8    00000094                   : BIOS.obj (.text:ti_sysbios_family_arm_m3_Hwi_initNVIC__E)
                  00002f8c    00000004     --HOLE-- [fill = 0]
                  00002f90    00000094                   : BIOS.obj (.text:ti_sysbios_knl_Task_exit__E)
                  00003024    00000090     GPIO_MSP432.obj (.text:GPIO_setOutput)
                  000030b4    00000090     HVAC_IO.obj (.text:HVAC_Heartbeat)
                  00003144    00000004     --HOLE-- [fill = 0]
                  00003148    00000090     sysbios.aem4f : BIOS.obj (.text:ti_sysbios_knl_Task_Module_startup__E)
                  000031d8    0000008c     HVAC_IO.obj (.text:HVAC_ActualizarSalidas)
                  00003264    0000008c     sysbios.aem4f : m3_TaskSupport_asm.obj (.text:ti_sysbios_family_arm_m3_TaskSupport_buildTaskStack)
                  000032f0    0000008c                   : BIOS.obj (.text:xdc_runtime_Memory_alloc__E)
                  0000337c    00000086     rtsv7M4_T_le_v4SPD16_eabi.lib : fd_cmp_t2.asm.obj (.text:__aeabi_cdcmple)
                  00003402    00000086                                   : fd_cmp_t2.asm.obj (.text:__aeabi_cdrcmple)
                  00003488    00000086     sysbios.aem4f : BIOS.obj (.text:xdc_runtime_Core_constructObject__I)
                  0000350e    00000002     --HOLE-- [fill = 0]
                  00003510    00000084     ADC_MSP432.obj (.text:ADC_GetTemperature)
                  00003594    00000084     msp432p4xx_driverlib.lib : pcm.o (.text:PCM_gotoLPM3)
                  00003618    00000084     sysbios.aem4f : BIOS.obj (.text:ti_sysbios_family_arm_m3_Hwi_postInit__I)
                  0000369c    00000004     --HOLE-- [fill = 0]
                  000036a0    00000084                   : BIOS.obj (.text:ti_sysbios_heaps_HeapMem_free__E)
                  00003724    00000080     INT_MSP432.obj (.text:Int_enableInterrupt)
                  000037a4    00000004     --HOLE-- [fill = 0]
                  000037a8    00000080     sysbios.aem4f : BIOS.obj (.text:ti_sysbios_knl_Clock_workFunc__E)
                  00003828    0000007a     rtsv7M4_T_le_v4SPD16_eabi.lib : memset_t2.asm.obj (.text)
                  000038a2    00000006     --HOLE-- [fill = 0]
                  000038a8    00000070     sysbios.aem4f : BIOS.obj (.text:ti_sysbios_heaps_HeapMem_initPrimary__I)
                  00003918    0000006e     rtsv7M4_T_le_v4SPD16_eabi.lib : _printfi.c.obj (.text:_mcpy)
                  00003986    00000002     --HOLE-- [fill = 0]
                  00003988    0000006c     sysbios.aem4f : BIOS.obj (.text:ti_sysbios_knl_Swi_restoreHwi__E)
                  000039f4    00000068     GPIO_MSP432.obj (.text:GPIO_init_board)
                  00003a5c    00000068     HVAC_IO.obj (.text:HVAC_Cool)
                  00003ac4    00000068     UART_MSP432.obj (.text:UART_init)
                  00003b2c    00000068     rtsv7M4_T_le_v4SPD16_eabi.lib : copy_decompress_lzss.c.obj (.text:decompress:lzss:__TI_decompress_lzss)
                  00003b94    00000004     --HOLE-- [fill = 0]
                  00003b98    00000066     sysbios.aem4f : BIOS.obj (.text:xdc_runtime_Core_deleteObject__I)
                  00003bfe    00000002     --HOLE-- [fill = 0]
                  00003c00    00000064     rtsv7M4_T_le_v4SPD16_eabi.lib : s_frexp.c.obj (.text:frexp)
                  00003c64    00000064     Threads.obj (.text:main)
                  00003cc8    00000064     sysbios.aem4f : BIOS.obj (.text:pthread_exit)
                  00003d2c    00000004     --HOLE-- [fill = 0]
                  00003d30    00000064                   : BIOS.obj (.text:ti_sysbios_family_arm_m3_Hwi_dispatchC__I)
                  00003d94    00000004     --HOLE-- [fill = 0]
                  00003d98    00000060                   : BIOS.obj (.text:ti_sysbios_knl_Semaphore_post__E)
                  00003df8    00000060                   : BIOS.obj (.text:ti_sysbios_knl_Swi_run__I)
                  00003e58    00000060     release_pem4f.oem4f (.text:ti_sysbios_knl_Task_create)
                  00003eb8    0000005e     msp432p4xx_driverlib.lib : pcm.o (.text:PCM_getCoreVoltageLevel)
                  00003f16    00000002     --HOLE-- [fill = 0]
                  00003f18    0000005c     HVAC_IO.obj (.text:HVAC_Heat)
                  00003f74    0000005c     INT_MSP432.obj (.text:Int_registerInterrupt)
                  00003fd0    0000005c     sysbios.aem4f : BIOS.obj (.text:ti_sysbios_knl_Swi_schedule__I)
                  0000402c    00000004     --HOLE-- [fill = 0]
                  00004030    0000005c                   : BIOS.obj (.text:ti_sysbios_knl_Task_startCore__E)
                  0000408c    00000004     --HOLE-- [fill = 0]
                  00004090    0000005c                   : BIOS.obj (.text:xdc_runtime_Startup_exec__E)
                  000040ec    0000005a     msp432p4xx_driverlib.lib : pcm.o (.text:PCM_getPowerMode)
                  00004146    00000002     --HOLE-- [fill = 0]
                  00004148    00000058     UART_MSP432.obj (.text:UART_clck_source)
                  000041a0    00000058     UART_MSP432.obj (.text:UART_set_baud_rate)
                  000041f8    00000058     boot.aem4f : boot.oem4f (.text)
                  00004250    00000058     sysbios.aem4f : m3_Hwi_asm_switch.obj (.text:ti_sysbios_family_arm_m3_Hwi_initStacks__E)
                  000042a8    00000056     rtsv7M4_T_le_v4SPD16_eabi.lib : _printfi.c.obj (.text:_pconv_f)
                  000042fe    00000002     --HOLE-- [fill = 0]
                  00004300    00000054     msp432p4xx_driverlib.lib : pcm.o (.text:PCM_shutdownDevice)
                  00004354    00000054     rtsv7M4_T_le_v4SPD16_eabi.lib : _ltoa.c.obj (.text:__TI_ltoa)
                  000043a8    00000054     sysbios.aem4f : BIOS.obj (.text:ti_sysbios_family_arm_msp432_Timer_initDevice__I)
                  000043fc    00000052     rtsv7M4_T_le_v4SPD16_eabi.lib : _printfi.c.obj (.text:_ecpy)
                  0000444e    00000002     --HOLE-- [fill = 0]
                  00004450    00000050     sysbios.aem4f : BIOS.obj (.text:ti_sysbios_family_arm_m3_Hwi_Module_startup__E)
                  000044a0    0000004c     rtsv7M4_T_le_v4SPD16_eabi.lib : atoi.c.obj (.text:atoi)
                  000044ec    0000004c                                   : cpy_tbl.c.obj (.text:copy_in)
                  00004538    0000004c     sysbios.aem4f : BIOS.obj (.text:ti_sysbios_family_arm_msp432_Timer_postInit__I)
                  00004584    00000004     --HOLE-- [fill = 0]
                  00004588    0000004c                   : BIOS.obj (.text:ti_sysbios_family_arm_msp432_Timer_start__E)
                  000045d4    00000004     --HOLE-- [fill = 0]
                  000045d8    0000004c                   : BIOS.obj (.text:ti_sysbios_heaps_HeapMem_getStats__E)
                  00004624    00000004     --HOLE-- [fill = 0]
                  00004628    0000004c                   : BIOS.obj (.text:ti_sysbios_knl_Swi_runLoop__I)
                  00004674    00000004     --HOLE-- [fill = 0]
                  00004678    0000004c                   : BIOS.obj (.text:ti_sysbios_knl_Task_allBlockedFunction__I)
                  000046c4    00000004     --HOLE-- [fill = 0]
                  000046c8    0000004c                   : BIOS.obj (.text:ti_sysbios_knl_Task_schedule__I)
                  00004714    00000048     rtsv7M4_T_le_v4SPD16_eabi.lib : fd_toi_t2.asm.obj (.text)
                  0000475c    00000004     --HOLE-- [fill = 0]
                  00004760    00000048     sysbios.aem4f : BIOS.obj (.text:ti_sysbios_family_arm_m3_Hwi_enableInterrupt__E)
                  000047a8    00000048                   : BIOS.obj (.text:ti_sysbios_knl_Mailbox_Module_startup__E)
                  000047f0    00000048                   : BIOS.obj (.text:xdc_runtime_Core_assignParams__I)
                  00004838    00000044                   : BIOS.obj (.text:ti_sysbios_family_arm_m3_Hwi_getStackInfo__E)
                  0000487c    00000004     --HOLE-- [fill = 0]
                  00004880    00000044                   : BIOS.obj (.text:ti_sysbios_knl_Swi_post__E)
                  000048c4    00000040     ADC_MSP432.obj (.text:ADC_EnableTemperatureSensor)
                  00004904    00000040     rtsv7M4_T_le_v4SPD16_eabi.lib : sprintf.c.obj (.text:sprintf)
                  00004944    00000004     --HOLE-- [fill = 0]
                  00004948    00000040     sysbios.aem4f : BIOS.obj (.text:ti_sysbios_family_arm_msp432_Timer_Module_startup__E)
                  00004988    00000040                   : BIOS.obj (.text:ti_sysbios_family_arm_msp432_Timer_startup__E)
                  000049c8    00000040     release_pem4f.oem4f (.text:ti_sysbios_gates_GateHwi_Object__create__S)
                  00004a08    00000040     release_pem4f.oem4f (.text:ti_sysbios_gates_GateMutex_Object__create__S)
                  00004a48    00000040     sysbios.aem4f : BIOS.obj (.text:ti_sysbios_heaps_HeapMem_Instance_init__E)
                  00004a88    00000040     release_pem4f.oem4f (.text:ti_sysbios_heaps_HeapMem_Object__create__S)
                  00004ac8    0000003e     rtsv7M4_T_le_v4SPD16_eabi.lib : _printfi.c.obj (.text:_fcpy)
                  00004b06    00000002     --HOLE-- [fill = 0]
                  00004b08    0000003c     ADC_MSP432.obj (.text:ADC_Initialize)
                  00004b44    0000003c     GPIO_MSP432.obj (.text:GPIO_interruptEdgeSelect)
                  00004b80    0000003c     sysbios.aem4f : BIOS.obj (.text:ti_sysbios_family_arm_msp432_Seconds_Module_startup__E)
                  00004bbc    00000004     --HOLE-- [fill = 0]
                  00004bc0    0000003c                   : BIOS.obj (.text:ti_sysbios_knl_Swi_restore__E)
                  00004bfc    00000004     --HOLE-- [fill = 0]
                  00004c00    0000003c                   : BIOS.obj (.text:usleep)
                  00004c3c    00000038     HVAC_IO.obj (.text:INT_SWI)
                  00004c74    00000038     rtsv7M4_T_le_v4SPD16_eabi.lib : fs_tod_t2.asm.obj (.text)
                  00004cac    00000038     release_pem4f.oem4f (.text:ti_sysbios_knl_Clock_doTick__I)
                  00004ce4    00000004     --HOLE-- [fill = 0]
                  00004ce8    00000038     sysbios.aem4f : BIOS.obj (.text:xdc_runtime_System_atexit__E)
                  00004d20    00000034     HVAC_Thread.obj (.text:Delay_ms)
                  00004d54    00000034     UART_MSP432.obj (.text:UART_sendByte)
                  00004d88    00000034     UART_MSP432.obj (.text:UART_set_parity)
                  00004dbc    00000034     release_pem4f.oem4f (.text:ti_sysbios_knl_Semaphore_construct)
                  00004df0    00000032     sysbios.aem4f : BIOS.obj (.text:ti_sysbios_hal_Hwi_initStack)
                  00004e22    00000002     --HOLE-- [fill = 0]
                  00004e24    00000030     GPIO_MSP432.obj (.text:GPIO_getInputPinValue)
                  00004e54    00000030     UART_MSP432.obj (.text:UART_set_location_pin)
                  00004e84    00000030     release_pem4f.oem4f (.text:ti_sysbios_BIOS_atExitFunc__I)
                  00004eb4    00000030     release_pem4f.oem4f (.text:ti_sysbios_BIOS_rtsLock__I)
                  00004ee4    00000030     release_pem4f.oem4f (.text:ti_sysbios_BIOS_startFunc__I)
                  00004f14    00000030     release_pem4f.oem4f (.text:ti_sysbios_family_arm_m3_Hwi_Object__get__S)
                  00004f44    00000004     --HOLE-- [fill = 0]
                  00004f48    00000030     sysbios.aem4f : BIOS.obj (.text:ti_sysbios_family_arm_m3_TaskSupport_start__E)
                  00004f78    00000030                   : BIOS.obj (.text:ti_sysbios_gates_GateMutex_enter__E)
                  00004fa8    00000030     release_pem4f.oem4f (.text:ti_sysbios_heaps_HeapMem_Object__get__S)
                  00004fd8    00000030     sysbios.aem4f : BIOS.obj (.text:ti_sysbios_knl_Mailbox_postInit__I)
                  00005008    00000030     release_pem4f.oem4f (.text:ti_sysbios_knl_Queue_construct)
                  00005038    00000030     sysbios.aem4f : BIOS.obj (.text:ti_sysbios_knl_Semaphore_pendTimeout__I)
                  00005068    00000030     release_pem4f.oem4f (.text:ti_sysbios_knl_Swi_Object__get__S)
                  00005098    00000030     sysbios.aem4f : BIOS.obj (.text:ti_sysbios_knl_Task_processVitalTaskFlag__I)
                  000050c8    00000030                   : BIOS.obj (.text:ti_sysbios_knl_Task_restore__E)
                  000050f8    00000030                   : BIOS.obj (.text:ti_sysbios_knl_Task_unblockI__E)
                  00005128    00000030                   : BIOS.obj (.text:xdc_runtime_System_processAtExit__E)
                  00005158    0000002e                   : BIOS.obj (.text:pthread_setcancelstate)
                  00005186    0000002e     rtsv7M4_T_le_v4SPD16_eabi.lib : i_tofd_t2.asm.obj (.text)
                  000051b4    0000002c     HVAC_IO.obj (.text:HVAC_InicialiceADC)
                  000051e0    0000002c     msp432p4xx_driverlib.lib : rtc_c.o (.text:RTC_C_holdClock)
                  0000520c    00000004     --HOLE-- [fill = 0]
                  00005210    0000002c     sysbios.aem4f : BIOS.obj (.text:_pthread_cleanupFxn)
                  0000523c    00000004     --HOLE-- [fill = 0]
                  00005240    0000002c                   : BIOS.obj (.text:_pthread_delete$43)
                  0000526c    0000002c     release_pem4f.oem4f (.text:ti_sysbios_BIOS_rtsUnlock__I)
                  00005298    0000002c     release_pem4f.oem4f (.text:ti_sysbios_gates_GateHwi_Handle__label__S)
                  000052c4    0000002c     release_pem4f.oem4f (.text:ti_sysbios_gates_GateMutex_Handle__label__S)
                  000052f0    0000002c     release_pem4f.oem4f (.text:ti_sysbios_heaps_HeapMem_Handle__label__S)
                  0000531c    0000002c     release_pem4f.oem4f (.text:ti_sysbios_knl_Semaphore_Params__init__S)
                  00005348    0000002c     release_pem4f.oem4f (.text:ti_sysbios_knl_Task_Object__get__S)
                  00005374    0000002c     release_pem4f.oem4f (.text:ti_sysbios_knl_Task_Params__init__S)
                  000053a0    0000002a     HVAC_Thread.obj (.text:HVAC_Thread)
                  000053ca    00000002     --HOLE-- [fill = 0]
                  000053cc    00000028     msp432p4xx_driverlib.lib : pcm.o (.text:PCM_gotoLPM0)
                  000053f4    00000028     sysbios.aem4f : m3_Hwi_asm.obj (.text:ti_sysbios_family_arm_m3_Hwi_excHandlerAsm__I)
                  0000541c    00000028     release_pem4f.oem4f (.text:ti_sysbios_gates_GateMutex_Object__delete__S)
                  00005444    00000004     --HOLE-- [fill = 0]
                  00005448    00000028     sysbios.aem4f : BIOS.obj (.text:ti_sysbios_knl_Clock_addI__E)
                  00005470    00000028                   : BIOS.obj (.text:ti_sysbios_knl_Swi_Module_startup__E)
                  00005498    00000028     release_pem4f.oem4f (.text:ti_sysbios_knl_Task_Object__delete__S)
                  000054c0    00000026     sysbios.aem4f : m3_Hwi_asm.obj (.text:ti_sysbios_family_arm_m3_Hwi_pendSV__I)
                  000054e6    00000002     --HOLE-- [fill = 0]
                  000054e8    00000024     HVAC_IO.obj (.text:HVAC_SetPointDown)
                  0000550c    00000024     HVAC_IO.obj (.text:HVAC_SetPointUp)
                  00005530    00000024     TIMER32_MSP432.obj (.text:T32_Configure1)
                  00005554    00000024     UART_MSP432.obj (.text:UART_putsf)
                  00005578    00000024     msp432p4xx_driverlib.lib : wdt_a.o (.text:WDT_A_holdTimer)
                  0000559c    00000004     --HOLE-- [fill = 0]
                  000055a0    00000024     sysbios.aem4f : BIOS.obj (.text:pthread_attr_init)
                  000055c4    00000024     release_pem4f.oem4f (.text:ti_sysbios_BIOS_registerRTSLock__I)
                  000055e8    00000024     release_pem4f.oem4f (.text:ti_sysbios_gates_GateHwi_Object__delete__S)
                  0000560c    00000024     release_pem4f.oem4f (.text:ti_sysbios_heaps_HeapMem_Object__delete__S)
                  00005630    00000024     sysbios.aem4f : BIOS.obj (.text:ti_sysbios_knl_Clock_Module_startup__E)
                  00005654    00000004     --HOLE-- [fill = 0]
                  00005658    00000024                   : BIOS.obj (.text:ti_sysbios_knl_Semaphore_Instance_init__E)
                  0000567c    00000004     --HOLE-- [fill = 0]
                  00005680    00000024                   : BIOS.obj (.text:ti_sysbios_knl_Task_restoreHwi__E)
                  000056a4    00000004     --HOLE-- [fill = 0]
                  000056a8    00000024                   : BIOS.obj (.text:xdc_runtime_Error_policyMin__E)
                  000056cc    00000020     ADC_MSP432.obj (.text:ADC_ConfigurePinChannel)
                  000056ec    00000020     release_pem4f.oem4f (.text:ti_sysbios_BIOS_removeRTSLock__I)
                  0000570c    00000004     --HOLE-- [fill = 0]
                  00005710    00000020     sysbios.aem4f : BIOS.obj (.text:ti_sysbios_knl_Idle_run__E)
                  00005730    00000020     release_pem4f.oem4f (.text:ti_sysbios_knl_Mailbox_Object__get__S)
                  00005750    00000020     release_pem4f.oem4f (.text:ti_sysbios_knl_Semaphore_destruct)
                  00005770    00000020     release_pem4f.oem4f (.text:ti_sysbios_rts_ti_ReentSupport_getTlsAddr__I)
                  00005790    00000020     release_pem4f.oem4f (.text:xdc_runtime_IHeap_alloc)
                  000057b0    0000001e     sysbios.aem4f : m3_Hwi_asm_switch.obj (.text:ti_sysbios_family_xxx_Hwi_switchAndRunFunc)
                  000057ce    0000001e     release_pem4f.oem4f (.text:ti_sysbios_knl_Task_SupportProxy_start__E)
                  000057ec    0000001e     release_pem4f.oem4f (.text:xdc_runtime_Memory_HeapProxy_alloc__E)
                  0000580a    00000002     --HOLE-- [fill = 0]
                  0000580c    0000001c     ADC_MSP432.obj (.text:ADC_SetEndOfSequenceChannel)
                  00005828    0000001c     ADC_MSP432.obj (.text:ADC_result)
                  00005844    0000001c     HVAC_IO.obj (.text:System_InicialiceTIMER)
                  00005860    0000001c     rtsv7M4_T_le_v4SPD16_eabi.lib : memccpy.c.obj (.text:memccpy)
                  0000587c    0000001c     release_pem4f.oem4f (.text:ti_sysbios_family_arm_m3_Hwi_Module__startupDone__F)
                  00005898    0000001c     sysbios.aem4f : BIOS.obj (.text:ti_sysbios_family_arm_m3_Hwi_excHandler__I)
                  000058b4    0000001c     release_pem4f.oem4f (.text:ti_sysbios_family_arm_msp432_Timer_Module__startupDone__F)
                  000058d0    0000001c     sysbios.aem4f : BIOS.obj (.text:ti_sysbios_gates_GateMutex_Instance_init__E)
                  000058ec    0000001c     release_pem4f.oem4f (.text:ti_sysbios_knl_Queue_Object__get__S)
                  00005908    0000001c     release_pem4f.oem4f (.text:ti_sysbios_knl_Queue_destruct)
                  00005924    00000004     --HOLE-- [fill = 0]
                  00005928    0000001c     sysbios.aem4f : BIOS.obj (.text:ti_sysbios_knl_Queue_put__E)
                  00005944    00000004     --HOLE-- [fill = 0]
                  00005948    0000001c                   : BIOS.obj (.text:ti_sysbios_knl_Task_enter__I)
                  00005964    00000004     --HOLE-- [fill = 0]
                  00005968    0000001c                   : BIOS.obj (.text:ti_sysbios_rts_ti_ReentSupport_getReent__F)
                  00005984    00000004     --HOLE-- [fill = 0]
                  00005988    0000001c                   : BIOS.obj (.text:xdc_runtime_Memory_valloc__E)
                  000059a4    0000001c     release_pem4f.oem4f (.text:xdc_runtime_Startup_exec__I)
                  000059c0    0000001c     sysbios.aem4f : BIOS.obj (.text:xdc_runtime_System_abort__E)
                  000059dc    0000001a     rtsv7M4_T_le_v4SPD16_eabi.lib : s_copysign.c.obj (.text:copysign)
                  000059f6    0000001a     release_pem4f.oem4f (.text:xdc_runtime_IHeap_free)
                  00005a10    00000018     release_pem4f.oem4f (.text:.bootCodeSection:ti_sysbios_family_arm_msp432_init_Boot_init__I)
                  00005a28    00000018     ADC_MSP432.obj (.text:ADC_SetConvertionMode)
                  00005a40    00000018     ADC_MSP432.obj (.text:ADC_trigger)
                  00005a58    00000018     UART_MSP432.obj (.text:UART_B_char_IE)
                  00005a70    00000018     UART_MSP432.obj (.text:UART_E_char_IE)
                  00005a88    00000018     UART_MSP432.obj (.text:UART_data_bits)
                  00005aa0    00000018     UART_MSP432.obj (.text:UART_mode)
                  00005ab8    00000018     UART_MSP432.obj (.text:UART_set_oversampling)
                  00005ad0    00000018     UART_MSP432.obj (.text:UART_set_stop_bits)
                  00005ae8    00000018     UART_MSP432.obj (.text:UART_set_transmision_dir)
                  00005b00    00000018     rtsv7M4_T_le_v4SPD16_eabi.lib : args_main.c.obj (.text:_args_main)
                  00005b18    00000018                                   : sprintf.c.obj (.text:_outs)
                  00005b30    00000018     sysbios.aem4f : m3_TaskSupport_asm.obj (.text:ti_sysbios_family_arm_m3_TaskSupport_swap__E)
                  00005b48    00000018                   : BIOS.obj (.text:ti_sysbios_gates_GateMutex_leave__E)
                  00005b60    00000018                   : BIOS.obj (.text:ti_sysbios_knl_Task_sleepTimeout__I)
                  00005b78    00000018                   : BIOS.obj (.text:xdc_runtime_Error_init__E)
                  00005b90    00000018                   : BIOS.obj (.text:xdc_runtime_System_exit__E)
                  00005ba8    00000016     UART_MSP432.obj (.text:UART_den)
                  00005bbe    00000016     UART_MSP432.obj (.text:UART_en)
                  00005bd4    00000016     rtsv7M4_T_le_v4SPD16_eabi.lib : strchr.c.obj (.text:strchr)
                  00005bea    00000016     release_pem4f.oem4f (.text:ti_sysbios_BIOS_exitFunc__I)
                  00005c00    00000016     sysbios.aem4f : BIOS.obj (.text:ti_sysbios_knl_Task_unblock__E)
                  00005c16    00000002     --HOLE-- [fill = 0]
                  00005c18    00000014     msp432p4xx_driverlib.lib : pcm.o (.text:PCM_getPowerState)
                  00005c2c    00000014     TIMER32_MSP432.obj (.text:T32_SetLoadValue1)
                  00005c40    00000014     HVAC_Thread.obj (.text:Timer32_INT1)
                  00005c54    00000004     --HOLE-- [fill = 0]
                  00005c58    00000014     sysbios.aem4f : BIOS.obj (.text:pthread_attr_setschedparam)
                  00005c6c    00000014     rtsv7M4_T_le_v4SPD16_eabi.lib : strlen.c.obj (.text:strlen)
                  00005c80    00000014     sysbios.aem4f : BIOS.obj (.text:ti_sysbios_family_arm_m3_Hwi_switchFromBootStack__E)
                  00005c94    00000014     release_pem4f.oem4f (.text:ti_sysbios_hal_Hwi_HwiProxy_getStackInfo__E)
                  00005ca8    00000014     release_pem4f.oem4f (.text:ti_sysbios_knl_Clock_Module_State_clockQ)
                  00005cbc    00000014     release_pem4f.oem4f (.text:xdc_runtime_Memory_HeapProxy_free__E)
                  00005cd0    00000012     sysbios.aem4f : BIOS.obj (.text:_pthread_cleanup_pop)
                  00005ce2    00000006     --HOLE-- [fill = 0]
                  00005ce8    00000012                   : BIOS.obj (.text:_pthread_runStub$43)
                  00005cfa    00000006     --HOLE-- [fill = 0]
                  00005d00    00000012                   : BIOS.obj (.text:ti_sysbios_hal_Hwi_Module_startup__E)
                  00005d12    00000012     rtsv7M4_T_le_v4SPD16_eabi.lib : wcslen.c.obj (.text:wcslen)
                  00005d24    00000010     ADC_MSP432.obj (.text:ADC_is_busy)
                  00005d34    00000010     msp432p4xx_driverlib.lib : pcm.o (.text:PCM_gotoLPM4)
                  00005d44    00000010                              : pcm.o (.text:PCM_setPowerMode)
                  00005d54    00000010                              : pcm.o (.text:PCM_setPowerState)
                  00005d64    00000010     release_pem4f.oem4f (.text:ti_sysbios_BIOS_RtsGateProxy_leave__E)
                  00005d74    00000004     --HOLE-- [fill = 0]
                  00005d78    00000010     sysbios.aem4f : BIOS.obj (.text:ti_sysbios_BIOS_exit__E)
                  00005d88    00000010                   : BIOS.obj (.text:ti_sysbios_BIOS_setThreadType__E)
                  00005d98    00000010                   : BIOS.obj (.text:ti_sysbios_BIOS_start__E)
                  00005da8    00000010                   : m3_TaskSupport_asm.obj (.text:ti_sysbios_family_arm_m3_TaskSupport_glue)
                  00005db8    00000010                   : BIOS.obj (.text:ti_sysbios_family_arm_msp432_init_Boot_disableWatchdog)
                  00005dc8    00000010                   : BIOS.obj (.text:ti_sysbios_gates_GateMutex_Instance_finalize__E)
                  00005dd8    00000010     release_pem4f.oem4f (.text:ti_sysbios_heaps_HeapMem_Module_GateProxy_leave__E)
                  00005de8    00000010     sysbios.aem4f : BIOS.obj (.text:ti_sysbios_knl_Semaphore_Instance_finalize__E)
                  00005df8    00000010                   : BIOS.obj (.text:ti_sysbios_knl_Swi_disable__E)
                  00005e08    00000010     release_pem4f.oem4f (.text:ti_sysbios_knl_Task_SupportProxy_swap__E)
                  00005e18    00000010     sysbios.aem4f : BIOS.obj (.text:ti_sysbios_knl_Task_disable__E)
                  00005e28    00000010                   : BIOS.obj (.text:xdc_runtime_Gate_leaveSystem__E)
                  00005e38    00000010                   : BIOS.obj (.text:xdc_runtime_Memory_free__E)
                  00005e48    00000010                   : BIOS.obj (.text:xdc_runtime_SysCallback_abort__E)
                  00005e58    00000010                   : BIOS.obj (.text:xdc_runtime_SysCallback_exit__E)
                  00005e68    00000010     release_pem4f.oem4f (.text:xdc_runtime_System_Module_GateProxy_leave__E)
                  00005e78    0000000e     TIMER32_MSP432.obj (.text:T32_Init1)
                  00005e86    0000000e     rtsv7M4_T_le_v4SPD16_eabi.lib : copy_decompress_none.c.obj (.text:decompress:none:__TI_decompress_none)
                  00005e94    00000004     --HOLE-- [fill = 0]
                  00005e98    0000000e     sysbios.aem4f : BIOS.obj (.text:pthread_attr_setdetachstate)
                  00005ea6    00000002     --HOLE-- [fill = 0]
                  00005ea8    0000000e                   : BIOS.obj (.text:ti_sysbios_knl_Idle_loop__E)
                  00005eb6    00000002     --HOLE-- [fill = 0]
                  00005eb8    0000000e                   : BIOS.obj (.text:ti_sysbios_knl_Queue_empty__E)
                  00005ec6    00000002     --HOLE-- [fill = 0]
                  00005ec8    0000000c     TIMER32_MSP432.obj (.text:T32_ClearInterruptFlag1)
                  00005ed4    0000000c     TIMER32_MSP432.obj (.text:T32_EnableInterrupt1)
                  00005ee0    0000000c     TIMER32_MSP432.obj (.text:T32_EnableTimer1)
                  00005eec    0000000c     rtsv7M4_T_le_v4SPD16_eabi.lib : _lock.c.obj (.text:_register_lock)
                  00005ef8    0000000c                                   : _lock.c.obj (.text:_register_unlock)
                  00005f04    0000000c                                   : copy_zero_init.c.obj (.text:decompress:ZI:__TI_zero_init)
                  00005f10    0000000c     sysbios.aem4f : BIOS.obj (.text:pthread_self)
                  00005f1c    0000000c     release_pem4f.oem4f (.text:ti_sysbios_BIOS_RtsGateProxy_enter__E)
                  00005f28    0000000c     sysbios.aem4f : BIOS.obj (.text:ti_sysbios_family_arm_m3_TaskSupport_getStackAlignment__E)
                  00005f34    00000004     --HOLE-- [fill = 0]
                  00005f38    0000000c                   : BIOS.obj (.text:ti_sysbios_family_arm_msp432_Timer_getMaxTicks__E)
                  00005f44    00000004     --HOLE-- [fill = 0]
                  00005f48    0000000c                   : BIOS.obj (.text:ti_sysbios_gates_GateHwi_enter__E)
                  00005f54    0000000c     release_pem4f.oem4f (.text:ti_sysbios_heaps_HeapMem_Module_GateProxy_enter__E)
                  00005f60    0000000c     release_pem4f.oem4f (.text:ti_sysbios_heaps_HeapMem_Module_GateProxy_query__E)
                  00005f6c    0000000c     release_pem4f.oem4f (.text:ti_sysbios_knl_Clock_TimerProxy_getMaxTicks__E)
                  00005f78    0000000c     release_pem4f.oem4f (.text:ti_sysbios_knl_Task_delete)
                  00005f84    00000004     --HOLE-- [fill = 0]
                  00005f88    0000000c     sysbios.aem4f : BIOS.obj (.text:ti_sysbios_knl_Task_self__E)
                  00005f94    00000004     --HOLE-- [fill = 0]
                  00005f98    0000000c                   : BIOS.obj (.text:ti_sysbios_rts_ti_ReentSupport_taskRegHook__I)
                  00005fa4    00000004     --HOLE-- [fill = 0]
                  00005fa8    0000000c                   : BIOS.obj (.text:xdc_runtime_Gate_enterSystem__E)
                  00005fb4    00000004     --HOLE-- [fill = 0]
                  00005fb8    0000000c                   : BIOS.obj (.text:xdc_runtime_Startup_rtsDone__E)
                  00005fc4    0000000c     release_pem4f.oem4f (.text:xdc_runtime_System_Module_GateProxy_enter__E)
                  00005fd0    0000000c     release_pem4f.oem4f (.text:xdc_runtime_System_SupportProxy_abort__E)
                  00005fdc    0000000c     release_pem4f.oem4f (.text:xdc_runtime_System_SupportProxy_exit__E)
                  00005fe8    0000000a     rtsv7M4_T_le_v4SPD16_eabi.lib : sprintf.c.obj (.text:_outc)
                  00005ff2    00000008     HVAC_IO.obj (.text:HVAC_InicialiceUART)
                  00005ffa    00000006     --HOLE-- [fill = 0]
                  00006000    00000008     sysbios.aem4f : BIOS.obj (.text:pthread_attr_setstacksize)
                  00006008    00000008     release_pem4f.oem4f (.text:ti_sysbios_family_arm_m3_Hwi_Module__startupDone__S)
                  00006010    00000008     sysbios.aem4f : BIOS.obj (.text:ti_sysbios_family_arm_m3_Hwi_doSwiRestore__I)
                  00006018    00000008                   : BIOS.obj (.text:ti_sysbios_family_arm_m3_Hwi_startup__E)
                  00006020    00000008     release_pem4f.oem4f (.text:ti_sysbios_family_arm_msp432_Timer_Module__startupDone__S)
                  00006028    00000008     release_pem4f.oem4f (.text:ti_sysbios_hal_Hwi_HwiProxy_Module__startupDone__S)
                  00006030    00000008     release_pem4f.oem4f (.text:ti_sysbios_hal_Hwi_HwiProxy_startup__E)
                  00006038    00000008     release_pem4f.oem4f (.text:ti_sysbios_hal_Hwi_HwiProxy_switchFromBootStack__E)
                  00006040    00000008     release_pem4f.oem4f (.text:ti_sysbios_knl_Clock_TimerProxy_Module__startupDone__S)
                  00006048    00000008     release_pem4f.oem4f (.text:ti_sysbios_knl_Task_SupportProxy_Module__startupDone__S)
                  00006050    00000008     release_pem4f.oem4f (.text:ti_sysbios_knl_Task_SupportProxy_getStackAlignment__E)
                  00006058    00000008     release_pem4f.oem4f (.text:ti_sysbios_rts_ti_ReentSupport_getReent__E)
                  00006060    00000008     release_pem4f.oem4f (.text:xdc_runtime_Startup_reset__I)
                  00006068    00000006     sysbios.aem4f : BIOS.obj (.text:ti_sysbios_family_arm_m3_Hwi_doTaskRestore__I)
                  0000606e    00000002     --HOLE-- [fill = 0]
                  00006070    00000006                   : BIOS.obj (.text:ti_sysbios_gates_GateHwi_leave__E)
                  00006076    00000002     --HOLE-- [fill = 0]
                  00006078    00000006                   : BIOS.obj (.text:ti_sysbios_heaps_HeapMem_isBlocking__E)
                  0000607e    00000002     --HOLE-- [fill = 0]
                  00006080    00000006                   : BIOS.obj (.text:ti_sysbios_knl_Queue_Instance_init__E)
                  00006086    00000002     --HOLE-- [fill = 0]
                  00006088    00000006                   : BIOS.obj (.text:ti_sysbios_knl_Swi_startup__E)
                  0000608e    00000002     --HOLE-- [fill = 0]
                  00006090    00000006                   : BIOS.obj (.text:xdc_runtime_System_Module_startup__E)
                  00006096    00000002     --HOLE-- [fill = 0]
                  00006098    00000004                   : BIOS.obj (.text:__aeabi_errno_addr)
                  0000609c    00000004     --HOLE-- [fill = 0]
                  000060a0    00000004                   : BIOS.obj (.text:ti_sysbios_gates_GateHwi_query__E)
                  000060a4    00000004     --HOLE-- [fill = 0]
                  000060a8    00000004                   : BIOS.obj (.text:ti_sysbios_gates_GateMutex_query__E)
                  000060ac    00000004     --HOLE-- [fill = 0]
                  000060b0    00000004                   : BIOS.obj (.text:ti_sysbios_knl_Task_startup__E)
                  000060b4    00000004     --HOLE-- [fill = 0]
                  000060b8    00000002                   : BIOS.obj (.text:ti_sysbios_BIOS_linkedWithIncorrectBootLibrary__E)
                  000060ba    00000006     --HOLE-- [fill = 0]
                  000060c0    00000002                   : BIOS.obj (.text:ti_sysbios_gates_GateHwi_Instance_init__E)
                  000060c2    00000006     --HOLE-- [fill = 0]
                  000060c8    00000002                   : BIOS.obj (.text:ti_sysbios_knl_Clock_logTick__E)
                  000060ca    00000006     --HOLE-- [fill = 0]
                  000060d0    00000002                   : BIOS.obj (.text:xdc_runtime_SysCallback_defaultAbort)
                  000060d2    00000006     --HOLE-- [fill = 0]
                  000060d8    00000002                   : BIOS.obj (.text:xdc_runtime_SysCallback_defaultExit)
                  000060da    00000006     --HOLE-- [fill = 0]
                  000060e0    00000002                   : BIOS.obj (.text:xdc_runtime_System_abortSpin__E)
                  000060e2    00000006     --HOLE-- [fill = 0]
                  000060e8    00000002                   : BIOS.obj (.text:xdc_runtime_System_exitSpin__E)

.const     0    000060ec    0000051e     
                  000060ec    00000101     rtsv7M4_T_le_v4SPD16_eabi.lib : ctype.c.obj (.const:.string:_ctypes_)
                  000061ed    00000001     release_pem4f.oem4f (.const:xdc_runtime_Error_policy__C)
                  000061ee    00000002     release_pem4f.oem4f (.const:ti_sysbios_family_arm_msp432_init_Boot_bypassHFXT__C)
                  000061f0    00000048     release_pem4f.oem4f (.const:.string)
                  00006238    0000003c     release_pem4f.oem4f (.const:ti_sysbios_knl_Task_Object__PARAMS__C)
                  00006274    00000030     GPIO_MSP432.obj (.const:GPIO_PORT_TO_BASE)
                  000062a4    00000028     release_pem4f.oem4f (.const:ti_sysbios_heaps_HeapMem_Module__FXNS__C)
                  000062cc    00000024     release_pem4f.oem4f (.const:ti_sysbios_gates_GateHwi_Module__FXNS__C)
                  000062f0    00000024     release_pem4f.oem4f (.const:ti_sysbios_gates_GateMutex_Module__FXNS__C)
                  00006314    00000024     release_pem4f.oem4f (.const:ti_sysbios_heaps_HeapMem_Object__PARAMS__C)
                  00006338    00000024     release_pem4f.oem4f (.const:ti_sysbios_knl_Semaphore_Object__PARAMS__C)
                  0000635c    00000024     release_pem4f.oem4f (.const:xdc_runtime_Startup_sfxnTab__A)
                  00006380    00000020     release_pem4f.oem4f (.const:ti_sysbios_gates_GateHwi_Object__DESC__C)
                  000063a0    00000020     release_pem4f.oem4f (.const:ti_sysbios_gates_GateMutex_Object__DESC__C)
                  000063c0    00000020     release_pem4f.oem4f (.const:ti_sysbios_heaps_HeapMem_Object__DESC__C)
                  000063e0    00000020     release_pem4f.oem4f (.const:ti_sysbios_knl_Queue_Object__DESC__C)
                  00006400    00000020     release_pem4f.oem4f (.const:ti_sysbios_knl_Semaphore_Object__DESC__C)
                  00006420    00000020     release_pem4f.oem4f (.const:ti_sysbios_knl_Task_Object__DESC__C)
                  00006440    0000001e     HVAC_IO.obj (.const:.string)
                  0000645e    00000002     release_pem4f.oem4f (.const:ti_sysbios_family_arm_msp432_init_Boot_bypassLFXT__C)
                  00006460    00000018     release_pem4f.oem4f (.const:ti_sysbios_gates_GateHwi_Object__PARAMS__C)
                  00006478    00000018     release_pem4f.oem4f (.const:ti_sysbios_gates_GateMutex_Object__PARAMS__C)
                  00006490    00000018     release_pem4f.oem4f (.const:ti_sysbios_knl_Queue_Object__PARAMS__C)
                  000064a8    00000018     release_pem4f.oem4f (.const:ti_sysbios_knl_Task_hooks__A)
                  000064c0    00000012     release_pem4f.oem4f (.const:xdc_runtime_Startup_sfxnRts__A)
                  000064d2    00000002     release_pem4f.oem4f (.const:ti_sysbios_family_arm_msp432_init_Boot_enableHFXT__C)
                  000064d4    0000000c     UART_MSP432.obj (.const:BRFX)
                  000064e0    0000000c     UART_MSP432.obj (.const:BRS)
                  000064ec    0000000c     UART_MSP432.obj (.const:BRX)
                  000064f8    0000000c     release_pem4f.oem4f (.const:xdc_runtime_Startup_firstFxns__A)
                  00006504    00000008     INT_MSP432.obj (.const:g_pulEnRegs)
                  0000650c    00000008     release_pem4f.oem4f (.const:ti_sysbios_knl_Idle_funcList__A)
                  00006514    00000008     release_pem4f.oem4f (.const:ti_sysbios_knl_Idle_funcList__C)
                  0000651c    00000008     release_pem4f.oem4f (.const:ti_sysbios_knl_Task_hooks__C)
                  00006524    00000008     release_pem4f.oem4f (.const:xdc_runtime_Startup_firstFxns__C)
                  0000652c    00000008     release_pem4f.oem4f (.const:xdc_runtime_Startup_lastFxns__C)
                  00006534    00000004     release_pem4f.oem4f (.const:ti_sysbios_family_arm_m3_Hwi_NUM_INTERRUPTS__C)
                  00006538    00000004     release_pem4f.oem4f (.const:ti_sysbios_family_arm_m3_Hwi_Object__count__C)
                  0000653c    00000004     release_pem4f.oem4f (.const:ti_sysbios_family_arm_m3_Hwi_Object__table__C)
                  00006540    00000004     release_pem4f.oem4f (.const:ti_sysbios_family_arm_m3_Hwi_ccr__C)
                  00006544    00000004     release_pem4f.oem4f (.const:ti_sysbios_family_arm_m3_Hwi_excHandlerFunc__C)
                  00006548    00000004     release_pem4f.oem4f (.const:ti_sysbios_family_arm_m3_Hwi_nullIsrFunc__C)
                  0000654c    00000004     release_pem4f.oem4f (.const:ti_sysbios_family_arm_m3_Hwi_priGroup__C)
                  00006550    00000004     release_pem4f.oem4f (.const:ti_sysbios_family_arm_m3_TaskSupport_stackAlignment__C)
                  00006554    00000004     release_pem4f.oem4f (.const:ti_sysbios_family_arm_msp432_Timer_numTimerDevices__C)
                  00006558    00000004     release_pem4f.oem4f (.const:ti_sysbios_family_arm_msp432_Timer_startupNeeded__C)
                  0000655c    00000004     release_pem4f.oem4f (.const:ti_sysbios_gates_GateMutex_Instance_State_sem__O)
                  00006560    00000004     release_pem4f.oem4f (.const:ti_sysbios_heaps_HeapMem_E_memory__C)
                  00006564    00000004     release_pem4f.oem4f (.const:ti_sysbios_heaps_HeapMem_Module__gateObj__C)
                  00006568    00000004     release_pem4f.oem4f (.const:ti_sysbios_heaps_HeapMem_Object__count__C)
                  0000656c    00000004     release_pem4f.oem4f (.const:ti_sysbios_heaps_HeapMem_Object__table__C)
                  00006570    00000004     release_pem4f.oem4f (.const:ti_sysbios_heaps_HeapMem_primaryHeapBaseAddr__C)
                  00006574    00000004     release_pem4f.oem4f (.const:ti_sysbios_heaps_HeapMem_primaryHeapEndAddr__C)
                  00006578    00000004     release_pem4f.oem4f (.const:ti_sysbios_heaps_HeapMem_reqAlign__C)
                  0000657c    00000004     release_pem4f.oem4f (.const:ti_sysbios_knl_Clock_Module_State_clockQ__O)
                  00006580    00000004     release_pem4f.oem4f (.const:ti_sysbios_knl_Clock_tickPeriod__C)
                  00006584    00000004     release_pem4f.oem4f (.const:ti_sysbios_knl_Mailbox_Instance_State_freeQue__O)
                  00006588    00000004     release_pem4f.oem4f (.const:ti_sysbios_knl_Mailbox_Object__count__C)
                  0000658c    00000004     release_pem4f.oem4f (.const:ti_sysbios_knl_Mailbox_maxTypeAlign__C)
                  00006590    00000004     release_pem4f.oem4f (.const:ti_sysbios_knl_Semaphore_Instance_State_pendQ__O)
                  00006594    00000004     release_pem4f.oem4f (.const:ti_sysbios_knl_Swi_Object__count__C)
                  00006598    00000004     release_pem4f.oem4f (.const:ti_sysbios_knl_Swi_Object__table__C)
                  0000659c    00000004     release_pem4f.oem4f (.const:ti_sysbios_knl_Task_Module_State_inactiveQ__O)
                  000065a0    00000004     release_pem4f.oem4f (.const:ti_sysbios_knl_Task_Object__count__C)
                  000065a4    00000004     release_pem4f.oem4f (.const:ti_sysbios_knl_Task_Object__heap__C)
                  000065a8    00000004     release_pem4f.oem4f (.const:ti_sysbios_knl_Task_Object__table__C)
                  000065ac    00000004     release_pem4f.oem4f (.const:ti_sysbios_knl_Task_allBlockedFunc__C)
                  000065b0    00000004     release_pem4f.oem4f (.const:ti_sysbios_knl_Task_defaultStackHeap__C)
                  000065b4    00000004     release_pem4f.oem4f (.const:ti_sysbios_knl_Task_defaultStackSize__C)
                  000065b8    00000004     release_pem4f.oem4f (.const:ti_sysbios_knl_Task_numConstructedTasks__C)
                  000065bc    00000004     release_pem4f.oem4f (.const:xdc_runtime_Error_E_memory__C)
                  000065c0    00000004     release_pem4f.oem4f (.const:xdc_runtime_Error_policyFxn__C)
                  000065c4    00000004     release_pem4f.oem4f (.const:xdc_runtime_IGateProvider_Interface__BASE__C)
                  000065c8    00000004     release_pem4f.oem4f (.const:xdc_runtime_IHeap_Interface__BASE__C)
                  000065cc    00000004     release_pem4f.oem4f (.const:xdc_runtime_IModule_Interface__BASE__C)
                  000065d0    00000004     release_pem4f.oem4f (.const:xdc_runtime_Memory_defaultHeapInstance__C)
                  000065d4    00000004     release_pem4f.oem4f (.const:xdc_runtime_Startup_execImpl__C)
                  000065d8    00000004     release_pem4f.oem4f (.const:xdc_runtime_Startup_maxPasses__C)
                  000065dc    00000004     release_pem4f.oem4f (.const:xdc_runtime_Startup_sfxnRts__C)
                  000065e0    00000004     release_pem4f.oem4f (.const:xdc_runtime_Startup_sfxnTab__C)
                  000065e4    00000004     release_pem4f.oem4f (.const:xdc_runtime_Startup_startModsFxn__C)
                  000065e8    00000004     release_pem4f.oem4f (.const:xdc_runtime_SysCallback_abortFxn__C)
                  000065ec    00000004     release_pem4f.oem4f (.const:xdc_runtime_SysCallback_exitFxn__C)
                  000065f0    00000004     release_pem4f.oem4f (.const:xdc_runtime_System_Module__gateObj__C)
                  000065f4    00000004     release_pem4f.oem4f (.const:xdc_runtime_System_abortFxn__C)
                  000065f8    00000004     release_pem4f.oem4f (.const:xdc_runtime_System_exitFxn__C)
                  000065fc    00000004     release_pem4f.oem4f (.const:xdc_runtime_System_maxAtexitHandlers__C)
                  00006600    00000004     release_pem4f.oem4f (.const:xdc_runtime_Text_nameUnknown__C)
                  00006604    00000002     release_pem4f.oem4f (.const:ti_sysbios_family_arm_msp432_init_Boot_enableLFXT__C)
                  00006606    00000002     release_pem4f.oem4f (.const:ti_sysbios_heaps_HeapMem_Module__id__C)
                  00006608    00000002     release_pem4f.oem4f (.const:xdc_runtime_Memory_Module__id__C)

.cinit     0    00006610    000001f0     
                  00006610    000001bb     (.cinit..data.load) [load image, compression = lzss]
                  000067cb    00000001     --HOLE-- [fill = 0]
                  000067cc    0000000c     (__TI_handler_table)
                  000067d8    00000008     (.cinit..bss.load) [load image, compression = zero_init]
                  000067e0    00000008     (.cinit..vtable.load) [load image, compression = zero_init]
                  000067e8    00000018     (__TI_cinit_table)

.init_array 
*          0    00000000    00000000     UNINITIALIZED

.data      0    20000140    000004a4     UNINITIALIZED
                  20000140    00000088     sysbios.aem4f : BIOS.obj (.data:$O1$$)
                  200001c8    00000080     release_pem4f.oem4f (.data:ti_sysbios_knl_Swi_Module_State_0_readyQ__A)
                  20000248    00000080     release_pem4f.oem4f (.data:ti_sysbios_knl_Task_Module_State_0_readyQ__A)
                  200002c8    00000054     release_pem4f.oem4f (.data:ti_sysbios_gates_GateMutex_Object__table__V)
                  2000031c    0000004c     release_pem4f.oem4f (.data:ti_sysbios_knl_Task_Object__table__V)
                  20000368    00000044     release_pem4f.oem4f (.data:ti_sysbios_family_arm_msp432_Timer_Object__table__V)
                  200003ac    00000044     release_pem4f.oem4f (.data:ti_sysbios_knl_Task_Module__state__V)
                  200003f0    00000034     release_pem4f.oem4f (.data:ti_sysbios_family_arm_m3_Hwi_Module__state__V)
                  20000424    00000030     release_pem4f.oem4f (.data:ti_sysbios_knl_Swi_Object__table__V)
                  20000454    0000002c     release_pem4f.oem4f (.data:ti_sysbios_knl_Clock_Module__state__V)
                  20000480    00000024     release_pem4f.oem4f (.data:ti_sysbios_BIOS_Module__state__V)
                  200004a4    00000020     release_pem4f.oem4f (.data:ti_sysbios_family_arm_msp432_Timer_Module_State_0_device__A)
                  200004c4    00000020     release_pem4f.oem4f (.data:xdc_runtime_Error_IgnoreBlock)
                  200004e4    0000001c     release_pem4f.oem4f (.data:ti_sysbios_knl_Swi_Module__state__V)
                  20000500    00000018     release_pem4f.oem4f (.data:ti_sysbios_family_arm_m3_Hwi_Object__table__V)
                  20000518    00000018     release_pem4f.oem4f (.data:ti_sysbios_heaps_HeapMem_Object__table__V)
                  20000530    00000011     HVAC_IO.obj (.data)
                  20000541    00000001     HVAC_Thread.obj (.data)
                  20000542    00000002     release_pem4f.oem4f (.data:ti_sysbios_family_arm_m3_Hwi_Module_State_0_excActive__A)
                  20000544    00000010     HVAC_IO.obj (.data:SysSTR)
                  20000554    00000010     release_pem4f.oem4f (.data:ti_sysbios_family_arm_msp432_Timer_Module_State_0_handles__A)
                  20000564    0000000c     release_pem4f.oem4f (.data:ti_sysbios_family_arm_msp432_Timer_Module__state__V)
                  20000570    00000008     rtsv7M4_T_le_v4SPD16_eabi.lib : _lock.c.obj (.data:$O1$$)
                  20000578    00000008     release_pem4f.oem4f (.data:ti_sysbios_gates_GateHwi_Module__root__V)
                  20000580    00000008     release_pem4f.oem4f (.data:ti_sysbios_gates_GateMutex_Module__root__V)
                  20000588    00000008     release_pem4f.oem4f (.data:ti_sysbios_heaps_HeapMem_Module__root__V)
                  20000590    00000008     release_pem4f.oem4f (.data:ti_sysbios_knl_Queue_Module__root__V)
                  20000598    00000008     release_pem4f.oem4f (.data:ti_sysbios_knl_Semaphore_Module__root__V)
                  200005a0    00000008     release_pem4f.oem4f (.data:ti_sysbios_knl_Task_Module__root__V)
                  200005a8    00000008     release_pem4f.oem4f (.data:xdc_runtime_Startup_Module__state__V)
                  200005b0    00000008     release_pem4f.oem4f (.data:xdc_runtime_System_Module_State_0_atexitHandlers__A)
                  200005b8    00000008     release_pem4f.oem4f (.data:xdc_runtime_System_Module__state__V)
                  200005c0    00000005     HVAC_IO.obj (.data:ultimos_estados$1)
                  200005c5    00000003     --HOLE--
                  200005c8    00000004     rtsv7M4_T_le_v4SPD16_eabi.lib : stkdepth_vars.c.obj (.data)
                  200005cc    00000004     release_pem4f.oem4f (.data:ti_sysbios_family_arm_m3_Hwi_Module_State_0_excContext__A)
                  200005d0    00000004     release_pem4f.oem4f (.data:ti_sysbios_family_arm_m3_Hwi_Module_State_0_excStack__A)
                  200005d4    00000004     release_pem4f.oem4f (.data:ti_sysbios_gates_GateHwi_Object__table__V)
                  200005d8    00000004     release_pem4f.oem4f (.data:ti_sysbios_knl_Task_Module_State_0_idleTask__A)
                  200005dc    00000004     release_pem4f.oem4f (.data:ti_sysbios_rts_ti_ReentSupport_Module__state__V)
                  200005e0    00000004     release_pem4f.oem4f (.data:xdc_runtime_Memory_Module__state__V)

.bss       0    200005e8    0000038e     UNINITIALIZED
                  200005e8    00000200     release_pem4f.oem4f (.bss:taskStackSection)
                  200007e8    00000140     (.common:ti_sysbios_family_arm_m3_Hwi_dispatchTable)
                  20000928    00000040     (.common:state)
                  20000968    00000004     (.common:TemperaturaActual)
                  2000096c    00000004     (.common:delay)
                  20000970    00000004     (.common:ti_sysbios_knl_Task_Instance_State_0_hookEnv__A)
                  20000974    00000002     (.common:EstadoEntradas)

.vtable    0    20001000    000000e8     UNINITIALIZED
                  20001000    000000e8     INT_MSP432.obj (.vtable)

.priheap   0    200010e8    00004000     UNINITIALIZED
                  200010e8    00004000     --HOLE--

.stack     0    2000fc00    00000400     UNINITIALIZED
                  2000fc00    00000400     --HOLE--

.bootVecs 
*          0    00000000    00000008     DSECT
                  00000000    00000008     boot.aem4f : boot.oem4f (.bootVecs)

.resetVecs 
*          0    00000000    0000003c     
                  00000000    0000003c     release_pem4f.oem4f (.resetVecs)

.vecs      0    20000000    00000140     NOLOAD SECTION
                  20000000    00000140     release_pem4f.oem4f (.vecs)

xdc.meta   0    00000000    000000e7     COPY SECTION
                  00000000    000000e7     release_pem4f.oem4f (xdc.meta)

xdc.noload 
*          0    00000000    00000000     COPY SECTION

__llvm_prf_cnts 
*          0    20000000    00000000     UNINITIALIZED

.binit     0    00000000    00000000     

MODULE SUMMARY

       Module                       code    ro data   rw data
       ------                       ----    -------   -------
    .\
       HVAC_IO.obj                  1544    30        224    
       HVAC_Thread.obj              114     0         2      
       Threads.obj                  100     0         0      
    +--+----------------------------+-------+---------+---------+
       Total:                       1758    30        226    
                                                             
    .\Aux_files\
       system_msp432p401r.obj       202     0         0      
    +--+----------------------------+-------+---------+---------+
       Total:                       202     0         0      
                                                             
    .\Drivers\
       UART_MSP432.obj              680     36        0      
       INT_MSP432.obj               220     8         464    
       GPIO_MSP432.obj              608     48        0      
       ADC_MSP432.obj               408     0         0      
       TIMER32_MSP432.obj           106     0         0      
    +--+----------------------------+-------+---------+---------+
       Total:                       2022    92        464    
                                                             
    C:\Users\intel14\workspace_v10\HVAC_UN_HILO_ORG\Debug\configPkg\package\cfg\
       release_pem4f.oem4f          1966    991       4308   
    +--+----------------------------+-------+---------+---------+
       Total:                       1966    991       4308   
                                                             
    C:/ti/simplelink_msp432p4_sdk_3_40_01_02/source/ti/devices/msp432p4xx/driverlib/ccs/msp432p4xx_driverlib.lib
       pcm.o                        1770    0         0      
       rtc_c.o                      44      0         0      
       wdt_a.o                      36      0         0      
       cpu.o                        4       0         0      
    +--+----------------------------+-------+---------+---------+
       Total:                       1854    0         0      
                                                             
    C:\Users\intel14\workspace_v10\HVAC_UN_HILO_ORG\Aux_files\src\sysbios\sysbios.aem4f
       BIOS.obj                     8046    0         272    
       m3_Hwi_asm.obj               318     0         0      
       m3_TaskSupport_asm.obj       180     0         0      
       m3_Hwi_asm_switch.obj        118     0         0      
    +--+----------------------------+-------+---------+---------+
       Total:                       8662    0         272    
                                                             
    C:\ti\simplelink_msp432p4_sdk_3_40_01_02\kernel\tirtos\packages\ti\targets\arm\rtsarm\lib\auto_init.aem4f
       auto_init.oem4f              160     0         0      
    +--+----------------------------+-------+---------+---------+
       Total:                       160     0         0      
                                                             
    C:\ti\simplelink_msp432p4_sdk_3_40_01_02\kernel\tirtos\packages\ti\targets\arm\rtsarm\lib\boot.aem4f
       boot.oem4f                   88      0         0      
    +--+----------------------------+-------+---------+---------+
       Total:                       88      0         0      
                                                             
    C:\ti_v10_1\ccs\tools\compiler\ti-cgt-arm_20.2.1.LTS\lib\rtsv7M4_T_le_v4SPD16_eabi.lib
       _printfi.c.obj               4851    0         0      
       fd_add_t2.asm.obj            438     0         0      
       fd_div_t2.asm.obj            310     0         0      
       s_scalbn.c.obj               272     0         0      
       fd_cmp_t2.asm.obj            268     0         0      
       ctype.c.obj                  0       257       0      
       fd_mul_t2.asm.obj            252     0         0      
       memcpy_t2.asm.obj            156     0         0      
       ull_div_t2.asm.obj           150     0         0      
       memset_t2.asm.obj            122     0         0      
       copy_decompress_lzss.c.obj   104     0         0      
       s_frexp.c.obj                100     0         0      
       sprintf.c.obj                98      0         0      
       _ltoa.c.obj                  84      0         0      
       atoi.c.obj                   76      0         0      
       cpy_tbl.c.obj                76      0         0      
       fd_toi_t2.asm.obj            72      0         0      
       fs_tod_t2.asm.obj            56      0         0      
       i_tofd_t2.asm.obj            46      0         0      
       _lock.c.obj                  26      0         16     
       memccpy.c.obj                28      0         0      
       s_copysign.c.obj             26      0         0      
       args_main.c.obj              24      0         0      
       strchr.c.obj                 22      0         0      
       strlen.c.obj                 20      0         0      
       wcslen.c.obj                 18      0         0      
       copy_decompress_none.c.obj   14      0         0      
       copy_zero_init.c.obj         12      0         0      
       stkdepth_vars.c.obj          0       0         8      
       div0.asm.obj                 2       0         0      
    +--+----------------------------+-------+---------+---------+
       Total:                       7723    257       24     
                                                             
       Stack:                       0       0         2048   
       Linker Generated:            0       495       0      
    +--+----------------------------+-------+---------+---------+
       Grand Total:                 24435   1865      7342   


LINKER GENERATED COPY TABLES

__TI_cinit_table @ 000067e8 records: 3, size/record: 8, table size: 24
	.data: load addr=00006610, load size=000001bb bytes, run addr=20000140, run size=000004a4 bytes, compression=lzss
	.bss: load addr=000067d8, load size=00000008 bytes, run addr=200005e8, run size=0000038e bytes, compression=zero_init
	.vtable: load addr=000067e0, load size=00000008 bytes, run addr=20001000, run size=000000e8 bytes, compression=zero_init


LINKER GENERATED HANDLER TABLE

__TI_handler_table @ 000067cc records: 3, size/record: 4, table size: 12
	index: 0, handler: __TI_zero_init
	index: 1, handler: __TI_decompress_lzss
	index: 2, handler: __TI_decompress_none


GLOBAL SYMBOLS: SORTED ALPHABETICALLY BY Name 

address   name                                                            
-------   ----                                                            
000056cd  ADC_ConfigurePinChannel                                         
000048c5  ADC_EnableTemperatureSensor                                     
00003511  ADC_GetTemperature                                              
00004b09  ADC_Initialize                                                  
00005a29  ADC_SetConvertionMode                                           
0000580d  ADC_SetEndOfSequenceChannel                                     
00005d25  ADC_is_busy                                                     
00005829  ADC_result                                                      
00005a41  ADC_trigger                                                     
000064d4  BRFX                                                            
000064e0  BRS                                                             
000064ec  BRX                                                             
0000199b  CPU_wfi                                                         
00004d21  Delay_ms                                                        
20000974  EstadoEntradas                                                  
20000536  FAN_LED_State                                                   
00004e25  GPIO_getInputPinValue                                           
000039f5  GPIO_init_board                                                 
00004b45  GPIO_interruptEdgeSelect                                        
00002125  GPIO_setBitIO                                                   
00003025  GPIO_setOutput                                                  
00004000  HEAPSIZE                                                        
0000172d  HVAC_ActualizarEntradas                                         
000031d9  HVAC_ActualizarSalidas                                          
00003a5d  HVAC_Cool                                                       
000030b5  HVAC_Heartbeat                                                  
00003f19  HVAC_Heat                                                       
000051b5  HVAC_InicialiceADC                                              
00002c8d  HVAC_InicialiceIO                                               
00005ff3  HVAC_InicialiceUART                                             
00001311  HVAC_PrintState                                                 
000054e9  HVAC_SetPointDown                                               
0000550d  HVAC_SetPointUp                                                 
000053a1  HVAC_Thread                                                     
00004c3d  INT_SWI                                                         
00003725  Int_enableInterrupt                                             
00003f75  Int_registerInterrupt                                           
00003eb9  PCM_getCoreVoltageLevel                                         
000040ed  PCM_getPowerMode                                                
00005c19  PCM_getPowerState                                               
000053cd  PCM_gotoLPM0                                                    
00003595  PCM_gotoLPM3                                                    
00005d35  PCM_gotoLPM4                                                    
00005d45  PCM_setPowerMode                                                
00005d55  PCM_setPowerState                                               
00004301  PCM_shutdownDevice                                              
0000130f  Power_idleFunc                                                  
000051e1  RTC_C_holdClock                                                 
UNDEFED   SHT$$INIT_ARRAY$$Base                                           
UNDEFED   SHT$$INIT_ARRAY$$Limit                                          
20000530  SetPoint                                                        
20000544  SysSTR                                                          
000027b1  SystemInit                                                      
00005845  System_InicialiceTIMER                                          
00005ec9  T32_ClearInterruptFlag1                                         
00005531  T32_Configure1                                                  
00005ed5  T32_EnableInterrupt1                                            
00005ee1  T32_EnableTimer1                                                
00005e79  T32_Init1                                                       
00005c2d  T32_SetLoadValue1                                               
20000968  TemperaturaActual                                               
00005c41  Timer32_INT1                                                    
00005a59  UART_B_char_IE                                                  
00005a71  UART_E_char_IE                                                  
00004149  UART_clck_source                                                
00005a89  UART_data_bits                                                  
00005ba9  UART_den                                                        
00005bbf  UART_en                                                         
00003ac5  UART_init                                                       
00005aa1  UART_mode                                                       
00005555  UART_putsf                                                      
00004d55  UART_sendByte                                                   
000041a1  UART_set_baud_rate                                              
00004e55  UART_set_location_pin                                           
00005ab9  UART_set_oversampling                                           
00004d89  UART_set_parity                                                 
00005ad1  UART_set_stop_bits                                              
00005ae9  UART_set_transmision_dir                                        
4000480c  WDTCTL_SYM                                                      
00005579  WDT_A_holdTimer                                                 
00000000  __ASM__                                                         
00000068  __ISA__                                                         
0000007b  __PLAT__                                                        
20010000  __STACK_END                                                     
00000400  __STACK_SIZE                                                    
0000009e  __TARG__                                                        
000067e8  __TI_CINIT_Base                                                 
00006800  __TI_CINIT_Limit                                                
000067cc  __TI_Handler_Table_Base                                         
000067d8  __TI_Handler_Table_Limit                                        
00002bed  __TI_auto_init                                                  
00003b2d  __TI_decompress_lzss                                            
00005e87  __TI_decompress_none                                            
00004355  __TI_ltoa                                                       
ffffffff  __TI_pprof_out_hndl                                             
00000041  __TI_printfi                                                    
ffffffff  __TI_prof_data_size                                             
ffffffff  __TI_prof_data_start                                            
00006610  __TI_static_base__                                              
00005f05  __TI_zero_init                                                  
000000c4  __TRDR__                                                        
0000337d  __aeabi_cdcmpeq                                                 
0000337d  __aeabi_cdcmple                                                 
00003403  __aeabi_cdrcmple                                                
00004715  __aeabi_d2iz                                                    
00001163  __aeabi_dadd                                                    
00001865  __aeabi_ddiv                                                    
00002221  __aeabi_dmul                                                    
00001159  __aeabi_dsub                                                    
00006099  __aeabi_errno_addr                                              
00004c75  __aeabi_f2d                                                     
00005187  __aeabi_i2d                                                     
0000231d  __aeabi_idiv0                                                   
0000231d  __aeabi_ldiv0                                                   
00003829  __aeabi_memclr                                                  
00003829  __aeabi_memclr4                                                 
00003829  __aeabi_memclr8                                                 
00002d29  __aeabi_memcpy                                                  
00002d29  __aeabi_memcpy4                                                 
00002d29  __aeabi_memcpy8                                                 
0000382b  __aeabi_memset                                                  
0000382b  __aeabi_memset4                                                 
0000382b  __aeabi_memset8                                                 
00002dc5  __aeabi_uldivmod                                                
ffffffff  __binit__                                                       
ffffffff  __c_args__                                                      
200050e8  __primary_heap_end__                                            
200010e8  __primary_heap_start__                                          
2000fc00  __stack                                                         
20000000  __start___llvm_prf_cnts                                         
20000000  __stop___llvm_prf_cnts                                          
00005b01  _args_main                                                      
000041f9  _c_int00                                                        
000060ec  _ctypes_                                                        
20000570  _lock                                                           
0000199f  _nop                                                            
00005211  _pthread_cleanupFxn                                             
00005cd1  _pthread_cleanup_pop                                            
00002e61  _pthread_removeThreadKeys                                       
00005eed  _register_lock                                                  
00005ef9  _register_unlock                                                
20000574  _unlock                                                         
000044a1  atoi                                                            
ffffffff  binit                                                           
000044ed  copy_in                                                         
000059dd  copysign                                                        
000059dd  copysignl                                                       
2000096c  delay                                                           
20000535  event                                                           
00003c01  frexp                                                           
00003c01  frexpl                                                          
20001000  g_pfnRAMVectoring                                               
00001bf5  ldexp                                                           
00001bf5  ldexpl                                                          
00003c65  main                                                            
200005c8  main_func_sp                                                    
00005861  memccpy                                                         
00002d29  memcpy                                                          
00003831  memset                                                          
000055a1  pthread_attr_init                                               
00005e99  pthread_attr_setdetachstate                                     
00005c59  pthread_attr_setschedparam                                      
00006001  pthread_attr_setstacksize                                       
00002419  pthread_create                                                  
00003cc9  pthread_exit                                                    
00005f11  pthread_self                                                    
00005159  pthread_setcancelstate                                          
20000541  retraso                                                         
00001bf5  scalbn                                                          
00001bf5  scalbnl                                                         
00004905  sprintf                                                         
20000928  state                                                           
00005bd5  strchr                                                          
00005c6d  strlen                                                          
20000480  ti_sysbios_BIOS_Module__state__V                                
00005f1d  ti_sysbios_BIOS_RtsGateProxy_enter__E                           
00005d65  ti_sysbios_BIOS_RtsGateProxy_leave__E                           
00004e85  ti_sysbios_BIOS_atExitFunc__I                                   
00005beb  ti_sysbios_BIOS_exitFunc__I                                     
00005d79  ti_sysbios_BIOS_exit__E                                         
000060b9  ti_sysbios_BIOS_linkedWithIncorrectBootLibrary__E               
0000231f  ti_sysbios_BIOS_nullFunc__I                                     
000055c5  ti_sysbios_BIOS_registerRTSLock__I                              
000056ed  ti_sysbios_BIOS_removeRTSLock__I                                
00004eb5  ti_sysbios_BIOS_rtsLock__I                                      
0000526d  ti_sysbios_BIOS_rtsUnlock__I                                    
00005d89  ti_sysbios_BIOS_setThreadType__E                                
00004ee5  ti_sysbios_BIOS_startFunc__I                                    
00005d99  ti_sysbios_BIOS_start__E                                        
20000542  ti_sysbios_family_arm_m3_Hwi_Module_State_0_excActive__A        
200005cc  ti_sysbios_family_arm_m3_Hwi_Module_State_0_excContext__A       
200005d0  ti_sysbios_family_arm_m3_Hwi_Module_State_0_excStack__A         
0000587d  ti_sysbios_family_arm_m3_Hwi_Module__startupDone__F             
00006009  ti_sysbios_family_arm_m3_Hwi_Module__startupDone__S             
200003f0  ti_sysbios_family_arm_m3_Hwi_Module__state__V                   
00004451  ti_sysbios_family_arm_m3_Hwi_Module_startup__E                  
00006534  ti_sysbios_family_arm_m3_Hwi_NUM_INTERRUPTS__C                  
00006538  ti_sysbios_family_arm_m3_Hwi_Object__count__C                   
00004f15  ti_sysbios_family_arm_m3_Hwi_Object__get__S                     
0000653c  ti_sysbios_family_arm_m3_Hwi_Object__table__C                   
20000500  ti_sysbios_family_arm_m3_Hwi_Object__table__V                   
00006540  ti_sysbios_family_arm_m3_Hwi_ccr__C                             
00003d31  ti_sysbios_family_arm_m3_Hwi_dispatchC__I                       
200007e8  ti_sysbios_family_arm_m3_Hwi_dispatchTable                      
00002509  ti_sysbios_family_arm_m3_Hwi_dispatch__I                        
[...]
00005ae9  UART_set_transmision_dir                                        
00005b01  _args_main                                                      
00005b31  ti_sysbios_family_arm_m3_TaskSupport_swap__E                    
00005b3d  ti_sysbios_knl_Task_swapReturn                                  
00005b49  ti_sysbios_gates_GateMutex_leave__E                             
00005b61  ti_sysbios_knl_Task_sleepTimeout__I                             
00005b79  xdc_runtime_Error_init__E                                       
00005b91  xdc_runtime_System_exit__E                                      
00005ba9  UART_den                                                        
00005bbf  UART_en                                                         
00005bd5  strchr                                                          
00005beb  ti_sysbios_BIOS_exitFunc__I                                     
00005c01  ti_sysbios_knl_Task_unblock__E                                  
00005c19  PCM_getPowerState                                               
00005c2d  T32_SetLoadValue1                                               
00005c41  Timer32_INT1                                                    
00005c59  pthread_attr_setschedparam                                      
00005c6d  strlen                                                          
00005c81  ti_sysbios_family_arm_m3_Hwi_switchFromBootStack__E             
00005c95  ti_sysbios_hal_Hwi_HwiProxy_getStackInfo__E                     
00005c95  ti_sysbios_hal_Hwi_getStackInfo__E                              
00005cbd  xdc_runtime_Memory_HeapProxy_free__E                            
00005cd1  _pthread_cleanup_pop                                            
00005d01  ti_sysbios_hal_Hwi_Module_startup__E                            
00005d13  wcslen                                                          
00005d25  ADC_is_busy                                                     
00005d35  PCM_gotoLPM4                                                    
00005d45  PCM_setPowerMode                                                
00005d55  PCM_setPowerState                                               
00005d65  ti_sysbios_BIOS_RtsGateProxy_leave__E                           
00005d79  ti_sysbios_BIOS_exit__E                                         
00005d89  ti_sysbios_BIOS_setThreadType__E                                
00005d99  ti_sysbios_BIOS_start__E                                        
00005da9  ti_sysbios_family_arm_m3_TaskSupport_glue                       
00005db9  ti_sysbios_family_arm_msp432_init_Boot_disableWatchdog          
00005dc9  ti_sysbios_gates_GateMutex_Instance_finalize__E                 
00005dd9  ti_sysbios_heaps_HeapMem_Module_GateProxy_leave__E              
00005de9  ti_sysbios_knl_Semaphore_Instance_finalize__E                   
00005df9  ti_sysbios_knl_Swi_disable__E                                   
00005e09  ti_sysbios_knl_Task_SupportProxy_swap__E                        
00005e19  ti_sysbios_knl_Task_disable__E                                  
00005e29  xdc_runtime_Gate_leaveSystem__E                                 
00005e39  xdc_runtime_Memory_free__E                                      
00005e49  xdc_runtime_SysCallback_abort__E                                
00005e59  xdc_runtime_SysCallback_exit__E                                 
00005e69  xdc_runtime_System_Module_GateProxy_leave__E                    
00005e79  T32_Init1                                                       
00005e87  __TI_decompress_none                                            
00005e99  pthread_attr_setdetachstate                                     
00005ea9  ti_sysbios_knl_Idle_loop__E                                     
00005eb9  ti_sysbios_knl_Queue_empty__E                                   
00005ec9  T32_ClearInterruptFlag1                                         
00005ed5  T32_EnableInterrupt1                                            
00005ee1  T32_EnableTimer1                                                
00005eed  _register_lock                                                  
00005ef9  _register_unlock                                                
00005f05  __TI_zero_init                                                  
00005f11  pthread_self                                                    
00005f1d  ti_sysbios_BIOS_RtsGateProxy_enter__E                           
00005f29  ti_sysbios_family_arm_m3_TaskSupport_getStackAlignment__E       
00005f39  ti_sysbios_family_arm_msp432_Timer_getMaxTicks__E               
00005f49  ti_sysbios_gates_GateHwi_enter__E                               
00005f55  ti_sysbios_heaps_HeapMem_Module_GateProxy_enter__E              
00005f61  ti_sysbios_heaps_HeapMem_Module_GateProxy_query__E              
00005f6d  ti_sysbios_knl_Clock_TimerProxy_getMaxTicks__E                  
00005f79  ti_sysbios_knl_Task_delete                                      
00005f89  ti_sysbios_knl_Task_self__E                                     
00005f99  ti_sysbios_rts_ti_ReentSupport_taskRegHook__I                   
00005fa9  xdc_runtime_Gate_enterSystem__E                                 
00005fb9  xdc_runtime_Startup_rtsDone__E                                  
00005fc5  xdc_runtime_System_Module_GateProxy_enter__E                    
00005fd1  xdc_runtime_System_SupportProxy_abort__E                        
00005fdd  xdc_runtime_System_SupportProxy_exit__E                         
00005ff3  HVAC_InicialiceUART                                             
00006001  pthread_attr_setstacksize                                       
00006009  ti_sysbios_family_arm_m3_Hwi_Module__startupDone__S             
00006011  ti_sysbios_family_arm_m3_Hwi_doSwiRestore__I                    
00006019  ti_sysbios_family_arm_m3_Hwi_startup__E                         
00006021  ti_sysbios_family_arm_msp432_Timer_Module__startupDone__S       
00006029  ti_sysbios_hal_Hwi_HwiProxy_Module__startupDone__S              
00006031  ti_sysbios_hal_Hwi_HwiProxy_startup__E                          
00006031  ti_sysbios_hal_Hwi_startup__E                                   
00006039  ti_sysbios_hal_Hwi_HwiProxy_switchFromBootStack__E              
00006039  ti_sysbios_hal_Hwi_switchFromBootStack__E                       
00006041  ti_sysbios_knl_Clock_TimerProxy_Module__startupDone__S          
00006049  ti_sysbios_knl_Task_SupportProxy_Module__startupDone__S         
00006051  ti_sysbios_knl_Task_SupportProxy_getStackAlignment__E           
00006059  ti_sysbios_rts_ti_ReentSupport_getReent__E                      
00006061  xdc_runtime_Startup_reset__I                                    
00006069  ti_sysbios_family_arm_m3_Hwi_doTaskRestore__I                   
00006071  ti_sysbios_gates_GateHwi_leave__E                               
00006079  ti_sysbios_heaps_HeapMem_isBlocking__E                          
00006081  ti_sysbios_knl_Queue_Instance_init__E                           
00006089  ti_sysbios_knl_Swi_startup__E                                   
00006091  xdc_runtime_System_Module_startup__E                            
00006099  __aeabi_errno_addr                                              
000060a1  ti_sysbios_gates_GateHwi_query__E                               
000060a9  ti_sysbios_gates_GateMutex_query__E                             
000060b1  ti_sysbios_knl_Task_startup__E                                  
000060b9  ti_sysbios_BIOS_linkedWithIncorrectBootLibrary__E               
000060c1  ti_sysbios_gates_GateHwi_Instance_init__E                       
000060c9  ti_sysbios_knl_Clock_logTick__E                                 
000060d1  xdc_runtime_SysCallback_defaultAbort                            
000060d9  xdc_runtime_SysCallback_defaultExit                             
000060e1  xdc_runtime_System_abortSpin__E                                 
000060e9  xdc_runtime_System_exitSpin__E                                  
000060ec  _ctypes_                                                        
000061ed  xdc_runtime_Error_policy__C                                     
000061ee  ti_sysbios_family_arm_msp432_init_Boot_bypassHFXT__C            
00006238  ti_sysbios_knl_Task_Object__PARAMS__C                           
000062a4  ti_sysbios_heaps_HeapMem_Module__FXNS__C                        
000062cc  ti_sysbios_gates_GateHwi_Module__FXNS__C                        
000062f0  ti_sysbios_gates_GateMutex_Module__FXNS__C                      
00006314  ti_sysbios_heaps_HeapMem_Object__PARAMS__C                      
00006338  ti_sysbios_knl_Semaphore_Object__PARAMS__C                      
0000635c  xdc_runtime_Startup_sfxnTab__A                                  
00006380  ti_sysbios_gates_GateHwi_Object__DESC__C                        
000063a0  ti_sysbios_gates_GateMutex_Object__DESC__C                      
000063c0  ti_sysbios_heaps_HeapMem_Object__DESC__C                        
000063e0  ti_sysbios_knl_Queue_Object__DESC__C                            
00006400  ti_sysbios_knl_Semaphore_Object__DESC__C                        
00006420  ti_sysbios_knl_Task_Object__DESC__C                             
0000645e  ti_sysbios_family_arm_msp432_init_Boot_bypassLFXT__C            
00006460  ti_sysbios_gates_GateHwi_Object__PARAMS__C                      
00006478  ti_sysbios_gates_GateMutex_Object__PARAMS__C                    
00006490  ti_sysbios_knl_Queue_Object__PARAMS__C                          
000064a8  ti_sysbios_knl_Task_hooks__A                                    
000064c0  xdc_runtime_Startup_sfxnRts__A                                  
000064d2  ti_sysbios_family_arm_msp432_init_Boot_enableHFXT__C            
000064d4  BRFX                                                            
000064e0  BRS                                                             
000064ec  BRX                                                             
000064f8  xdc_runtime_Startup_firstFxns__A                                
0000650c  ti_sysbios_knl_Idle_funcList__A                                 
00006514  ti_sysbios_knl_Idle_funcList__C                                 
0000651c  ti_sysbios_knl_Task_hooks__C                                    
00006524  xdc_runtime_Startup_firstFxns__C                                
0000652c  xdc_runtime_Startup_lastFxns__C                                 
00006534  ti_sysbios_family_arm_m3_Hwi_NUM_INTERRUPTS__C                  
00006538  ti_sysbios_family_arm_m3_Hwi_Object__count__C                   
0000653c  ti_sysbios_family_arm_m3_Hwi_Object__table__C                   
00006540  ti_sysbios_family_arm_m3_Hwi_ccr__C                             
00006544  ti_sysbios_family_arm_m3_Hwi_excHandlerFunc__C                  
00006548  ti_sysbios_family_arm_m3_Hwi_nullIsrFunc__C                     
0000654c  ti_sysbios_family_arm_m3_Hwi_priGroup__C                        
00006550  ti_sysbios_family_arm_m3_TaskSupport_stackAlignment__C          
00006554  ti_sysbios_family_arm_msp432_Timer_numTimerDevices__C           
00006558  ti_sysbios_family_arm_msp432_Timer_startupNeeded__C             
0000655c  ti_sysbios_gates_GateMutex_Instance_State_sem__O                
00006560  ti_sysbios_heaps_HeapMem_E_memory__C                            
00006564  ti_sysbios_heaps_HeapMem_Module__gateObj__C                     
00006568  ti_sysbios_heaps_HeapMem_Object__count__C                       
0000656c  ti_sysbios_heaps_HeapMem_Object__table__C                       
00006570  ti_sysbios_heaps_HeapMem_primaryHeapBaseAddr__C                 
00006574  ti_sysbios_heaps_HeapMem_primaryHeapEndAddr__C                  
00006578  ti_sysbios_heaps_HeapMem_reqAlign__C                            
0000657c  ti_sysbios_knl_Clock_Module_State_clockQ__O                     
00006580  ti_sysbios_knl_Clock_tickPeriod__C                              
00006584  ti_sysbios_knl_Mailbox_Instance_State_freeQue__O                
00006588  ti_sysbios_knl_Mailbox_Object__count__C                         
0000658c  ti_sysbios_knl_Mailbox_maxTypeAlign__C                          
00006590  ti_sysbios_knl_Semaphore_Instance_State_pendQ__O                
00006594  ti_sysbios_knl_Swi_Object__count__C                             
00006598  ti_sysbios_knl_Swi_Object__table__C                             
0000659c  ti_sysbios_knl_Task_Module_State_inactiveQ__O                   
000065a0  ti_sysbios_knl_Task_Object__count__C                            
000065a4  ti_sysbios_knl_Task_Object__heap__C                             
000065a8  ti_sysbios_knl_Task_Object__table__C                            
000065ac  ti_sysbios_knl_Task_allBlockedFunc__C                           
000065b0  ti_sysbios_knl_Task_defaultStackHeap__C                         
000065b4  ti_sysbios_knl_Task_defaultStackSize__C                         
000065b8  ti_sysbios_knl_Task_numConstructedTasks__C                      
000065bc  xdc_runtime_Error_E_memory__C                                   
000065c0  xdc_runtime_Error_policyFxn__C                                  
000065c4  xdc_runtime_IGateProvider_Interface__BASE__C                    
000065c8  xdc_runtime_IHeap_Interface__BASE__C                            
000065cc  xdc_runtime_IModule_Interface__BASE__C                          
000065d0  xdc_runtime_Memory_defaultHeapInstance__C                       
000065d4  xdc_runtime_Startup_execImpl__C                                 
000065d8  xdc_runtime_Startup_maxPasses__C                                
000065dc  xdc_runtime_Startup_sfxnRts__C                                  
000065e0  xdc_runtime_Startup_sfxnTab__C                                  
000065e4  xdc_runtime_Startup_startModsFxn__C                             
000065e8  xdc_runtime_SysCallback_abortFxn__C                             
000065ec  xdc_runtime_SysCallback_exitFxn__C                              
000065f0  xdc_runtime_System_Module__gateObj__C                           
000065f4  xdc_runtime_System_abortFxn__C                                  
000065f8  xdc_runtime_System_exitFxn__C                                   
000065fc  xdc_runtime_System_maxAtexitHandlers__C                         
00006600  xdc_runtime_Text_nameUnknown__C                                 
00006604  ti_sysbios_family_arm_msp432_init_Boot_enableLFXT__C            
00006606  ti_sysbios_heaps_HeapMem_Module__id__C                          
00006608  xdc_runtime_Memory_Module__id__C                                
00006610  __TI_static_base__                                              
000067cc  __TI_Handler_Table_Base                                         
000067d8  __TI_Handler_Table_Limit                                        
000067e8  __TI_CINIT_Base                                                 
00006800  __TI_CINIT_Limit                                                
20000000  __start___llvm_prf_cnts                                         
20000000  __stop___llvm_prf_cnts                                          
20000000  ti_sysbios_family_arm_m3_Hwi_ramVectors                         
200001c8  ti_sysbios_knl_Swi_Module_State_0_readyQ__A                     
20000248  ti_sysbios_knl_Task_Module_State_0_readyQ__A                    
200002c8  ti_sysbios_gates_GateMutex_Object__table__V                     
2000031c  ti_sysbios_knl_Task_Object__table__V                            
20000368  ti_sysbios_family_arm_msp432_Timer_Object__table__V             
200003ac  ti_sysbios_knl_Task_Module__state__V                            
200003f0  ti_sysbios_family_arm_m3_Hwi_Module__state__V                   
20000424  ti_sysbios_knl_Swi_Object__table__V                             
20000454  ti_sysbios_knl_Clock_Module__state__V                           
20000480  ti_sysbios_BIOS_Module__state__V                                
200004a4  ti_sysbios_family_arm_msp432_Timer_Module_State_0_device__A     
200004c4  xdc_runtime_Error_IgnoreBlock                                   
200004e4  ti_sysbios_knl_Swi_Module__state__V                             
20000500  ti_sysbios_family_arm_m3_Hwi_Object__table__V                   
20000518  ti_sysbios_heaps_HeapMem_Object__table__V                       
20000530  SetPoint                                                        
20000534  toggle                                                          
20000535  event                                                           
20000536  FAN_LED_State                                                   
20000538  tiempo                                                          
20000541  retraso                                                         
20000542  ti_sysbios_family_arm_m3_Hwi_Module_State_0_excActive__A        
20000544  SysSTR                                                          
20000554  ti_sysbios_family_arm_msp432_Timer_Module_State_0_handles__A    
20000564  ti_sysbios_family_arm_msp432_Timer_Module__state__V             
20000570  _lock                                                           
20000574  _unlock                                                         
20000578  ti_sysbios_gates_GateHwi_Module__root__V                        
20000580  ti_sysbios_gates_GateMutex_Module__root__V                      
20000588  ti_sysbios_heaps_HeapMem_Module__root__V                        
20000590  ti_sysbios_knl_Queue_Module__root__V                            
20000598  ti_sysbios_knl_Semaphore_Module__root__V                        
200005a0  ti_sysbios_knl_Task_Module__root__V                             
200005a8  xdc_runtime_Startup_Module__state__V                            
200005b0  xdc_runtime_System_Module_State_0_atexitHandlers__A             
200005b8  xdc_runtime_System_Module__state__V                             
200005c8  main_func_sp                                                    
200005cc  ti_sysbios_family_arm_m3_Hwi_Module_State_0_excContext__A       
200005d0  ti_sysbios_family_arm_m3_Hwi_Module_State_0_excStack__A         
200005d4  ti_sysbios_gates_GateHwi_Object__table__V                       
200005d8  ti_sysbios_knl_Task_Module_State_0_idleTask__A                  
200005dc  ti_sysbios_rts_ti_ReentSupport_Module__state__V                 
200005e0  xdc_runtime_Memory_Module__state__V                             
200005e8  ti_sysbios_knl_Task_Instance_State_0_stack__A                   
200007e8  ti_sysbios_family_arm_m3_Hwi_dispatchTable                      
20000928  state                                                           
20000968  TemperaturaActual                                               
2000096c  delay                                                           
20000970  ti_sysbios_knl_Task_Instance_State_0_hookEnv__A                 
20000974  EstadoEntradas                                                  
20001000  g_pfnRAMVectoring                                               
200010e8  __primary_heap_start__                                          
200050e8  __primary_heap_end__                                            
2000fc00  __stack                                                         
20010000  __STACK_END                                                     
4000480c  WDTCTL_SYM                                                      
e000e000  ti_sysbios_family_arm_m3_Hwi_nvic                               
ffffffff  __TI_pprof_out_hndl                                             
ffffffff  __TI_prof_data_size                                             
ffffffff  __TI_prof_data_start                                            
ffffffff  __binit__                                                       
ffffffff  __c_args__                                                      
ffffffff  binit                                                           
UNDEFED   SHT$$INIT_ARRAY$$Base                                           
UNDEFED   SHT$$INIT_ARRAY$$Limit                                          

[498 symbols]
